+ source /root/mugen/libs/locallibs/common_lib.sh
++ python3 --version
++ '[' 0 -eq 0 ']'
++ source /root/mugen/libs/locallibs/common_lib_python.sh
+ main
++ type -t post_test
+ '[' -n function ']'
+ trap post_test EXIT INT HUP TERM
+ rpm -qa
+ grep expect
++ type -t config_params
+ '[' -n '' ']'
++ type -t pre_test
+ '[' -n '' ']'
++ type -t run_test
+ '[' -n function ']'
+ run_test
+ LOG_INFO 'Start to run test.'
+ message='Start to run test.'
+ python3 /root/mugen/libs/locallibs/mugen_log.py --level info --message 'Start to run test.'
Thu May 25 18:22:46 2023 - INFO  - Start to run test.
+ expect
spawn sqlite3 ./test.db
CREATE TABLE COMPANY(
          ID INT PRIMARY KEY     NOT NULL,
          NAME           TEXT    NOT NULL,
          AGE            INT     NOT NULL,
          ADDRESS        CHAR(50),
          SALARY         REAL
          );
SQLite version 3.37.2 2022-01-06 13:25:41
Enter ".help" for usage hints.
sqlite> CREATE TABLE COMPANY(
   ...>           ID INT PRIMARY KEY     NOT NULL,
   ...>           NAME           TEXT    NOT NULL,
   ...>           AGE            INT     NOT NULL,
   ...>           ADDRESS        CHAR(50),
   ...>           SALARY         REAL
   ...>           );
sqlite> .separator ","
sqlite> .import ../common/import.txt COMPANY
sqlite> .output ./output.txt
sqlite>  SELECT * FROM COMPANY LIMIT 6;
sqlite> .output ./output1.txt
sqlite>  SELECT * FROM COMPANY LIMIT 3 OFFSET 2;
sqlite> .quit
++ wc -l ./output.txt
++ grep -cE 6
+ CHECK_RESULT 1 1
+ actual_result=1
+ expect_result=1
+ mode=0
+ error_log=
+ exit_mode=0
+ '[' -z 1 ']'
+ '[' 0 -eq 0 ']'
+ test 1x '!=' 1x
+ return 0
++ wc -l ./output1.txt
++ grep -cE 3
+ CHECK_RESULT 1 1
+ actual_result=1
+ expect_result=1
+ mode=0
+ error_log=
+ exit_mode=0
+ '[' -z 1 ']'
+ '[' 0 -eq 0 ']'
+ test 1x '!=' 1x
+ return 0
++ awk NR==1 ./output1.txt
++ grep -cE 3
+ CHECK_RESULT 1 1
+ actual_result=1
+ expect_result=1
+ mode=0
+ error_log=
+ exit_mode=0
+ '[' -z 1 ']'
+ '[' 0 -eq 0 ']'
+ test 1x '!=' 1x
+ return 0
+ LOG_INFO 'End to run test.'
+ message='End to run test.'
+ python3 /root/mugen/libs/locallibs/mugen_log.py --level info --message 'End to run test.'
Thu May 25 18:22:48 2023 - INFO  - End to run test.
+ CASE_RESULT 0
+ case_re=0
+ test -z ''
+ test 0 -eq 0
+ LOG_INFO 'succeed to execute the case.'
+ message='succeed to execute the case.'
+ python3 /root/mugen/libs/locallibs/mugen_log.py --level info --message 'succeed to execute the case.'
Thu May 25 18:22:49 2023 - INFO  - succeed to execute the case.
+ exec_result=
+ exit 0
+ post_test
+ LOG_INFO 'Start to restore the test environment.'
+ message='Start to restore the test environment.'
+ python3 /root/mugen/libs/locallibs/mugen_log.py --level info --message 'Start to restore the test environment.'
Thu May 25 18:22:50 2023 - INFO  - Start to restore the test environment.
+ rm -rf ./test.db ./output1.txt ./output.txt
+ LOG_INFO 'End to restore the test environment.'
+ message='End to restore the test environment.'
+ python3 /root/mugen/libs/locallibs/mugen_log.py --level info --message 'End to restore the test environment.'
Thu May 25 18:22:51 2023 - INFO  - End to restore the test environment.
