+ source /root/mugen/testcases/cli-test/libguestfs/common/common_libguestfs.sh
++ source /root/mugen/libs/locallibs/common_lib.sh
+++ python3 --version
+++ '[' 0 -eq 0 ']'
+++ source /root/mugen/libs/locallibs/common_lib_python.sh
+ main
++ type -t post_test
+ '[' -n function ']'
+ trap post_test EXIT INT HUP TERM
+ rpm -qa
+ grep expect
++ type -t config_params
+ '[' -n '' ']'
++ type -t pre_test
+ '[' -n function ']'
+ pre_test
+ LOG_INFO 'Start environmental preparation.'
+ message='Start environmental preparation.'
+ python3 /root/mugen/libs/locallibs/mugen_log.py --level info --message 'Start environmental preparation.'
Thu Jun 29 14:36:06 2023 - INFO  - Start environmental preparation.
+ libguestfs_pre_test
+ libguestfs_pre_test_no_install
+ DNF_INSTALL 'libguestfs virt-manager qemu libvirt openssl-devel numactl numactl-devel libcap-ng-devel traceroute iperf3 python3-paramiko edk2-devel qemu-guest-agent virt-install.noarch'
+ pkgs='libguestfs virt-manager qemu libvirt openssl-devel numactl numactl-devel libcap-ng-devel traceroute iperf3 python3-paramiko edk2-devel qemu-guest-agent virt-install.noarch'
+ node=1
+ '[' -z '' ']'
+ tmpfile=
++ python3 /root/mugen/libs/locallibs/rpm_manage.py install --pkgs 'libguestfs virt-manager qemu libvirt openssl-devel numactl numactl-devel libcap-ng-devel traceroute iperf3 python3-paramiko edk2-devel qemu-guest-agent virt-install.noarch' --node 1 --tempfile ''
+ tmpfile2=/tmp/tmpf_xshbv3
+ '[' -z '' ']'
+ tmpfile=/tmp/tmpf_xshbv3
++ uname -i
+ test x86_64X == aarch64X
+ systemctl start libvirtd
+ mkdir -p /home/kvm/images
+ chown root:root /home/kvm/images
+ chmod 755 /home/kvm/images
++ arch
+ LOG_INFO 'get x86_64 qcow2 libguestfs pkg'
+ message='get x86_64 qcow2 libguestfs pkg'
+ python3 /root/mugen/libs/locallibs/mugen_log.py --level info --message 'get x86_64 qcow2 libguestfs pkg'
Thu Jun 29 14:37:09 2023 - INFO  - get x86_64 qcow2 libguestfs pkg
++ arch
+ '[' '!' -f ./common/openEuler-20.03-LTS-SP3-x86_64.qcow2 ']'
+ LOG_INFO 'qcow2 file already exists'
+ message='qcow2 file already exists'
+ python3 /root/mugen/libs/locallibs/mugen_log.py --level info --message 'qcow2 file already exists'
Thu Jun 29 14:37:09 2023 - INFO  - qcow2 file already exists
++ arch
+ cp ./common/openEuler-20.03-LTS-SP3-x86_64.qcow2 /home/kvm/images/openEuler-20.03-LTS-SP3.qcow2
+ virt-install --name openEuler-2003 --ram 2048 --vcpus=2 --disk path=/home/kvm/images/openEuler-20.03-LTS-SP3.qcow2,bus=virtio,format=qcow2 --network=bridge:virbr0 --force --import --autostart --noautoconsole --graphics none
WARNING  KVM acceleration not available, using 'qemu'
ERROR    
--os-variant/--osinfo OS name is required, but no value was
set or detected.

This is now a fatal error. Specifying an OS name is required
for modern, performant, and secure virtual machine defaults.

You can see a full list of possible OS name values with:

   virt-install --osinfo list

If your Linux distro is not listed, try one of generic values
such as: linux2020, linux2018, linux2016

If you just need to get the old behavior back, you can use:

  --osinfo detect=on,require=off

Or export VIRTINSTALL_OSINFO_DISABLE_REQUIRE=1

+ virsh destroy openEuler-2003
error: failed to get domain 'openEuler-2003'

+ export LIBGUESTFS_BACKEND=direct
+ LIBGUESTFS_BACKEND=direct
+ export LIBGUESTFS_DEBUG=1 LIBGUESTFS_TRACE=1
+ LIBGUESTFS_DEBUG=1
+ LIBGUESTFS_TRACE=1
+ LOG_INFO 'End of environmental preparation!'
+ message='End of environmental preparation!'
+ python3 /root/mugen/libs/locallibs/mugen_log.py --level info --message 'End of environmental preparation!'
Thu Jun 29 14:37:16 2023 - INFO  - End of environmental preparation!
++ type -t run_test
+ '[' -n function ']'
+ run_test
+ LOG_INFO 'Start to run test.'
+ message='Start to run test.'
+ python3 /root/mugen/libs/locallibs/mugen_log.py --level info --message 'Start to run test.'
Thu Jun 29 14:37:16 2023 - INFO  - Start to run test.
+ guestfish --key ID:key:KEY_STRING -a /home/kvm/images/openEuler-20.03-LTS-SP3.qcow2 -i cat /etc/group
libguestfs: trace: set_verbose true
libguestfs: trace: set_verbose = 0
libguestfs: trace: set_backend "direct"
libguestfs: trace: set_backend = 0
libguestfs: create: flags = 0, handle = 0x563652e66a40, program = guestfish
libguestfs: trace: add_drive "/home/kvm/images/openEuler-20.03-LTS-SP3.qcow2"
libguestfs: trace: add_drive = 0
libguestfs: trace: is_config
libguestfs: trace: is_config = 1
libguestfs: trace: launch
libguestfs: trace: max_disks
libguestfs: trace: max_disks = 255
libguestfs: trace: get_tmpdir
libguestfs: trace: get_tmpdir = "/tmp"
libguestfs: trace: version
libguestfs: trace: version = <struct guestfs_version = major: 1, minor: 49, release: 5, extra: libvirt, >
libguestfs: trace: get_backend
libguestfs: trace: get_backend = "direct"
libguestfs: launch: program=guestfish
libguestfs: launch: version=1.49.5libvirt
libguestfs: launch: backend registered: libvirt
libguestfs: launch: backend registered: direct
libguestfs: launch: backend=direct
libguestfs: launch: tmpdir=/tmp/libguestfsdNkNPo
libguestfs: launch: umask=0022
libguestfs: launch: euid=0
libguestfs: trace: get_cachedir
libguestfs: trace: get_cachedir = "/var/tmp"
libguestfs: begin building supermin appliance
libguestfs: run supermin
libguestfs: command: run: /usr/bin/supermin
libguestfs: command: run: \ --build
libguestfs: command: run: \ --verbose
libguestfs: command: run: \ --if-newer
libguestfs: command: run: \ --lock /var/tmp/.guestfs-0/lock
libguestfs: command: run: \ --copy-kernel
libguestfs: command: run: \ -f ext2
libguestfs: command: run: \ --host-cpu x86_64
libguestfs: command: run: \ /usr/lib64/guestfs/supermin.d
libguestfs: command: run: \ -o /var/tmp/.guestfs-0/appliance.d
supermin: version: 5.3.2
supermin: rpm: detected RPM version 4.18
supermin: rpm: detected RPM architecture x86_64
supermin: package handler: fedora/rpm
supermin: acquiring lock on /var/tmp/.guestfs-0/lock
supermin: build: /usr/lib64/guestfs/supermin.d
supermin: reading the supermin appliance
supermin: build: visiting /usr/lib64/guestfs/supermin.d/base.tar.gz type gzip base image (tar)
supermin: build: visiting /usr/lib64/guestfs/supermin.d/daemon.tar.gz type gzip base image (tar)
supermin: build: visiting /usr/lib64/guestfs/supermin.d/excludefiles type uncompressed excludefiles
supermin: build: visiting /usr/lib64/guestfs/supermin.d/hostfiles type uncompressed hostfiles
supermin: build: visiting /usr/lib64/guestfs/supermin.d/init.tar.gz type gzip base image (tar)
supermin: build: visiting /usr/lib64/guestfs/supermin.d/packages type uncompressed packages
supermin: build: visiting /usr/lib64/guestfs/supermin.d/udev-rules.tar.gz type gzip base image (tar)
supermin: mapping package names to installed packages
supermin: resolving full list of package dependencies
supermin: build: 298 packages, including dependencies
supermin: build: 34554 files
supermin: build: 14457 files, after matching excludefiles
supermin: build: 14472 files, after adding hostfiles
supermin: build: 14458 files, after removing unreadable files
supermin: build: 14523 files, after munging
supermin: kernel: looking for kernel using environment variables ...
supermin: kernel: looking for kernels in /lib/modules/*/vmlinuz ...
supermin: kernel: looking for kernels in /boot ...
supermin: kernel: kernel version of /boot/vmlinuz-6.1.19-7.0.0.17.oe2303.x86_64 = 6.1.19-7.0.0.17.oe2303.x86_64 (from content)
supermin: kernel: picked modules path /lib/modules/6.1.19-7.0.0.17.oe2303.x86_64
supermin: kernel: picked vmlinuz /boot/vmlinuz-6.1.19-7.0.0.17.oe2303.x86_64
supermin: kernel: kernel_version 6.1.19-7.0.0.17.oe2303.x86_64
supermin: kernel: modpath /lib/modules/6.1.19-7.0.0.17.oe2303.x86_64
supermin: ext2: creating empty ext2 filesystem '/var/tmp/.guestfs-0/appliance.d.av91jua9/root'
supermin: ext2: populating from base image
supermin: ext2: copying files from host filesystem
supermin: ext2: copying kernel modules
supermin: ext2: creating minimal initrd '/var/tmp/.guestfs-0/appliance.d.av91jua9/initrd'
supermin: ext2: wrote 34 modules to minimal initrd
supermin: renaming /var/tmp/.guestfs-0/appliance.d.av91jua9 to /var/tmp/.guestfs-0/appliance.d
libguestfs: finished building supermin appliance
libguestfs: begin testing qemu features
libguestfs: trace: get_cachedir
libguestfs: trace: get_cachedir = "/var/tmp"
libguestfs: checking for previously cached test results of /usr/bin/qemu-kvm, in /var/tmp/.guestfs-0
libguestfs: command: run: /usr/bin/qemu-kvm
libguestfs: command: run: \ -display none
libguestfs: command: run: \ -help
libguestfs: command: run: /usr/bin/qemu-kvm
libguestfs: command: run: \ -display none
libguestfs: command: run: \ -machine accel=kvm:tcg
libguestfs: command: run: \ -device ?
libguestfs: command: run: echo '{ "execute": "qmp_capabilities" }' '{ "execute": "query-qmp-schema" }' '{ "execute": "quit" }'  | QEMU_AUDIO_DRV=none "/usr/bin/qemu-kvm" -display none -machine "accel=kvm:tcg" -qmp stdio
libguestfs: command: run: echo '{ "execute": "qmp_capabilities" }' '{ "execute": "query-kvm" }' '{ "execute": "quit" }'  | QEMU_AUDIO_DRV=none "/usr/bin/qemu-kvm" -display none -machine "accel=kvm:tcg" -qmp stdio
libguestfs: saving test results
libguestfs: qemu version: 6.2
libguestfs: qemu mandatory locking: yes
libguestfs: qemu KVM: disabled
libguestfs: trace: get_backend_setting "force_tcg"
libguestfs: trace: get_backend_setting = NULL (error)
libguestfs: trace: get_backend_setting "force_kvm"
libguestfs: trace: get_backend_setting = NULL (error)
libguestfs: trace: get_sockdir
libguestfs: trace: get_sockdir = "/tmp"
libguestfs: finished testing qemu features
libguestfs: trace: get_backend_setting "gdb"
libguestfs: trace: get_backend_setting = NULL (error)
libguestfs: command: run: dmesg | grep -Eoh 'lpj=[[:digit:]]+'
libguestfs: read_lpj_from_dmesg: calculated lpj=2304004
/usr/bin/qemu-kvm \
    -global virtio-blk-pci.scsi=off \
    -no-user-config \
    -nodefaults \
    -display none \
    -machine accel=kvm:tcg,graphics=off \
    -cpu max,la57=off \
    -m 1280 \
    -no-reboot \
    -rtc driftfix=slew \
    -no-hpet \
    -global kvm-pit.lost_tick_policy=discard \
    -kernel /var/tmp/.guestfs-0/appliance.d/kernel \
    -initrd /var/tmp/.guestfs-0/appliance.d/initrd \
    -object rng-random,filename=/dev/urandom,id=rng0 \
    -device virtio-rng-pci,rng=rng0 \
    -device virtio-scsi-pci,id=scsi \
    -drive file=/home/kvm/images/openEuler-20.03-LTS-SP3.qcow2,cache=writeback,id=hd0,if=none \
    -device scsi-hd,drive=hd0 \
    -drive file=/var/tmp/.guestfs-0/appliance.d/root,snapshot=on,id=appliance,cache=unsafe,if=none,format=raw \
    -device scsi-hd,drive=appliance \
    -device virtio-serial-pci \
    -serial stdio \
    -chardev socket,path=/tmp/libguestfsXZ7aOi/guestfsd.sock,id=channel0 \
    -device virtserialport,chardev=channel0,name=org.libguestfs.channel.0 \
    -append "panic=1 console=ttyS0 edd=off udevtimeout=6000 udev.event-timeout=6000 no_timer_check lpj=2304004 printk.time=1 cgroup_disable=memory usbcore.nousb cryptomgr.notests tsc=reliable 8250.nr_uarts=1 root=UUID=126ef6a3-ebc3-4ce5-9488-9e1e22b79f05 selinux=0 guestfs_verbose=1 TERM=unknown"
Could not access KVM kernel module: No such file or directory
qemu-kvm: failed to initialize kvm: No such file or directory
qemu-kvm: falling back to tcg
configure accelerator pc-i440fx-6.2 start
machine init start
device init start
add qdev virtio-rng-pci:none success
add qdev virtio-rng-pci:none success
add qdev virtio-scsi-pci:scsi success
virtio scsi HBA scsi begin to initialize.
add qdev virtio-scsi-pci:scsi success
add qdev scsi-hd:none success
add qdev scsi-hd:none success
add qdev scsi-hd:none success
add qdev scsi-hd:none success
add qdev virtio-serial-pci:none success
add qdev virtio-serial-pci:none success
add qdev virtserialport:none success
virtio serial port 1 send control message event = 6, value = 1
virtio serial port 1 send control message event = 1, value = 1
add qdev virtserialport:none success
reset all devices
qmp cont is received and vm is started
qemu enter main_loop
\x1bc\x1b[?7l\x1b[2J\x1b[0mSeaBIOS (version rel-1.15.0-0-g2dd4b9b3f840-prebuilt.qemu.orgvirtio-scsi device status is 3 that means DRIVER
virtio-scsi device status is 11 that means DRIVER
virtio-scsi device status is 15 that means DRIVER OK
)
Booting from ROM...
\x1bc\x1b[?7l\x1b[2J[    0.000000][    T0] Linux version 6.1.19-7.0.0.17.oe2303.x86_64 (root@dc-64g.compass-ci) (gcc_old (GCC) 10.3.1, GNU ld (GNU Binutils) 2.37) #1 SMP PREEMPT_DYNAMIC Tue Mar 28 00:01:02 CST 2023
[    0.000000][    T0] Command line: panic=1 console=ttyS0 edd=off udevtimeout=6000 udev.event-timeout=6000 no_timer_check lpj=2304004 printk.time=1 cgroup_disable=memory usbcore.nousb cryptomgr.notests tsc=reliable 8250.nr_uarts=1 root=UUID=126ef6a3-ebc3-4ce5-9488-9e1e22b79f05 selinux=0 guestfs_verbose=1 TERM=unknown
[    0.000000][    T0] x86/fpu: Supporting XSAVE feature 0x001: 'x87 floating point registers'
[    0.000000][    T0] x86/fpu: Supporting XSAVE feature 0x002: 'SSE registers'
[    0.000000][    T0] x86/fpu: Supporting XSAVE feature 0x008: 'MPX bounds registers'
[    0.000000][    T0] x86/fpu: Supporting XSAVE feature 0x010: 'MPX CSR'
[    0.000000][    T0] x86/fpu: Supporting XSAVE feature 0x200: 'Protection Keys User registers'
[    0.000000][    T0] x86/fpu: xstate_offset[3]:  960, xstate_sizes[3]:   64
[    0.000000][    T0] x86/fpu: xstate_offset[4]: 1024, xstate_sizes[4]:   64
[    0.000000][    T0] x86/fpu: xstate_offset[9]: 2688, xstate_sizes[9]:    8
[    0.000000][    T0] x86/fpu: Enabled xstate features 0x21b, context size is 2696 bytes, using 'standard' format.
[    0.000000][    T0] signal: max sigframe size: 3632
[    0.000000][    T0] BIOS-provided physical RAM map:
[    0.000000][    T0] BIOS-e820: [mem 0x0000000000000000-0x000000000009fbff] usable
[    0.000000][    T0] BIOS-e820: [mem 0x000000000009fc00-0x000000000009ffff] reserved
[    0.000000][    T0] BIOS-e820: [mem 0x00000000000f0000-0x00000000000fffff] reserved
[    0.000000][    T0] BIOS-e820: [mem 0x0000000000100000-0x000000004ffdcfff] usable
[    0.000000][    T0] BIOS-e820: [mem 0x000000004ffdd000-0x000000004fffffff] reserved
[    0.000000][    T0] BIOS-e820: [mem 0x00000000fffc0000-0x00000000ffffffff] reserved
[    0.000000][    T0] NX (Execute Disable) protection: active
[    0.000000][    T0] SMBIOS 2.8 present.
[    0.000000][    T0] DMI: QEMU Standard PC (i440FX + PIIX, 1996), BIOS rel-1.15.0-0-g2dd4b9b3f840-prebuilt.qemu.org 04/01/2014
[    0.000000][    T0] tsc: Fast TSC calibration using PIT
[    0.000000][    T0] tsc: Detected 2303.999 MHz processor
[    0.008493][    T0] last_pfn = 0x4ffdd max_arch_pfn = 0x400000000
[    0.009716][    T0] x86/PAT: Configuration [0-7]: WB  WC  UC- UC  WB  WP  UC- WT  
[    0.023460][    T0] found SMP MP-table at [mem 0x000f5b90-0x000f5b9f]
[    0.025712][    T0] Using GB pages for direct mapping
[    0.030402][    T0] RAMDISK: [mem 0x4fac1000-0x4ffcffff]
[    0.031318][    T0] ACPI: Early table checksum verification disabled
[    0.031827][    T0] ACPI: RSDP 0x00000000000F59B0 000014 (v00 BOCHS )
[    0.032250][    T0] ACPI: RSDT 0x000000004FFE17EB 000030 (v01 BOCHS  BXPC     00000001 BXPC 00000001)
[    0.033019][    T0] ACPI: FACP 0x000000004FFE16D7 000074 (v01 BOCHS  BXPC     00000001 BXPC 00000001)
[    0.033967][    T0] ACPI: DSDT 0x000000004FFE0040 001697 (v01 BOCHS  BXPC     00000001 BXPC 00000001)
[    0.034080][    T0] ACPI: FACS 0x000000004FFE0000 000040
[    0.034182][    T0] ACPI: APIC 0x000000004FFE174B 000078 (v01 BOCHS  BXPC     00000001 BXPC 00000001)
[    0.034218][    T0] ACPI: WAET 0x000000004FFE17C3 000028 (v01 BOCHS  BXPC     00000001 BXPC 00000001)
[    0.034355][    T0] ACPI: Reserving FACP table memory at [mem 0x4ffe16d7-0x4ffe174a]
[    0.034392][    T0] ACPI: Reserving DSDT table memory at [mem 0x4ffe0040-0x4ffe16d6]
[    0.034401][    T0] ACPI: Reserving FACS table memory at [mem 0x4ffe0000-0x4ffe003f]
[    0.034408][    T0] ACPI: Reserving APIC table memory at [mem 0x4ffe174b-0x4ffe17c2]
[    0.034414][    T0] ACPI: Reserving WAET table memory at [mem 0x4ffe17c3-0x4ffe17ea]
[    0.037737][    T0] No NUMA configuration found
[    0.037772][    T0] Faking a node at [mem 0x0000000000000000-0x000000004ffdcfff]
[    0.038809][    T0] NODE_DATA(0) allocated [mem 0x4fa96000-0x4fac0fff]
[    0.044197][    T0] Zone ranges:
[    0.044229][    T0]   DMA      [mem 0x0000000000001000-0x0000000000ffffff]
[    0.044361][    T0]   DMA32    [mem 0x0000000001000000-0x000000004ffdcfff]
[    0.044387][    T0]   Normal   empty
[    0.044427][    T0]   Device   empty
[    0.044452][    T0] Movable zone start for each node
[    0.044499][    T0] Early memory node ranges
[    0.044539][    T0]   node   0: [mem 0x0000000000001000-0x000000000009efff]
[    0.044709][    T0]   node   0: [mem 0x0000000000100000-0x000000004ffdcfff]
[    0.045055][    T0] Initmem setup node 0 [mem 0x0000000000001000-0x000000004ffdcfff]
[    0.046513][    T0] On node 0, zone DMA: 1 pages in unavailable ranges
[    0.046854][    T0] On node 0, zone DMA: 97 pages in unavailable ranges
[    0.049940][    T0] On node 0, zone DMA32: 35 pages in unavailable ranges
[    0.050519][    T0] ACPI: PM-Timer IO Port: 0x608
[    0.051196][    T0] ACPI: LAPIC_NMI (acpi_id[0xff] dfl dfl lint[0x1])
[    0.051884][    T0] IOAPIC[0]: apic_id 0, version 32, address 0xfec00000, GSI 0-23
[    0.052048][    T0] ACPI: INT_SRC_OVR (bus 0 bus_irq 0 global_irq 2 dfl dfl)
[    0.052426][    T0] ACPI: INT_SRC_OVR (bus 0 bus_irq 5 global_irq 5 high level)
[    0.052466][    T0] ACPI: INT_SRC_OVR (bus 0 bus_irq 9 global_irq 9 high level)
[    0.052588][    T0] ACPI: INT_SRC_OVR (bus 0 bus_irq 10 global_irq 10 high level)
[    0.052600][    T0] ACPI: INT_SRC_OVR (bus 0 bus_irq 11 global_irq 11 high level)
[    0.052888][    T0] ACPI: Using ACPI (MADT) for SMP configuration information
[    0.053208][    T0] smpboot: Allowing 1 CPUs, 0 hotplug CPUs
[    0.054746][    T0] PM: hibernation: Registered nosave memory: [mem 0x00000000-0x00000fff]
[    0.054802][    T0] PM: hibernation: Registered nosave memory: [mem 0x0009f000-0x0009ffff]
[    0.054819][    T0] PM: hibernation: Registered nosave memory: [mem 0x000a0000-0x000effff]
[    0.054826][    T0] PM: hibernation: Registered nosave memory: [mem 0x000f0000-0x000fffff]
[    0.054974][    T0] [mem 0x50000000-0xfffbffff] available for PCI devices
[    0.055019][    T0] Booting paravirtualized kernel on bare hardware
[    0.055483][    T0] clocksource: refined-jiffies: mask: 0xffffffff max_cycles: 0xffffffff, max_idle_ns: 1910969940391419 ns
[    0.065471][    T0] setup_percpu: NR_CPUS:8192 nr_cpumask_bits:1 nr_cpu_ids:1 nr_node_ids:1
[    0.070759][    T0] percpu: Embedded 60 pages/cpu s208896 r8192 d28672 u2097152
[    0.073195][    T0] Fallback order for Node 0: 0 
[    0.073595][    T0] Built 1 zonelists, mobility grouping on.  Total pages: 322269
[    0.073616][    T0] Policy zone: DMA32
[    0.073890][    T0] Kernel command line: panic=1 console=ttyS0 edd=off udevtimeout=6000 udev.event-timeout=6000 no_timer_check lpj=2304004 printk.time=1 cgroup_disable=memory usbcore.nousb cryptomgr.notests tsc=reliable 8250.nr_uarts=1 root=UUID=126ef6a3-ebc3-4ce5-9488-9e1e22b79f05 selinux=0 guestfs_verbose=1 TERM=unknown
[    0.076455][    T0] cgroup: Disabling memory control group subsystem
[    0.077152][    T0] Unknown kernel command line parameters "edd=off udevtimeout=6000 guestfs_verbose=1", will be passed to user space.
[    0.081260][    T0] Dentry cache hash table entries: 262144 (order: 9, 2097152 bytes, linear)
[    0.083072][    T0] Inode-cache hash table entries: 131072 (order: 8, 1048576 bytes, linear)
[    0.086418][    T0] mem auto-init: stack:off, heap alloc:off, heap free:off
[    0.122169][    T0] Memory: 260860K/1310188K available (14343K kernel code, 5519K rwdata, 8004K rodata, 2712K init, 17664K bss, 85192K reserved, 0K cma-reserved)
[    0.131504][    T0] SLUB: HWalign=64, Order=0-3, MinObjects=0, CPUs=1, Nodes=1
[    0.133409][    T0] ftrace: allocating 45711 entries in 179 pages
[    0.182815][    T0] ftrace: allocated 179 pages with 5 groups
[    0.196784][    T0] Dynamic Preempt: none
[    0.202542][    T0] rcu: Preemptible hierarchical RCU implementation.
[    0.202585][    T0] rcu: \tRCU restricting CPUs from NR_CPUS=8192 to nr_cpu_ids=1.
[    0.202737][    T0] \tTrampoline variant of Tasks RCU enabled.
[    0.202748][    T0] \tRude variant of Tasks RCU enabled.
[    0.202757][    T0] \tTracing variant of Tasks RCU enabled.
[    0.202904][    T0] rcu: RCU calculated value of scheduler-enlistment delay is 100 jiffies.
[    0.202949][    T0] rcu: Adjusting geometry for rcu_fanout_leaf=16, nr_cpu_ids=1
[    0.234849][    T0] NR_IRQS: 524544, nr_irqs: 256, preallocated irqs: 16
[    0.243033][    T0] rcu: srcu_init: Setting srcu_struct sizes based on contention.
[    0.249703][    T0] Console: colour *CGA 80x25
[    0.323372][    T0] printk: console [ttyS0] enabled
[    0.326645][    T0] ACPI: Core revision 20220331
[    0.340777][    T0] APIC: Switch to symmetric I/O mode setup
[    0.347759][    T0] ..TIMER: vector=0x30 apic1=0 pin1=2 apic2=-1 pin2=-1
[    0.349541][    T0] clocksource: tsc-early: mask: 0xffffffffffffffff max_cycles: 0x2135f6faae8, max_idle_ns: 440795313647 ns
[    0.351348][    T0] Calibrating delay loop (skipped) preset value.. 4608.00 BogoMIPS (lpj=2304004)
[    0.352792][    T0] pid_max: default: 32768 minimum: 301
[    0.354752][    T0] LSM: Security Framework initializing
[    0.356336][    T0] Yama: becoming mindful.
[    0.360288][    T0] AppArmor: AppArmor initialized
[    0.364987][    T0] Mount-cache hash table entries: 4096 (order: 3, 32768 bytes, linear)
[    0.365650][    T0] Mountpoint-cache hash table entries: 4096 (order: 3, 32768 bytes, linear)
[    0.409773][    T0] process: using AMD E400 aware idle routine
[    0.415238][    T0] Last level iTLB entries: 4KB 512, 2MB 255, 4MB 127
[    0.415741][    T0] Last level dTLB entries: 4KB 512, 2MB 255, 4MB 127, 1GB 0
[    0.418060][    T0] Spectre V1 : Mitigation: usercopy/swapgs barriers and __user pointer sanitization
[    0.419122][    T0] Spectre V2 : Mitigation: Retpolines
[    0.419331][    T0] Spectre V2 : Spectre v2 / SpectreRSB mitigation: Filling RSB on context switch
[    0.419700][    T0] Spectre V2 : Spectre v2 / SpectreRSB : Filling RSB on VMEXIT
[    0.750833][    T0] Freeing SMP alternatives memory: 36K
[    0.875650][    T1] smpboot: CPU0: AMD QEMU TCG CPU version 2.5+ (family: 0xf, model: 0x6b, stepping: 0x1)
[    0.892060][    T1] cblist_init_generic: Setting adjustable number of callback queues.
[    0.892684][    T1] cblist_init_generic: Setting shift to 0 and lim to 1.
[    0.893488][    T1] cblist_init_generic: Setting shift to 0 and lim to 1.
[    0.894307][    T1] cblist_init_generic: Setting shift to 0 and lim to 1.
[    0.895067][    T1] Performance Events: PMU not available due to virtualization, using software events only.
[    0.896883][    T1] rcu: Hierarchical SRCU implementation.
[    0.897132][    T1] rcu: \tMax phase no-delay instances is 400.
[    0.908499][    T1] NMI watchdog: Perf NMI watchdog permanently disabled
[    0.914297][    T1] smp: Bringing up secondary CPUs ...
[    0.914605][    T1] smp: Brought up 1 node, 1 CPU
[    0.914739][    T1] smpboot: Max logical packages: 1
[    0.915078][    T1] smpboot: Total of 1 processors activated (4608.00 BogoMIPS)
[    0.950784][   T19] node 0 deferred pages initialised in 27ms
[    0.979122][    T1] devtmpfs: initialized
[    0.985961][    T1] x86/mm: Memory block size: 128MB
[    0.996664][    T1] clocksource: jiffies: mask: 0xffffffff max_cycles: 0xffffffff, max_idle_ns: 1911260446275000 ns
[    0.998030][    T1] futex hash table entries: 256 (order: 2, 16384 bytes, linear)
[    1.003360][    T1] pinctrl core: initialized pinctrl subsystem
[    1.025005][    T1] NET: Registered PF_NETLINK/PF_ROUTE protocol family
[    1.031712][    T1] DMA: preallocated 256 KiB GFP_KERNEL pool for atomic allocations
[    1.032487][    T1] DMA: preallocated 256 KiB GFP_KERNEL|GFP_DMA pool for atomic allocations
[    1.032727][    T1] DMA: preallocated 256 KiB GFP_KERNEL|GFP_DMA32 pool for atomic allocations
[    1.033972][    T1] audit: initializing netlink subsys (disabled)
[    1.043794][    T1] thermal_sys: Registered thermal governor 'fair_share'
[    1.043838][    T1] thermal_sys: Registered thermal governor 'bang_bang'
[    1.044120][    T1] thermal_sys: Registered thermal governor 'step_wise'
[    1.044382][    T1] thermal_sys: Registered thermal governor 'user_space'
[    1.047350][   T22] audit: type=2000 audit(1688049441.695:1): state=initialized audit_enabled=0 res=1
[    1.047987][    T1] cpuidle: using governor menu
[    1.050867][    T1] acpiphp: ACPI Hot Plug PCI Controller Driver version: 0.5
[    1.055426][    T1] PCI: Using configuration type 1 for base access
[    1.078111][    T1] kprobes: kprobe jump-optimization is enabled. All kprobes are optimized if possible.
[    1.160253][    T1] HugeTLB: registered 1.00 GiB page size, pre-allocated 0 pages
[    1.160693][    T1] HugeTLB: 16380 KiB vmemmap can be freed for a 1.00 GiB page
[    1.160987][    T1] HugeTLB: registered 2.00 MiB page size, pre-allocated 0 pages
[    1.161304][    T1] HugeTLB: 28 KiB vmemmap can be freed for a 2.00 MiB page
[    1.171670][    T1] cryptd: max_cpu_qlen set to 1000
[    1.180023][    T1] ACPI: Added _OSI(Module Device)
[    1.180692][    T1] ACPI: Added _OSI(Processor Device)
[    1.180884][    T1] ACPI: Added _OSI(3.0 _SCP Extensions)
[    1.181058][    T1] ACPI: Added _OSI(Processor Aggregator Device)
[    1.198401][    T1] ACPI: 1 ACPI AML tables successfully acquired and loaded
[    1.220510][    T1] ACPI: Interpreter enabled
[    1.222330][    T1] ACPI: PM: (supports S0 S3 S4 S5)
[    1.222555][    T1] ACPI: Using IOAPIC for interrupt routing
[    1.223316][    T1] PCI: Using host bridge windows from ACPI; if necessary, use "pci=nocrs" and report a bug
[    1.223699][    T1] PCI: Using E820 reservations for host bridge windows
[    1.226650][    T1] ACPI: Enabled 2 GPEs in block 00 to 0F
[    1.264042][    T1] ACPI: PCI Root Bridge [PCI0] (domain 0000 [bus 00-ff])
[    1.265310][    T1] acpi PNP0A03:00: _OSC: OS supports [ASPM ClockPM Segments MSI HPX-Type3]
[    1.265771][    T1] acpi PNP0A03:00: _OSC: not requesting OS control; OS requires [ExtendedConfig ASPM ClockPM MSI]
[    1.267631][    T1] acpi PNP0A03:00: fail to add MMCONFIG information, can't access extended PCI configuration space under this bridge.
[    1.276496][    T1] acpiphp: Slot [2] registered
[    1.276829][    T1] acpiphp: Slot [3] registered
[    1.277138][    T1] acpiphp: Slot [4] registered
[    1.277402][    T1] acpiphp: Slot [5] registered
[    1.277772][    T1] acpiphp: Slot [6] registered
[    1.278056][    T1] acpiphp: Slot [7] registered
[    1.278760][    T1] acpiphp: Slot [8] registered
[    1.278995][    T1] acpiphp: Slot [9] registered
[    1.279236][    T1] acpiphp: Slot [10] registered
[    1.279556][    T1] acpiphp: Slot [11] registered
[    1.279747][    T1] acpiphp: Slot [12] registered
[    1.280017][    T1] acpiphp: Slot [13] registered
[    1.280328][    T1] acpiphp: Slot [14] registered
[    1.280598][    T1] acpiphp: Slot [15] registered
[    1.280755][    T1] acpiphp: Slot [16] registered
[    1.280995][    T1] acpiphp: Slot [17] registered
[    1.281758][    T1] acpiphp: Slot [18] registered
[    1.282014][    T1] acpiphp: Slot [19] registered
[    1.282330][    T1] acpiphp: Slot [20] registered
[    1.282615][    T1] acpiphp: Slot [21] registered
[    1.282755][    T1] acpiphp: Slot [22] registered
[    1.283757][    T1] acpiphp: Slot [23] registered
[    1.283993][    T1] acpiphp: Slot [24] registered
[    1.284283][    T1] acpiphp: Slot [25] registered
[    1.284530][    T1] acpiphp: Slot [26] registered
[    1.284775][    T1] acpiphp: Slot [27] registered
[    1.285760][    T1] acpiphp: Slot [28] registered
[    1.285996][    T1] acpiphp: Slot [29] registered
[    1.286278][    T1] acpiphp: Slot [30] registered
[    1.286540][    T1] acpiphp: Slot [31] registered
[    1.287021][    T1] PCI host bridge to bus 0000:00
[    1.287949][    T1] pci_bus 0000:00: root bus resource [io  0x0000-0x0cf7 window]
[    1.288529][    T1] pci_bus 0000:00: root bus resource [io  0x0d00-0xffff window]
[    1.288670][    T1] pci_bus 0000:00: root bus resource [mem 0x000a0000-0x000bffff window]
[    1.289670][    T1] pci_bus 0000:00: root bus resource [mem 0x50000000-0xfebfffff window]
[    1.289924][    T1] pci_bus 0000:00: root bus resource [mem 0x100000000-0x17fffffff window]
[    1.290459][    T1] pci_bus 0000:00: root bus resource [bus 00-ff]
[    1.292481][    T1] pci 0000:00:00.0: [8086:1237] type 00 class 0x060000
[    1.303492][    T1] pci 0000:00:01.0: [8086:7000] type 00 class 0x060100
[    1.304470][    T1] pci 0000:00:01.1: [8086:7010] type 00 class 0x010180
[    1.305998][    T1] pci 0000:00:01.1: reg 0x20: [io  0xc0a0-0xc0af]
[    1.306650][    T1] pci 0000:00:01.1: legacy IDE quirk: reg 0x10: [io  0x01f0-0x01f7]
[    1.307047][    T1] pci 0000:00:01.1: legacy IDE quirk: reg 0x14: [io  0x03f6]
[    1.307316][    T1] pci 0000:00:01.1: legacy IDE quirk: reg 0x18: [io  0x0170-0x0177]
[    1.307590][    T1] pci 0000:00:01.1: legacy IDE quirk: reg 0x1c: [io  0x0376]
[    1.307650][    T1] pci 0000:00:01.3: [8086:7113] type 00 class 0x068000
[    1.308456][    T1] pci 0000:00:01.3: quirk: [io  0x0600-0x063f] claimed by PIIX4 ACPI
[    1.308729][    T1] pci 0000:00:01.3: quirk: [io  0x0700-0x070f] claimed by PIIX4 SMB
[    1.310117][    T1] pci 0000:00:02.0: [1af4:1005] type 00 class 0x00ff00
[    1.310650][    T1] pci 0000:00:02.0: reg 0x10: [io  0xc080-0xc09f]
[    1.312496][    T1] pci 0000:00:02.0: reg 0x20: [mem 0xfebf0000-0xfebf3fff 64bit pref]
[    1.315469][    T1] pci 0000:00:03.0: [1af4:1004] type 00 class 0x010000
[    1.316212][    T1] pci 0000:00:03.0: reg 0x10: [io  0xc000-0xc03f]
[    1.317312][    T1] pci 0000:00:03.0: reg 0x14: [mem 0xfebfe000-0xfebfefff]
[    1.319650][    T1] pci 0000:00:03.0: reg 0x20: [mem 0xfebf4000-0xfebf7fff 64bit pref]
[    1.323598][    T1] pci 0000:00:04.0: [1af4:1003] type 00 class 0x078000
[    1.324650][    T1] pci 0000:00:04.0: reg 0x10: [io  0xc040-0xc07f]
[    1.325199][    T1] pci 0000:00:04.0: reg 0x14: [mem 0xfebff000-0xfebfffff]
[    1.326650][    T1] pci 0000:00:04.0: reg 0x20: [mem 0xfebf8000-0xfebfbfff 64bit pref]
[    1.335415][    T1] ACPI: PCI: Interrupt link LNKA configured for IRQ 10
[    1.336749][    T1] ACPI: PCI: Interrupt link LNKB configured for IRQ 10
[    1.337746][    T1] ACPI: PCI: Interrupt link LNKC configured for IRQ 11
[    1.338684][    T1] ACPI: PCI: Interrupt link LNKD configured for IRQ 11
[    1.339103][    T1] ACPI: PCI: Interrupt link LNKS configured for IRQ 9
[    1.342558][    T1] iommu: Default domain type: Passthrough 
[    1.345174][    T1] SCSI subsystem initialized
[    1.346388][    T1] usbcore: USB support disabled
[    1.347663][    T1] pps_core: LinuxPPS API ver. 1 registered
[    1.347900][    T1] pps_core: Software ver. 5.3.6 - Copyright 2005-2007 Rodolfo Giometti <giometti@linux.it>
[    1.348749][    T1] PTP clock support registered
[    1.349650][    T1] EDAC MC: Ver: 3.0.0
[    1.362308][    T1] NetLabel: Initializing
[    1.362542][    T1] NetLabel:  domain hash size = 128
[    1.362675][    T1] NetLabel:  protocols = UNLABELED CIPSOv4 CALIPSO
[    1.364263][    T1] NetLabel:  unlabeled traffic allowed by default
[    1.364703][    T1] PCI: Using ACPI for IRQ routing
[    1.371141][    T1] vgaarb: loaded
[    1.376221][    T1] clocksource: Switched to clocksource tsc-early
[    1.383343][    T1] VFS: Disk quotas dquot_6.6.0
[    1.383876][    T1] VFS: Dquot-cache hash table entries: 512 (order 0, 4096 bytes)
[    1.390618][    T1] AppArmor: AppArmor Filesystem Enabled
[    1.391988][    T1] pnp: PnP ACPI init
[    1.397218][    T1] pnp: PnP ACPI: found 5 devices
[    1.516080][    T1] clocksource: acpi_pm: mask: 0xffffff max_cycles: 0xffffff, max_idle_ns: 2085701024 ns
[    1.518135][    T1] NET: Registered PF_INET protocol family
[    1.520491][    T1] IP idents hash table entries: 32768 (order: 6, 262144 bytes, linear)
[    1.530346][    T1] tcp_listen_portaddr_hash hash table entries: 1024 (order: 2, 16384 bytes, linear)
[    1.530956][    T1] Table-perturb hash table entries: 65536 (order: 6, 262144 bytes, linear)
[    1.531289][    T1] TCP established hash table entries: 16384 (order: 5, 131072 bytes, linear)
[    1.532493][    T1] TCP bind hash table entries: 16384 (order: 7, 524288 bytes, linear)
[    1.533269][    T1] TCP: Hash tables configured (established 16384 bind 16384)
[    1.535215][    T1] UDP hash table entries: 1024 (order: 3, 32768 bytes, linear)
[    1.535876][    T1] UDP-Lite hash table entries: 1024 (order: 3, 32768 bytes, linear)
[    1.538159][    T1] NET: Registered PF_UNIX/PF_LOCAL protocol family
[    1.539004][    T1] NET: Registered PF_XDP protocol family
[    1.540296][    T1] pci_bus 0000:00: resource 4 [io  0x0000-0x0cf7 window]
[    1.540716][    T1] pci_bus 0000:00: resource 5 [io  0x0d00-0xffff window]
[    1.541055][    T1] pci_bus 0000:00: resource 6 [mem 0x000a0000-0x000bffff window]
[    1.541295][    T1] pci_bus 0000:00: resource 7 [mem 0x50000000-0xfebfffff window]
[    1.542219][    T1] pci_bus 0000:00: resource 8 [mem 0x100000000-0x17fffffff window]
[    1.543266][    T1] pci 0000:00:01.0: PIIX3: Enabling Passive Release
[    1.543669][    T1] pci 0000:00:00.0: Limiting direct PCI/PCI transfers
[    1.544089][    T1] PCI: CLS 0 bytes, default 64
[    1.558516][   T25] Trying to unpack rootfs image as initramfs...
[    1.603568][    T1] Initialise system trusted keyrings
[    1.606206][    T1] Key type blacklist registered
[    1.612947][    T1] workingset: timestamp_bits=36 max_order=19 bucket_order=0
[    1.627138][    T1] zbud: loaded
[    1.633007][   T25] Freeing initrd memory: 5180K
[    1.639475][    T1] integrity: Platform Keyring initialized
[    1.665771][    T1] NET: Registered PF_ALG protocol family
[    1.666725][    T1] Key type asymmetric registered
[    1.667210][    T1] Asymmetric key parser 'x509' registered
[    1.668727][    T1] Block layer SCSI generic (bsg) driver version 0.4 loaded (major 247)
[    1.671786][    T1] io scheduler mq-deadline registered
[    1.676988][    T1] io scheduler kyber registered
[    1.680063][    T1] io scheduler bfq registered
[    1.688923][   T42] alg: self-tests disabled
[    1.696089][    T1] shpchp: Standard Hot Plug PCI Controller Driver version: 0.4
[    1.701623][    T1] input: Power Button as /devices/LNXSYSTM:00/LNXPWRBN:00/input/input0
[    1.714687][    T1] ACPI: button: Power Button [PWRF]
[    1.915232][    T1] ACPI: \_SB_.LNKB: Enabled at IRQ 10
virtio-rng device status is 1 that means ACKNOWLEDGE
[    2.116641][    T1] ACPI: \_SB_.LNKC: Enabled at IRQ 11
virtio-scsi device status is 1 that means ACKNOWLEDGE
[    2.319879][    T1] ACPI: \_SB_.LNKD: Enabled at IRQ 11
virtio-serial device status is 1 that means ACKNOWLEDGE
[    2.335013][    T1] Serial: 8250/16550 driver, 1 ports, IRQ sharing enabled
[    2.349097][    T1] 00:03: ttyS0 at I/O 0x3f8 (irq = 4, base_baud = 115200) is a 16550A
[    2.360710][    T1] Non-volatile memory driver v1.3
virtio-rng device status is 3 that means DRIVER
virtio-rng device status is 11 that means DRIVER
virtio-rng device status is 15 that means DRIVER OK
[    2.372359][    T1] rdac: device handler registered
[    2.378087][   T47] random: crng init done
[    2.378189][    T1] hp_sw: device handler registered
[    2.378971][    T1] emc: device handler registered
[    2.380235][    T1] alua: device handler registered
[    2.386086][    T1] i8042: PNP: PS/2 Controller [PNP0303:KBD,PNP0f13:MOU] at 0x60,0x64 irq 1,12
[    2.390788][    T1] serio: i8042 KBD port at 0x60,0x64 irq 1
[    2.391448][    T1] serio: i8042 AUX port at 0x60,0x64 irq 12
[    2.394199][    T1] mousedev: PS/2 mouse device common for all mice
[    2.396232][    T1] rtc_cmos 00:04: RTC can wake from S4
[    2.402372][   T43] input: AT Translated Set 2 keyboard as /devices/platform/i8042/serio0/input/input1
[    2.410554][    T1] rtc_cmos 00:04: registered as rtc0
[    2.411645][    T1] rtc_cmos 00:04: setting system clock to 2023-06-29T14:37:23 UTC (1688049443)
[    2.413498][    T1] rtc_cmos 00:04: alarms up to one day, y3k, 242 bytes nvram
[    2.419958][    T1] hid: raw HID events driver (C) Jiri Kosina
[    2.421461][    T1] drop_monitor: Initializing network drop monitor service
[    2.482288][    T1] Initializing XFRM netlink socket
[    2.485210][    T1] NET: Registered PF_INET6 protocol family
[    2.506209][    T1] Segment Routing with IPv6
[    2.506950][    T1] In-situ OAM (IOAM) with IPv6
[    2.507694][    T1] NET: Registered PF_PACKET protocol family
[    2.508940][    T1] mpls_gso: MPLS GSO support
[    2.512961][    T1] IPI shorthand broadcast: enabled
[    2.513554][    T1] SSE version of gcm_enc/dec engaged.
[    2.518911][    T1] sched_clock: Marking stable (2421989122, 95852772)->(2567701465, -48897810)
[    2.522735][    T1] registered taskstats version 1
[    2.524597][    T1] Loading compiled-in X.509 certificates
[    2.585226][    T1] Loaded X.509 cert 'Build time autogenerated kernel key: fabf738f88d960b3ac67d23029870a78cd5c6d9a'
[    2.590256][    T1] zswap: loaded using pool lzo/zbud
[    2.613580][   T17] tsc: Refined TSC clocksource calibration: 2303.996 MHz
[    2.614409][   T17] clocksource: tsc: mask: 0xffffffffffffffff max_cycles: 0x2135f449559, max_idle_ns: 440795312421 ns
[    2.615974][   T17] clocksource: Switched to clocksource tsc
[    2.620642][    T1] Key type encrypted registered
[    2.620921][    T1] AppArmor: AppArmor sha1 policy hashing enabled
[    2.621726][    T1] ima: No TPM chip found, activating TPM-bypass!
[    2.622095][    T1] ima: Allocated hash algorithm: sha256
[    2.627517][    T1] ima: No architecture policies found
[    2.628462][    T1] evm: Initialising EVM extended attributes:
[    2.628678][    T1] evm: security.selinux
[    2.628946][    T1] evm: security.SMACK64 (disabled)
[    2.629116][    T1] evm: security.SMACK64EXEC (disabled)
[    2.629289][    T1] evm: security.SMACK64TRANSMUTE (disabled)
[    2.629540][    T1] evm: security.SMACK64MMAP (disabled)
[    2.629721][    T1] evm: security.apparmor
[    2.631136][    T1] evm: security.ima
[    2.631285][    T1] evm: security.capability
[    2.631496][    T1] evm: HMAC attrs: 0x1
[    2.663049][    T1] integrity: Unable to open file: /etc/keys/x509_ima.der (-2)
[    2.663167][    T1] integrity: Unable to open file: /etc/keys/x509_evm.der (-2)
[    2.717584][    T1] Freeing unused decrypted memory: 2036K
[    2.771253][    T1] Freeing unused kernel image (initmem) memory: 2712K
[    2.773573][    T1] Write protecting the kernel read-only data: 24576k
[    2.776930][    T1] Freeing unused kernel image (text/rodata gap) memory: 2040K
[    2.777468][    T1] Freeing unused kernel image (rodata/data gap) memory: 188K
[    2.778074][    T1] Run /init as init process
supermin: mounting /proc
supermin: ext2 mini initrd starting up: 5.3.2 dietlibc
supermin: cmdline: panic=1 console=ttyS0 edd=off udevtimeout=6000 udev.event-timeout=6000 no_timer_check lpj=2304004 printk.time=1 cgroup_disable=memory usbcore.nousb cryptomgr.notests tsc=reliable 8250.nr_uarts=1 root=UUID=126ef6a3-ebc3-4ce5-9488-9e1e22b79f05 selinux=0 guestfs_verbose=1 TERM=unknown
supermin: uptime: 2.73 0.00
supermin: mounting /sys
supermin: internal insmod crc32-pclmul.ko
supermin: internal insmod crc32c-intel.ko
supermin: internal insmod crct10dif-pclmul.ko
supermin: internal insmod crc32_generic.ko
supermin: internal insmod crc64.ko
supermin: internal insmod crc64_rocksoft_generic.ko
supermin: internal insmod libnvdimm.ko
supermin: internal insmod nfit.ko
supermin: internal insmod libata.ko
supermin: internal insmod ata_piix.ko
[    3.073204][    T1] scsi host0: ata_piix
[    3.078016][    T1] scsi host1: ata_piix
[    3.078710][    T1] ata1: PATA max MWDMA2 cmd 0x1f0 ctl 0x3f6 bmdma 0xc0a0 irq 14
[    3.079150][    T1] ata2: PATA max MWDMA2 cmd 0x170 ctl 0x376 bmdma 0xc0a8 irq 15
supermin: internal insmod virtio_blk.ko
supermin: internal insmod virtio_console.ko
virtio-serial device status is 3 that means DRIVER
virtio-serial device status is 11 that means DRIVER
virtio-serial device status is 15 that means DRIVER OK
virtio serial port '4294967295' handle control message event = 0, value = 1
virtio serial port 1 send control message event = 1, value = 1
[    3.285579][   T43] input: ImExPS/2 Generic Explorer Mouse as /devices/platform/i8042/serio1/input/input3
virtio serial port '1' handle control message event = 3, value = 1
virtio serial port 1 send control message event = 6, value = 1
supermin: internal insmod failover.ko
supermin: internal insmod net_failover.ko
supermin: internal insmod virtio_net.ko
supermin: internal insmod nd_btt.ko
supermin: internal insmod nd_pmem.ko
supermin: internal insmod crc64-rocksoft.ko
supermin: internal insmod t10-pi.ko
supermin: internal insmod sd_mod.ko
supermin: internal insmod virtio_scsi.ko
virtio-scsi device status is 3 that means DRIVER
virtio-scsi device status is 11 that means DRIVER
[    3.368203][    T1] scsi host2: Virtio SCSI HBA
virtio-scsi device status is 15 that means DRIVER OK
[    3.383241][   T25] scsi 2:0:0:0: Direct-Access     QEMU     QEMU HARDDISK    2.5+ PQ: 0 ANSI: 5
[    3.390642][   T25] scsi 2:0:1:0: Direct-Access     QEMU     QEMU HARDDISK    2.5+ PQ: 0 ANSI: 5
[    3.484648][    C0] sd 2:0:0:0: Power-on or device reset occurred
[    3.487792][    C0] sd 2:0:1:0: Power-on or device reset occurred
[    3.489886][    T9] sd 2:0:1:0: [sdb] 8388608 512-byte logical blocks: (4.29 GB/4.00 GiB)
[    3.490721][  T143] sd 2:0:0:0: [sda] 83886080 512-byte logical blocks: (42.9 GB/40.0 GiB)
[    3.491292][    T9] sd 2:0:1:0: [sdb] Write Protect is off
[    3.491784][  T143] sd 2:0:0:0: [sda] Write Protect is off
[    3.492723][    T9] sd 2:0:1:0: [sdb] Write cache: enabled, read cache: enabled, doesn't support DPO or FUA
[    3.493278][  T143] sd 2:0:0:0: [sda] Write cache: enabled, read cache: enabled, doesn't support DPO or FUA
[    3.519128][  T143]  sda: sda1 sda2
[    3.523531][  T143] sd 2:0:0:0: [sda] Attached SCSI disk
[    3.525500][    T9] sd 2:0:1:0: [sdb] Attached SCSI disk
supermin: internal insmod virtio_balloon.ko
supermin: internal insmod virtio_dma_buf.ko
supermin: internal insmod virtio_input.ko
supermin: internal insmod virtio_mem.ko
supermin: internal insmod jbd2.ko
supermin: internal insmod mbcache.ko
supermin: internal insmod ext4.ko
supermin: internal insmod fuse.ko
[    3.892264][    T1] fuse: init (API version 7.37)
supermin: internal insmod virtiofs.ko
supermin: internal insmod crc-itu-t.ko
supermin: internal insmod crc7.ko
supermin: internal insmod crc8.ko
supermin: internal insmod libcrc32c.ko
supermin: picked 8:16 as root device
supermin: creating /dev/root as block special 8:16
supermin: mounting new root on /root
[    3.957177][    T1] EXT4-fs (sdb): mounting ext2 file system using the ext4 subsystem
[    3.974544][    T1] EXT4-fs (sdb): mounted filesystem without journal. Quota mode: none.
supermin: deleting initramfs files
supermin: chroot
Starting /init script ...
+ [[ panic=1 console=ttyS0 edd=off udevtimeout=6000 udev.event-timeout=6000 no_timer_check lpj=2304004 printk.time=1 cgroup_disable=memory usbcore.nousb cryptomgr.notests tsc=reliable 8250.nr_uarts=1 root=UUID=126ef6a3-ebc3-4ce5-9488-9e1e22b79f05 selinux=0 guestfs_verbose=1 TERM=unknown == *guestfs_network=1* ]]
+ [[ panic=1 console=ttyS0 edd=off udevtimeout=6000 udev.event-timeout=6000 no_timer_check lpj=2304004 printk.time=1 cgroup_disable=memory usbcore.nousb cryptomgr.notests tsc=reliable 8250.nr_uarts=1 root=UUID=126ef6a3-ebc3-4ce5-9488-9e1e22b79f05 selinux=0 guestfs_verbose=1 TERM=unknown == *guestfs_rescue=1* ]]
+ [[ panic=1 console=ttyS0 edd=off udevtimeout=6000 udev.event-timeout=6000 no_timer_check lpj=2304004 printk.time=1 cgroup_disable=memory usbcore.nousb cryptomgr.notests tsc=reliable 8250.nr_uarts=1 root=UUID=126ef6a3-ebc3-4ce5-9488-9e1e22b79f05 selinux=0 guestfs_verbose=1 TERM=unknown == *guestfs_noreboot=1* ]]
+ [[ panic=1 console=ttyS0 edd=off udevtimeout=6000 udev.event-timeout=6000 no_timer_check lpj=2304004 printk.time=1 cgroup_disable=memory usbcore.nousb cryptomgr.notests tsc=reliable 8250.nr_uarts=1 root=UUID=126ef6a3-ebc3-4ce5-9488-9e1e22b79f05 selinux=0 guestfs_verbose=1 TERM=unknown == *guestfs_boot_analysis=1* ]]
+ mkdir -p /dev/pts /dev/shm
+ mount -t devpts /dev/pts /dev/pts
+ mount -t tmpfs -o mode=1777 shmfs /dev/shm
+ mkdir -p /sysroot
+ mkdir -p /run
+ mount -t tmpfs -o nosuid,size=20%,mode=0755 tmpfs /run
+ mkdir -p /run/lock
+ ln -s ../run/lock /var/lock
+ [[ panic=1 console=ttyS0 edd=off udevtimeout=6000 udev.event-timeout=6000 no_timer_check lpj=2304004 printk.time=1 cgroup_disable=memory usbcore.nousb cryptomgr.notests tsc=reliable 8250.nr_uarts=1 root=UUID=126ef6a3-ebc3-4ce5-9488-9e1e22b79f05 selinux=0 guestfs_verbose=1 TERM=unknown == *selinux=1* ]]
+ test -e /etc/mtab
+ mkdir -p /run/tmpfiles.d
+ kmod static-nodes --format=tmpfiles --output=/run/tmpfiles.d/kmod.conf
++ dd if=/dev/urandom bs=16 count=1 status=none
++ od -x -A n
+ machine_id=' ac6c 4781 2f52 03ed 4842 7ab0 fea3 326d'
+ echo ac6c47812f5203ed48427ab0fea3326d
+ systemd-tmpfiles --prefix=/dev --prefix=/run --prefix=/var/run --create --boot
+ for f in /lib/systemd/systemd-udevd /usr/lib/systemd/systemd-udevd /sbin/udevd /lib/udev/udevd /usr/lib/udev/udevd
+ '[' -x /lib/systemd/systemd-udevd ']'
+ UDEVD=/lib/systemd/systemd-udevd
+ break
+ '[' -z /lib/systemd/systemd-udevd ']'
+ /lib/systemd/systemd-udevd --daemon
Starting version v249-49.oe2303
+ udevadm trigger
+ udevadm settle --timeout=600
[    7.823140][  T183] sd 2:0:0:0: Attached scsi generic sg0 type 0
[    7.831700][  T183] sd 2:0:1:0: Attached scsi generic sg1 type 0
+ shopt -s nullglob
+ for f in /sys/block/sd*/device/timeout
+ echo 300
+ for f in /sys/block/sd*/device/timeout
+ echo 300
+ for f in /sys/block/{h,s,ub,v}d*/queue/scheduler
+ echo noop
/init: line 111: echo: write error: Invalid argument
+ for f in /sys/block/{h,s,ub,v}d*/queue/scheduler
+ echo noop
/init: line 111: echo: write error: Invalid argument
+ shopt -u nullglob
+ ip addr add 127.0.0.1/8 brd + dev lo scope host
+ ip link set dev lo up
+ test '' = 1
+ mdadm -As --auto=yes --no-degraded
mdadm: No arrays found in config file or automatically
+ mkdir -p /tmp/lvm
+ touch /tmp/lvm/lvm.conf
+ command -v lvmdevices
/sbin/lvmdevices
+ printf 'devices {\n'
+ printf '\tuse_devicesfile = 0\n'
+ printf '}\n'
+ LVM_SYSTEM_DIR=/tmp/lvm
+ export LVM_SYSTEM_DIR
+ lvmetad
/init: line 150: lvmetad: command not found
+ modprobe dm_mod
[    9.521813][  T197] device-mapper: core: CONFIG_IMA_DISABLE_HTABLE is disabled. Duplicate IMA measurements will not be recorded in the IMA log.
[    9.522635][  T197] device-mapper: uevent: version 1.0.3
[    9.523855][  T197] device-mapper: ioctl: 4.47.0-ioctl (2022-07-28) initialised: dm-devel@redhat.com
+ lvm pvscan --cache --activate ay
+ mdadm -As --auto=yes --run
mdadm: No arrays found in config file or automatically
+ ldmtool create all
/init: line 160: ldmtool: command not found
+ test 1 = 1
+ test '' '!=' 1
+ uname -a
/bin/uname: line 3: uname.bin: command not found

+ ls -lR /dev
/dev:
total 0
crw-r--r-- 1 root root  10, 235 Jun 29 22:37 autofs
drwxr-xr-x 2 root root      120 Jun 29 22:37 block
drwxr-xr-x 2 root root       80 Jun 29 22:37 bsg
crw------- 1 root root  10, 234 Jun 29 22:37 btrfs-control
drwxr-xr-x 2 root root     2180 Jun 29 22:37 char
crw------- 1 root root   5,   1 Jun 29 22:37 console
drwxr-xr-x 3 root root       60 Jun 29 22:37 cpu
crw------- 1 root root  10, 125 Jun 29 22:37 cpu_dma_latency
crw------- 1 root root  10, 203 Jun 29 22:37 cuse
drwxr-xr-x 7 root root      140 Jun 29 22:37 disk
lrwxrwxrwx 1 root root       13 Jun 29 22:37 fd -> /proc/self/fd
crw-rw-rw- 1 root root   1,   7 Jun 29 22:37 full
crw-rw-rw- 1 root root  10, 229 Jun 29 22:37 fuse
crw------- 1 root root  10, 228 Jun 29 22:37 hpet
crw------- 1 root root  10, 183 Jun 29 22:37 hwrng
drwxr-xr-x 3 root root      160 Jun 29 22:37 input
crw-r--r-- 1 root root   1,  11 Jun 29 22:37 kmsg
crw-rw---- 1 root disk  10, 237 Jun 29 22:37 loop-control
drwxr-xr-x 2 root root       60 Jun 29 22:37 mapper
crw------- 1 root root  10, 227 Jun 29 22:37 mcelog
crw------- 1 root root   1,   1 Jun 29 22:37 mem
drwxr-xr-x 2 root root       60 Jun 29 22:37 net
crw-rw-rw- 1 root root   1,   3 Jun 29 22:37 null
crw------- 1 root root  10, 144 Jun 29 22:37 nvram
crw------- 1 root root   1,   4 Jun 29 22:37 port
crw------- 1 root root 108,   0 Jun 29 22:37 ppp
crw-rw-rw- 1 root root   5,   2 Jun 29 22:37 ptmx
drwxr-xr-x 2 root root        0 Jun 29 22:37 pts
crw-rw-rw- 1 root root   1,   8 Jun 29 22:37 random
crw------- 1 root root  10, 242 Jun 29 22:37 rfkill
lrwxrwxrwx 1 root root        4 Jun 29 22:37 rtc -> rtc0
crw------- 1 root root 251,   0 Jun 29 22:37 rtc0
brw------- 1 root root   8,   0 Jun 29 22:37 sda
brw------- 1 root root   8,   1 Jun 29 22:37 sda1
brw------- 1 root root   8,   2 Jun 29 22:37 sda2
brw------- 1 root root   8,  16 Jun 29 22:37 sdb
crw-rw---- 1 root disk  21,   0 Jun 29 22:37 sg0
crw-rw---- 1 root disk  21,   1 Jun 29 22:37 sg1
drwxrwxrwt 2 root root       40 Jun 29 22:37 shm
crw------- 1 root root  10, 231 Jun 29 22:37 snapshot
drwxr-xr-x 2 root root       80 Jun 29 22:37 snd
crw-rw-rw- 1 root root   5,   0 Jun 29 22:37 tty
crw------- 1 root root   4,   0 Jun 29 22:37 tty0
crw------- 1 root root   4,   1 Jun 29 22:37 tty1
crw------- 1 root root   4,  10 Jun 29 22:37 tty10
crw------- 1 root root   4,  11 Jun 29 22:37 tty11
crw------- 1 root root   4,  12 Jun 29 22:37 tty12
crw------- 1 root root   4,  13 Jun 29 22:37 tty13
crw------- 1 root root   4,  14 Jun 29 22:37 tty14
crw------- 1 root root   4,  15 Jun 29 22:37 tty15
crw------- 1 root root   4,  16 Jun 29 22:37 tty16
crw------- 1 root root   4,  17 Jun 29 22:37 tty17
crw------- 1 root root   4,  18 Jun 29 22:37 tty18
crw------- 1 root root   4,  19 Jun 29 22:37 tty19
crw------- 1 root root   4,   2 Jun 29 22:37 tty2
crw------- 1 root root   4,  20 Jun 29 22:37 tty20
crw------- 1 root root   4,  21 Jun 29 22:37 tty21
crw------- 1 root root   4,  22 Jun 29 22:37 tty22
crw------- 1 root root   4,  23 Jun 29 22:37 tty23
crw------- 1 root root   4,  24 Jun 29 22:37 tty24
crw------- 1 root root   4,  25 Jun 29 22:37 tty25
crw------- 1 root root   4,  26 Jun 29 22:37 tty26
crw------- 1 root root   4,  27 Jun 29 22:37 tty27
crw------- 1 root root   4,  28 Jun 29 22:37 tty28
crw------- 1 root root   4,  29 Jun 29 22:37 tty29
crw------- 1 root root   4,   3 Jun 29 22:37 tty3
crw------- 1 root root   4,  30 Jun 29 22:37 tty30
crw------- 1 root root   4,  31 Jun 29 22:37 tty31
crw------- 1 root root   4,  32 Jun 29 22:37 tty32
crw------- 1 root root   4,  33 Jun 29 22:37 tty33
crw------- 1 root root   4,  34 Jun 29 22:37 tty34
crw------- 1 root root   4,  35 Jun 29 22:37 tty35
crw------- 1 root root   4,  36 Jun 29 22:37 tty36
crw------- 1 root root   4,  37 Jun 29 22:37 tty37
crw------- 1 root root   4,  38 Jun 29 22:37 tty38
crw------- 1 root root   4,  39 Jun 29 22:37 tty39
crw------- 1 root root   4,   4 Jun 29 22:37 tty4
crw------- 1 root root   4,  40 Jun 29 22:37 tty40
crw------- 1 root root   4,  41 Jun 29 22:37 tty41
crw------- 1 root root   4,  42 Jun 29 22:37 tty42
crw------- 1 root root   4,  43 Jun 29 22:37 tty43
crw------- 1 root root   4,  44 Jun 29 22:37 tty44
crw------- 1 root root   4,  45 Jun 29 22:37 tty45
crw------- 1 root root   4,  46 Jun 29 22:37 tty46
crw------- 1 root root   4,  47 Jun 29 22:37 tty47
crw------- 1 root root   4,  48 Jun 29 22:37 tty48
crw------- 1 root root   4,  49 Jun 29 22:37 tty49
crw------- 1 root root   4,   5 Jun 29 22:37 tty5
crw------- 1 root root   4,  50 Jun 29 22:37 tty50
crw------- 1 root root   4,  51 Jun 29 22:37 tty51
crw------- 1 root root   4,  52 Jun 29 22:37 tty52
crw------- 1 root root   4,  53 Jun 29 22:37 tty53
crw------- 1 root root   4,  54 Jun 29 22:37 tty54
crw------- 1 root root   4,  55 Jun 29 22:37 tty55
crw------- 1 root root   4,  56 Jun 29 22:37 tty56
crw------- 1 root root   4,  57 Jun 29 22:37 tty57
crw------- 1 root root   4,  58 Jun 29 22:37 tty58
crw------- 1 root root   4,  59 Jun 29 22:37 tty59
crw------- 1 root root   4,   6 Jun 29 22:37 tty6
crw------- 1 root root   4,  60 Jun 29 22:37 tty60
crw------- 1 root root   4,  61 Jun 29 22:37 tty61
crw------- 1 root root   4,  62 Jun 29 22:37 tty62
crw------- 1 root root   4,  63 Jun 29 22:37 tty63
crw------- 1 root root   4,   7 Jun 29 22:37 tty7
crw------- 1 root root   4,   8 Jun 29 22:37 tty8
crw------- 1 root root   4,   9 Jun 29 22:37 tty9
crw------- 1 root root   4,  64 Jun 29 22:37 ttyS0
crw------- 1 root root  10, 239 Jun 29 22:37 uhid
crw------- 1 root root  10, 223 Jun 29 22:37 uinput
crw-rw-rw- 1 root root   1,   9 Jun 29 22:37 urandom
crw------- 1 root root 246,   0 Jun 29 22:37 usbmon0
crw------- 1 root root  10, 126 Jun 29 22:37 userfaultfd
crw------- 1 root root   7,   0 Jun 29 22:37 vcs
crw------- 1 root root   7,   1 Jun 29 22:37 vcs1
crw------- 1 root root   7, 128 Jun 29 22:37 vcsa
crw------- 1 root root   7, 129 Jun 29 22:37 vcsa1
crw------- 1 root root   7,  64 Jun 29 22:37 vcsu
crw------- 1 root root   7,  65 Jun 29 22:37 vcsu1
drwxr-xr-x 2 root root       60 Jun 29 22:37 vfio
crw------- 1 root root  10, 127 Jun 29 22:37 vga_arbiter
crw------- 1 root root  10, 137 Jun 29 22:37 vhci
crw-rw-rw- 1 root kvm   10, 238 Jun 29 22:37 vhost-net
crw-rw-rw- 1 root kvm   10, 241 Jun 29 22:37 vhost-vsock
drwxr-xr-x 2 root root       60 Jun 29 22:37 virtio-ports
crw------- 1 root root 242,   1 Jun 29 22:37 vport2p1
crw-rw-rw- 1 root root   1,   5 Jun 29 22:37 zero

/dev/block:
total 0
lrwxrwxrwx 1 root root 6 Jun 29 22:37 8:0 -> ../sda
lrwxrwxrwx 1 root root 7 Jun 29 22:37 8:1 -> ../sda1
lrwxrwxrwx 1 root root 6 Jun 29 22:37 8:16 -> ../sdb
lrwxrwxrwx 1 root root 7 Jun 29 22:37 8:2 -> ../sda2

/dev/bsg:
total 0
crw------- 1 root root 247, 0 Jun 29 22:37 2:0:0:0
crw------- 1 root root 247, 1 Jun 29 22:37 2:0:1:0

/dev/char:
total 0
lrwxrwxrwx 1 root root 18 Jun 29 22:37 10:125 -> ../cpu_dma_latency
lrwxrwxrwx 1 root root 14 Jun 29 22:37 10:126 -> ../userfaultfd
lrwxrwxrwx 1 root root 14 Jun 29 22:37 10:127 -> ../vga_arbiter
lrwxrwxrwx 1 root root  8 Jun 29 22:37 10:144 -> ../nvram
lrwxrwxrwx 1 root root  8 Jun 29 22:37 10:183 -> ../hwrng
lrwxrwxrwx 1 root root  9 Jun 29 22:37 10:227 -> ../mcelog
lrwxrwxrwx 1 root root  7 Jun 29 22:37 10:228 -> ../hpet
lrwxrwxrwx 1 root root  7 Jun 29 22:37 10:229 -> ../fuse
lrwxrwxrwx 1 root root 11 Jun 29 22:37 10:231 -> ../snapshot
lrwxrwxrwx 1 root root  9 Jun 29 22:37 10:235 -> ../autofs
lrwxrwxrwx 1 root root 17 Jun 29 22:37 10:236 -> ../mapper/control
lrwxrwxrwx 1 root root 15 Jun 29 22:37 13:32 -> ../input/mouse0
lrwxrwxrwx 1 root root 13 Jun 29 22:37 13:63 -> ../input/mice
lrwxrwxrwx 1 root root 15 Jun 29 22:37 13:64 -> ../input/event0
lrwxrwxrwx 1 root root 15 Jun 29 22:37 13:65 -> ../input/event1
lrwxrwxrwx 1 root root 15 Jun 29 22:37 13:66 -> ../input/event2
lrwxrwxrwx 1 root root  6 Jun 29 22:37 1:1 -> ../mem
lrwxrwxrwx 1 root root  7 Jun 29 22:37 1:11 -> ../kmsg
lrwxrwxrwx 1 root root  7 Jun 29 22:37 1:3 -> ../null
lrwxrwxrwx 1 root root  7 Jun 29 22:37 1:4 -> ../port
lrwxrwxrwx 1 root root  7 Jun 29 22:37 1:5 -> ../zero
lrwxrwxrwx 1 root root  7 Jun 29 22:37 1:7 -> ../full
lrwxrwxrwx 1 root root  9 Jun 29 22:37 1:8 -> ../random
lrwxrwxrwx 1 root root 10 Jun 29 22:37 1:9 -> ../urandom
lrwxrwxrwx 1 root root 12 Jun 29 22:37 202:0 -> ../cpu/0/msr
lrwxrwxrwx 1 root root 14 Jun 29 22:37 203:0 -> ../cpu/0/cpuid
lrwxrwxrwx 1 root root  6 Jun 29 22:37 21:0 -> ../sg0
lrwxrwxrwx 1 root root  6 Jun 29 22:37 21:1 -> ../sg1
lrwxrwxrwx 1 root root 11 Jun 29 22:37 242:1 -> ../vport2p1
lrwxrwxrwx 1 root root 10 Jun 29 22:37 246:0 -> ../usbmon0
lrwxrwxrwx 1 root root 14 Jun 29 22:37 247:0 -> ../bsg/2:0:0:0
lrwxrwxrwx 1 root root 14 Jun 29 22:37 247:1 -> ../bsg/2:0:1:0
lrwxrwxrwx 1 root root  7 Jun 29 22:37 251:0 -> ../rtc0
lrwxrwxrwx 1 root root  7 Jun 29 22:37 4:0 -> ../tty0
lrwxrwxrwx 1 root root  7 Jun 29 22:37 4:1 -> ../tty1
lrwxrwxrwx 1 root root  8 Jun 29 22:37 4:10 -> ../tty10
lrwxrwxrwx 1 root root  8 Jun 29 22:37 4:11 -> ../tty11
lrwxrwxrwx 1 root root  8 Jun 29 22:37 4:12 -> ../tty12
lrwxrwxrwx 1 root root  8 Jun 29 22:37 4:13 -> ../tty13
lrwxrwxrwx 1 root root  8 Jun 29 22:37 4:14 -> ../tty14
lrwxrwxrwx 1 root root  8 Jun 29 22:37 4:15 -> ../tty15
lrwxrwxrwx 1 root root  8 Jun 29 22:37 4:16 -> ../tty16
lrwxrwxrwx 1 root root  8 Jun 29 22:37 4:17 -> ../tty17
lrwxrwxrwx 1 root root  8 Jun 29 22:37 4:18 -> ../tty18
lrwxrwxrwx 1 root root  8 Jun 29 22:37 4:19 -> ../tty19
lrwxrwxrwx 1 root root  7 Jun 29 22:37 4:2 -> ../tty2
lrwxrwxrwx 1 root root  8 Jun 29 22:37 4:20 -> ../tty20
lrwxrwxrwx 1 root root  8 Jun 29 22:37 4:21 -> ../tty21
lrwxrwxrwx 1 root root  8 Jun 29 22:37 4:22 -> ../tty22
lrwxrwxrwx 1 root root  8 Jun 29 22:37 4:23 -> ../tty23
lrwxrwxrwx 1 root root  8 Jun 29 22:37 4:24 -> ../tty24
lrwxrwxrwx 1 root root  8 Jun 29 22:37 4:25 -> ../tty25
lrwxrwxrwx 1 root root  8 Jun 29 22:37 4:26 -> ../tty26
lrwxrwxrwx 1 root root  8 Jun 29 22:37 4:27 -> ../tty27
lrwxrwxrwx 1 root root  8 Jun 29 22:37 4:28 -> ../tty28
lrwxrwxrwx 1 root root  8 Jun 29 22:37 4:29 -> ../tty29
lrwxrwxrwx 1 root root  7 Jun 29 22:37 4:3 -> ../tty3
lrwxrwxrwx 1 root root  8 Jun 29 22:37 4:30 -> ../tty30
lrwxrwxrwx 1 root root  8 Jun 29 22:37 4:31 -> ../tty31
lrwxrwxrwx 1 root root  8 Jun 29 22:37 4:32 -> ../tty32
lrwxrwxrwx 1 root root  8 Jun 29 22:37 4:33 -> ../tty33
lrwxrwxrwx 1 root root  8 Jun 29 22:37 4:34 -> ../tty34
lrwxrwxrwx 1 root root  8 Jun 29 22:37 4:35 -> ../tty35
lrwxrwxrwx 1 root root  8 Jun 29 22:37 4:36 -> ../tty36
lrwxrwxrwx 1 root root  8 Jun 29 22:37 4:37 -> ../tty37
lrwxrwxrwx 1 root root  8 Jun 29 22:37 4:38 -> ../tty38
lrwxrwxrwx 1 root root  8 Jun 29 22:37 4:39 -> ../tty39
lrwxrwxrwx 1 root root  7 Jun 29 22:37 4:4 -> ../tty4
lrwxrwxrwx 1 root root  8 Jun 29 22:37 4:40 -> ../tty40
lrwxrwxrwx 1 root root  8 Jun 29 22:37 4:41 -> ../tty41
lrwxrwxrwx 1 root root  8 Jun 29 22:37 4:42 -> ../tty42
lrwxrwxrwx 1 root root  8 Jun 29 22:37 4:43 -> ../tty43
lrwxrwxrwx 1 root root  8 Jun 29 22:37 4:44 -> ../tty44
lrwxrwxrwx 1 root root  8 Jun 29 22:37 4:45 -> ../tty45
lrwxrwxrwx 1 root root  8 Jun 29 22:37 4:46 -> ../tty46
lrwxrwxrwx 1 root root  8 Jun 29 22:37 4:47 -> ../tty47
lrwxrwxrwx 1 root root  8 Jun 29 22:37 4:48 -> ../tty48
lrwxrwxrwx 1 root root  8 Jun 29 22:37 4:49 -> ../tty49
lrwxrwxrwx 1 root root  7 Jun 29 22:37 4:5 -> ../tty5
lrwxrwxrwx 1 root root  8 Jun 29 22:37 4:50 -> ../tty50
lrwxrwxrwx 1 root root  8 Jun 29 22:37 4:51 -> ../tty51
lrwxrwxrwx 1 root root  8 Jun 29 22:37 4:52 -> ../tty52
lrwxrwxrwx 1 root root  8 Jun 29 22:37 4:53 -> ../tty53
lrwxrwxrwx 1 root root  8 Jun 29 22:37 4:54 -> ../tty54
lrwxrwxrwx 1 root root  8 Jun 29 22:37 4:55 -> ../tty55
lrwxrwxrwx 1 root root  8 Jun 29 22:37 4:56 -> ../tty56
lrwxrwxrwx 1 root root  8 Jun 29 22:37 4:57 -> ../tty57
lrwxrwxrwx 1 root root  8 Jun 29 22:37 4:58 -> ../tty58
lrwxrwxrwx 1 root root  8 Jun 29 22:37 4:59 -> ../tty59
lrwxrwxrwx 1 root root  7 Jun 29 22:37 4:6 -> ../tty6
lrwxrwxrwx 1 root root  8 Jun 29 22:37 4:60 -> ../tty60
lrwxrwxrwx 1 root root  8 Jun 29 22:37 4:61 -> ../tty61
lrwxrwxrwx 1 root root  8 Jun 29 22:37 4:62 -> ../tty62
lrwxrwxrwx 1 root root  8 Jun 29 22:37 4:63 -> ../tty63
lrwxrwxrwx 1 root root  8 Jun 29 22:37 4:64 -> ../ttyS0
lrwxrwxrwx 1 root root  7 Jun 29 22:37 4:7 -> ../tty7
lrwxrwxrwx 1 root root  7 Jun 29 22:37 4:8 -> ../tty8
lrwxrwxrwx 1 root root  7 Jun 29 22:37 4:9 -> ../tty9
lrwxrwxrwx 1 root root  6 Jun 29 22:37 5:0 -> ../tty
lrwxrwxrwx 1 root root 10 Jun 29 22:37 5:1 -> ../console
lrwxrwxrwx 1 root root  7 Jun 29 22:37 5:2 -> ../ptmx
lrwxrwxrwx 1 root root  6 Jun 29 22:37 7:0 -> ../vcs
lrwxrwxrwx 1 root root  7 Jun 29 22:37 7:1 -> ../vcs1
lrwxrwxrwx 1 root root  7 Jun 29 22:37 7:128 -> ../vcsa
lrwxrwxrwx 1 root root  8 Jun 29 22:37 7:129 -> ../vcsa1
lrwxrwxrwx 1 root root  7 Jun 29 22:37 7:64 -> ../vcsu
lrwxrwxrwx 1 root root  8 Jun 29 22:37 7:65 -> ../vcsu1

/dev/cpu:
total 0
drwxr-xr-x 2 root root 80 Jun 29 22:37 0

/dev/cpu/0:
total 0
crw------- 1 root root 203, 0 Jun 29 22:37 cpuid
crw------- 1 root root 202, 0 Jun 29 22:37 msr

/dev/disk:
total 0
drwxr-xr-x 2 root root 120 Jun 29 22:37 by-id
drwxr-xr-x 2 root root  60 Jun 29 22:37 by-label
drwxr-xr-x 2 root root  80 Jun 29 22:37 by-partuuid
drwxr-xr-x 2 root root 120 Jun 29 22:37 by-path
drwxr-xr-x 2 root root 100 Jun 29 22:37 by-uuid

/dev/disk/by-id:
total 0
lrwxrwxrwx 1 root root  9 Jun 29 22:37 scsi-0QEMU_QEMU_HARDDISK_appliance -> ../../sdb
lrwxrwxrwx 1 root root  9 Jun 29 22:37 scsi-0QEMU_QEMU_HARDDISK_hd0 -> ../../sda
lrwxrwxrwx 1 root root 10 Jun 29 22:37 scsi-0QEMU_QEMU_HARDDISK_hd0-part1 -> ../../sda1
lrwxrwxrwx 1 root root 10 Jun 29 22:37 scsi-0QEMU_QEMU_HARDDISK_hd0-part2 -> ../../sda2

/dev/disk/by-label:
total 0
lrwxrwxrwx 1 root root 10 Jun 29 22:37 rootfs -> ../../sda2

/dev/disk/by-partuuid:
total 0
lrwxrwxrwx 1 root root 10 Jun 29 22:37 93916be4-01 -> ../../sda1
lrwxrwxrwx 1 root root 10 Jun 29 22:37 93916be4-02 -> ../../sda2

/dev/disk/by-path:
total 0
lrwxrwxrwx 1 root root  9 Jun 29 22:37 pci-0000:00:03.0-scsi-0:0:0:0 -> ../../sda
lrwxrwxrwx 1 root root 10 Jun 29 22:37 pci-0000:00:03.0-scsi-0:0:0:0-part1 -> ../../sda1
lrwxrwxrwx 1 root root 10 Jun 29 22:37 pci-0000:00:03.0-scsi-0:0:0:0-part2 -> ../../sda2
lrwxrwxrwx 1 root root  9 Jun 29 22:37 pci-0000:00:03.0-scsi-0:0:1:0 -> ../../sdb

/dev/disk/by-uuid:
total 0
lrwxrwxrwx 1 root root  9 Jun 29 22:37 126ef6a3-ebc3-4ce5-9488-9e1e22b79f05 -> ../../sdb
lrwxrwxrwx 1 root root 10 Jun 29 22:37 1efe7cf6-86ae-473f-9962-eb2f97ed54cc -> ../../sda2
lrwxrwxrwx 1 root root 10 Jun 29 22:37 8AE0-C2B8 -> ../../sda1

/dev/input:
total 0
drwxr-xr-x 2 root root    100 Jun 29 22:37 by-path
crw------- 1 root root 13, 64 Jun 29 22:37 event0
crw------- 1 root root 13, 65 Jun 29 22:37 event1
crw------- 1 root root 13, 66 Jun 29 22:37 event2
crw------- 1 root root 13, 63 Jun 29 22:37 mice
crw------- 1 root root 13, 32 Jun 29 22:37 mouse0

/dev/input/by-path:
total 0
lrwxrwxrwx 1 root root 9 Jun 29 22:37 platform-i8042-serio-0-event-kbd -> ../event1
lrwxrwxrwx 1 root root 9 Jun 29 22:37 platform-i8042-serio-1-event-mouse -> ../event2
lrwxrwxrwx 1 root root 9 Jun 29 22:37 platform-i8042-serio-1-mouse -> ../mouse0

/dev/mapper:
total 0
crw------- 1 root root 10, 236 Jun 29 22:37 control

/dev/net:
total 0
crw-rw-rw- 1 root root 10, 200 Jun 29 22:37 tun

/dev/pts:
total 0
c--------- 1 root root 5, 2 Jun 29 22:37 ptmx

/dev/shm:
total 0

/dev/snd:
total 0
crw-rw---- 1 root audio 116,  1 Jun 29 22:37 seq
crw-rw---- 1 root audio 116, 33 Jun 29 22:37 timer

/dev/vfio:
total 0
crw-rw-rw- 1 root root 10, 196 Jun 29 22:37 vfio

/dev/virtio-ports:
total 0
lrwxrwxrwx 1 root root 11 Jun 29 22:37 org.libguestfs.channel.0 -> ../vport2p1
+ cat /proc/mounts
/dev/root / ext2 rw,noatime 0 0
/proc /proc proc rw,relatime 0 0
/sys /sys sysfs rw,relatime 0 0
/dev /dev devtmpfs rw,relatime,size=612516k,nr_inodes=153129,mode=755 0 0
/dev/pts /dev/pts devpts rw,relatime,mode=600,ptmxmode=000 0 0
shmfs /dev/shm tmpfs rw,relatime 0 0
tmpfs /run tmpfs rw,nosuid,relatime,size=247440k,mode=755 0 0
+ cat /proc/mdstat
Personalities : 
unused devices: <none>
+ lvm config
devices {
\tuse_devicesfile=0
}
+ lvm pvs
+ lvm vgs
+ lvm lvs
+ ip a
1: lo: <LOOPBACK,UP,LOWER_UP> mtu 65536 qdisc noqueue state UNKNOWN group default qlen 1000
    link/loopback 00:00:00:00:00:00 brd 00:00:00:00:00:00
    inet 127.0.0.1/8 brd 127.255.255.255 scope host lo
       valid_lft forever preferred_lft forever
    inet6 ::1/128 scope host 
       valid_lft forever preferred_lft forever
+ ip r
+ cat /etc/resolv.conf
cat: /etc/resolv.conf: No such file or directory
+ lsmod
Module                  Size  Used by
dm_mod                188416  0
sg                     49152  0
libcrc32c              16384  0
crc8                   16384  0
crc7                   16384  0
crc_itu_t              16384  0
virtiofs               32768  0
fuse                  188416  1 virtiofs
ext4                  995328  1
mbcache                16384  1 ext4
jbd2                  172032  1 ext4
virtio_mem             49152  0
virtio_input           16384  0
virtio_dma_buf         16384  0
virtio_balloon         24576  0
virtio_scsi            28672  1
sd_mod                 69632  1
t10_pi                 16384  1 sd_mod
crc64_rocksoft         20480  1 t10_pi
nd_pmem                24576  0
nd_btt                 32768  1 nd_pmem
virtio_net             73728  0
net_failover           24576  1 virtio_net
failover               16384  1 net_failover
virtio_console         40960  0
virtio_blk             28672  0
ata_piix               45056  0
libata                409600  1 ata_piix
nfit                   77824  0
libnvdimm             208896  3 nd_btt,nd_pmem,nfit
crc64_rocksoft_generic    16384  1
crc64                  20480  2 crc64_rocksoft,crc64_rocksoft_generic
crc32_generic          16384  0
crct10dif_pclmul       16384  1
crc32c_intel           24576  2
crc32_pclmul           16384  0
+ date
Thu Jun 29 22:37:32 CST 2023
+ echo -n 'clocksource: '
clocksource: + cat /sys/devices/system/clocksource/clocksource0/current_clocksource
tsc
+ echo -n 'uptime: '
uptime: + cat /proc/uptime
11.35 0.20
+ cmd=guestfsd
++ grep -Eo 'guestfs_channel=[^[:space:]]+' /proc/cmdline
+ eval
+ test x '!=' x
+ test 1 = 1
+ cmd='guestfsd --verbose'
+ test '' = 1
+ false
+ test '' = 1
+ echo guestfsd --verbose
guestfsd --verbose
+ guestfsd --verbose
lvm_system_dir = /tmp/lvm
OCaml daemon loaded
commandrvf: stdout=y stderr=y flags=0x0
commandrvf: ls -1v /dev/disk/by-path
commandrvf: stdout=n stderr=y flags=0x0
commandrvf: udevadm --debug settle -E /dev/sda
SELinux enabled state cached to: disabled
No filesystem is currently mounted on /sys/fs/cgroup.
Failed to determine unit we run in, ignoring: No data available
commandrvf: stdout=n stderr=y flags=0x0
commandrvf: udevadm --debug settle -E /dev/sdb
SELinux enabled state cached to: disabled
No filesystem is currently mounted on /sys/fs/cgroup.
Failed to determine unit we run in, ignoring: No data available
trying to open virtio-serial channel '/dev/virtio-ports/org.libguestfs.channel.0'
virtio serial port '1' handle control message event = 6, value = 1
commandrvf: stdout=n stderr=y flags=0x0
commandrvf: udevadm --debug settle
SELinux enabled state cached to: disabled
No filesystem is currently mounted on /sys/fs/cgroup.
Failed to determine unit we run in, ignoring: No data available
libguestfs: recv_from_daemon: received GUESTFS_LAUNCH_FLAG
libguestfs: appliance is up
libguestfs: trace: launch = 0
libguestfs: trace: list_partitions
guestfsd: <= list_partitions (0x8) request length 40 bytes
command: ls '-1v' '/dev/disk/by-path'
command: ls returned 0
command: ls: stdout:
pci-0000:00:03.0-scsi-0:0:0:0
pci-0000:00:03.0-scsi-0:0:0:0-part1
pci-0000:00:03.0-scsi-0:0:0:0-part2
pci-0000:00:03.0-scsi-0:0:1:0
commandrvf: stdout=n stderr=y flags=0x0
commandrvf: udevadm --debug settle -E /dev/sda
SELinux enabled state cached to: disabled
No filesystem is currently mounted on /sys/fs/cgroup.
Failed to determine unit we run in, ignoring: No data available
commandrvf: stdout=n stderr=y flags=0x0
commandrvf: udevadm --debug settle -E /dev/sdb
SELinux enabled state cached to: disabled
No filesystem is currently mounted on /sys/fs/cgroup.
Failed to determine unit we run in, ignoring: No data available
libguestfs: trace: list_partitions = ["/dev/sda1", "/dev/sda2"]
libguestfs: trace: vfs_type "/dev/sda1"
guestfsd: => list_partitions (0x8) took 0.29 secs
guestfsd: <= vfs_type (0xc6) request length 56 bytes
commandrvf: stdout=n stderr=y flags=0x0
commandrvf: udevadm --debug settle -E /dev/sda1
SELinux enabled state cached to: disabled
No filesystem is currently mounted on /sys/fs/cgroup.
Failed to determine unit we run in, ignoring: No data available
command: blkid '-c' '/dev/null' '-o' 'value' '-s' 'TYPE' '/dev/sda1'
command: blkid returned 0
command: blkid: stdout:
vfat
guestfsd: => vfs_type (0xc6) took 0.22 secs
libguestfs: trace: vfs_type = "vfat"
libguestfs: trace: vfs_type "/dev/sda2"
guestfsd: <= vfs_type (0xc6) request length 56 bytes
commandrvf: stdout=n stderr=y flags=0x0
commandrvf: udevadm --debug settle -E /dev/sda2
SELinux enabled state cached to: disabled
No filesystem is currently mounted on /sys/fs/cgroup.
Failed to determine unit we run in, ignoring: No data available
command: blkid '-c' '/dev/null' '-o' 'value' '-s' 'TYPE' '/dev/sda2'
command: blkid returned 0
command: blkid: stdout:
ext4
guestfsd: => vfs_type (0xc6) took 0.26 secs
libguestfs: trace: vfs_type = "ext4"
libguestfs: trace: feature_available "lvm2"
libguestfs: trace: internal_feature_available "lvm2"
guestfsd: <= internal_feature_available (0x1ca) request length 48 bytes
libguestfs: trace: internal_feature_available = 0
libguestfs: trace: feature_available = 1
libguestfs: trace: lvs
guestfsd: => internal_feature_available (0x1ca) took 0.00 secs
guestfsd: <= lvs (0xb) request length 40 bytes
command: lvm 'lvs' '--help'
command: lvm returned 0
command: lvm: stdout:
  lvs - Display information about logical volumes

  lvs
\t[ -H|--history ]
\t[ -a|--all ]
\t[ -o|--options String ]
\t[ -S|--select String ]
\t[ -O|--sort String ]
\t[    --segments ]
\t[    --aligned ]
\t[    --binary ]
\t[    --configreport log|vg|lv|pv|pvseg|seg ]
\t[    --foreign ]
\t[    --ignorelockingfailure ]
\t[    --logonly ]
\t[    --nameprefixes ]
\t[    --noheadings ]
\t[    --nosuffix ]
\t[    --readonly ]
\t[    --reportformat basic|json|json_std ]
\t[    --rows ]
\t[    --separator String ]
\t[    --shared ]
\t[    --unbuffered ]
\t[    --units [Number]r|R|h|H|b|B|s|S|k|K|m|M|g|G|t|T|p|P|e|E ]
\t[    --unquoted ]
\t[ COMMON_OPTIONS ]
\t[ VG|LV|Tag ... ]

  Common options for lvm:
\t[ -d|--debug ]
\t[ -h|--help ]
\t[ -q|--quiet ]
\t[ -v|--verbose ]
\t[ -y|--yes ]
\t[ -t|--test ]
\t[    --commandprofile String ]
\t[    --config String ]
\t[    --driverloaded y|n ]
\t[    --nolocking ]
\t[    --lockopt String ]
\t[    --longhelp ]
\t[    --profile String ]
\t[    --version ]
\t[    --devicesfile String ]
\t[    --devices PV ]
\t[    --nohints ]
\t[    --journal String ]

  Use --longhelp to show all options and advanced commands.
command: lvm 'lvs' '-o' 'vg_name,lv_name' '-S' 'lv_role=public && lv_skip_activation!=yes' '--noheadings' '--separator' '/'
libguestfs: trace: lvs = []
libguestfs: trace: inspect_os
guestfsd: => lvs (0xb) took 0.55 secs
guestfsd: <= inspect_os (0x1e0) request length 40 bytes
command: lvm returned 0
command: ls '-1v' '/dev/disk/by-path'
command: ls returned 0
command: ls: stdout:
pci-0000:00:03.0-scsi-0:0:0:0
pci-0000:00:03.0-scsi-0:0:0:0-part1
pci-0000:00:03.0-scsi-0:0:0:0-part2
pci-0000:00:03.0-scsi-0:0:1:0
commandrvf: stdout=n stderr=y flags=0x0
commandrvf: udevadm --debug settle -E /dev/sda
SELinux enabled state cached to: disabled
No filesystem is currently mounted on /sys/fs/cgroup.
Failed to determine unit we run in, ignoring: No data available
commandrvf: stdout=n stderr=y flags=0x0
commandrvf: udevadm --debug settle -E /dev/sdb
SELinux enabled state cached to: disabled
No filesystem is currently mounted on /sys/fs/cgroup.
Failed to determine unit we run in, ignoring: No data available
command: ls '-1v' '/dev/disk/by-path'
command: ls returned 0
command: ls: stdout:
pci-0000:00:03.0-scsi-0:0:0:0
pci-0000:00:03.0-scsi-0:0:0:0-part1
pci-0000:00:03.0-scsi-0:0:0:0-part2
pci-0000:00:03.0-scsi-0:0:1:0
commandrvf: stdout=n stderr=y flags=0x0
commandrvf: udevadm --debug settle -E /dev/sda
SELinux enabled state cached to: disabled
No filesystem is currently mounted on /sys/fs/cgroup.
Failed to determine unit we run in, ignoring: No data available
commandrvf: stdout=n stderr=y flags=0x0
commandrvf: udevadm --debug settle -E /dev/sdb
SELinux enabled state cached to: disabled
No filesystem is currently mounted on /sys/fs/cgroup.
Failed to determine unit we run in, ignoring: No data available
commandrvf: stdout=n stderr=y flags=0x0
commandrvf: udevadm --debug settle
SELinux enabled state cached to: disabled
No filesystem is currently mounted on /sys/fs/cgroup.
Failed to determine unit we run in, ignoring: No data available
command: parted '-m' '-s' '--' '/dev/sda' 'unit' 'b' 'print'
command: parted returned 0
command: parted: stdout:
BYT;
/dev/sda:42949672960B:scsi:512:512:msdos:QEMU QEMU HARDDISK:;
1:1048576B:2147483647B:2146435072B:fat32::lba;
2:2147483648B:42949672959B:40802189312B:ext4::;
commandrvf: stdout=n stderr=y flags=0x0
commandrvf: udevadm --debug settle
SELinux enabled state cached to: disabled
No filesystem is currently mounted on /sys/fs/cgroup.
Failed to determine unit we run in, ignoring: No data available
commandrvf: stdout=n stderr=y flags=0x0
commandrvf: udevadm --debug settle
SELinux enabled state cached to: disabled
No filesystem is currently mounted on /sys/fs/cgroup.
Failed to determine unit we run in, ignoring: No data available
command: parted '-m' '-s' '--' '/dev/sda' 'unit' 'b' 'print'
[   14.960108][  T169]  sda: sda1 sda2
command: parted returned 0
command: parted: stdout:
BYT;
/dev/sda:42949672960B:scsi:512:512:msdos:QEMU QEMU HARDDISK:;
1:1048576B:2147483647B:2146435072B:fat32::lba;
2:2147483648B:42949672959B:40802189312B:ext4::;
commandrvf: stdout=n stderr=y flags=0x0
commandrvf: udevadm --debug settle
SELinux enabled state cached to: disabled
No filesystem is currently mounted on /sys/fs/cgroup.
Failed to determine unit we run in, ignoring: No data available
command: sfdisk '--help'
command: sfdisk returned 0
command: sfdisk: stdout:

Usage:
 sfdisk [options] <dev> [[-N] <part>]
 sfdisk [options] <command>

Display or manipulate a disk partition table.

Commands:
 -A, --activate <dev> [<part> ...] list or set bootable (P)MBR partitions
 -d, --dump <dev>                  dump partition table (usable for later input)
 -J, --json <dev>                  dump partition table in JSON format
 -g, --show-geometry [<dev> ...]   list geometry of all or specified devices
 -l, --list [<dev> ...]            list partitions of each device
 -F, --list-free [<dev> ...]       list unpartitioned free areas of each device
 -r, --reorder <dev>               fix partitions order (by start offset)
 -s, --show-size [<dev> ...]       list sizes of all or specified devices
 -T, --list-types                  print the recognized types (see -X)
 -V, --verify [<dev> ...]          test whether partitions seem correct
     --delete <dev> [<part> ...]   delete all or specified partitions

 --part-label <dev> <part> [<str>] print or change partition label
 --part-type <dev> <part> [<type>] print or change partition type
 --part-uuid <dev> <part> [<uuid>] print or change partition uuid
 --part-attrs <dev> <part> [<str>] print or change partition attributes

 --disk-id <dev> [<str>]           print or change disk label ID (UUID)
 --relocate <oper> <dev>           move partition header

Arguments:
 <dev>                     device (usually disk) path
 <part>                    partition number
 <type>                    partition type, GUID for GPT, hex for MBR

Options:
 -a, --append              append partitions to existing partition table
 -b, --backup              backup partition table sectors (see -O)
     --bytes               print SIZE in bytes rather than in human readable format
     --move-data[=<typescript>] move partition data after relocation (requires -N)
     --move-use-fsync      use fsync after each write when move data
 -f, --force               disable all consistency checking
     --color[=<when>]      colorize output (auto, always or never)
                             colors are enabled by default
     --lock[=<mode>]       use exclusive device lock (yes, no or nonblock)
 -N, --partno <num>        specify partition number
 -n, --no-act              do everything except write to device
     --no-reread           do not check whether the device is in use
     --no-tell-kernel      do not tell kernel about changes
 -O, --backup-file <path>  override default backup file name
 -o, --output <list>       output columns
 -q, --quiet               suppress extra info messages
 -w, --wipe <mode>         wipe signatures (auto, always or never)
 -W, --wipe-partitions <mode>  wipe signatures from new partitions (auto, always or never)
 -X, --label <name>        specify label type (dos, gpt, ...)
 -Y, --label-nested <name> specify nested label type (dos, bsd)

 -G, --show-pt-geometry    deprecated, alias to --show-geometry
 -L, --Linux               deprecated, only for backward compatibility
 -u, --unit S              deprecated, only sector unit is supported

 -h, --help                display this help
 -v, --version             display version

Available output columns:
 gpt: Device Start End Sectors Size Type Type-UUID Attrs Name UUID
 dos: Device Start End Sectors Cylinders Size Type Id Attrs Boot End-C/H/S
      Start-C/H/S
 bsd: Slice Start End Sectors Cylinders Size Type Bsize Cpg Fsize
 sgi: Device Start End Sectors Cylinders Size Type Id Attrs
 sun: Device Start End Sectors Cylinders Size Type Id Flags

For more details see sfdisk(8).
commandrvf: stdout=n stderr=y flags=0x0
commandrvf: udevadm --debug settle
SELinux enabled state cached to: disabled
No filesystem is currently mounted on /sys/fs/cgroup.
Failed to determine unit we run in, ignoring: No data available
command: sfdisk '--part-type' '/dev/sda' '1'
command: sfdisk returned 0
command: sfdisk: stdout:
 e
commandrvf: stdout=n stderr=y flags=0x0
commandrvf: udevadm --debug settle
SELinux enabled state cached to: disabled
No filesystem is currently mounted on /sys/fs/cgroup.
Failed to determine unit we run in, ignoring: No data available
commandrvf: stdout=n stderr=y flags=0x0
commandrvf: udevadm --debug settle
SELinux enabled state cached to: disabled
No filesystem is currently mounted on /sys/fs/cgroup.
Failed to determine unit we run in, ignoring: No data available
command: fold-stdout-on-stderr sgdisk '/dev/sda' '-i' '1'
[   15.910148][  T169]  sda: sda1 sda2
command: sgdisk returned 0
command: sgdisk: stderr:

***************************************************************
Found invalid GPT and valid MBR; converting MBR to GPT format
in memory. 
***************************************************************


Warning! Secondary partition table overlaps the last partition by
33 blocks!
You will need to delete this partition or resize it in another utility.
Partition GUID code: EBD0A0A2-B9E5-4433-87C0-68B6B72699C7 (Microsoft basic data)
Partition unique GUID: D3768C65-B814-4B27-B246-A4AF7509EC75
First sector: 2048 (at 1024.0 KiB)
Last sector: 4194303 (at 2.0 GiB)
Partition size: 4192256 sectors (2.0 GiB)
Attribute flags: 0000000000000000
Partition name: 'Microsoft basic data'
commandrvf: stdout=n stderr=y flags=0x0
commandrvf: udevadm --debug settle
SELinux enabled state cached to: disabled
No filesystem is currently mounted on /sys/fs/cgroup.
Failed to determine unit we run in, ignoring: No data available
commandrvf: stdout=n stderr=y flags=0x0
commandrvf: udevadm --debug settle
SELinux enabled state cached to: disabled
No filesystem is currently mounted on /sys/fs/cgroup.
Failed to determine unit we run in, ignoring: No data available
command: parted '-m' '-s' '--' '/dev/sda' 'unit' 'b' 'print'
[   16.715901][  T169]  sda: sda1 sda2
command: parted returned 0
command: parted: stdout:
BYT;
/dev/sda:42949672960B:scsi:512:512:msdos:QEMU QEMU HARDDISK:;
1:1048576B:2147483647B:2146435072B:fat32::lba;
2:2147483648B:42949672959B:40802189312B:ext4::;
commandrvf: stdout=n stderr=y flags=0x0
commandrvf: udevadm --debug settle
SELinux enabled state cached to: disabled
No filesystem is currently mounted on /sys/fs/cgroup.
Failed to determine unit we run in, ignoring: No data available
commandrvf: stdout=n stderr=y flags=0x0
commandrvf: udevadm --debug settle
SELinux enabled state cached to: disabled
No filesystem is currently mounted on /sys/fs/cgroup.
Failed to determine unit we run in, ignoring: No data available
command: parted '-m' '-s' '--' '/dev/sda' 'unit' 'b' 'print'
[   17.446194][  T169]  sda: sda1 sda2
command: parted returned 0
command: parted: stdout:
BYT;
/dev/sda:42949672960B:scsi:512:512:msdos:QEMU QEMU HARDDISK:;
1:1048576B:2147483647B:2146435072B:fat32::lba;
2:2147483648B:42949672959B:40802189312B:ext4::;
commandrvf: stdout=n stderr=y flags=0x0
commandrvf: udevadm --debug settle
SELinux enabled state cached to: disabled
No filesystem is currently mounted on /sys/fs/cgroup.
Failed to determine unit we run in, ignoring: No data available
commandrvf: stdout=n stderr=y flags=0x0
commandrvf: udevadm --debug settle
SELinux enabled state cached to: disabled
No filesystem is currently mounted on /sys/fs/cgroup.
Failed to determine unit we run in, ignoring: No data available
command: sfdisk '--part-type' '/dev/sda' '2'
command: sfdisk returned 0
command: sfdisk: stdout:
83
commandrvf: stdout=n stderr=y flags=0x0
commandrvf: udevadm --debug settle
SELinux enabled state cached to: disabled
No filesystem is currently mounted on /sys/fs/cgroup.
Failed to determine unit we run in, ignoring: No data available
commandrvf: stdout=n stderr=y flags=0x0
commandrvf: udevadm --debug settle
SELinux enabled state cached to: disabled
No filesystem is currently mounted on /sys/fs/cgroup.
Failed to determine unit we run in, ignoring: No data available
command: fold-stdout-on-stderr sgdisk '/dev/sda' '-i' '2'
[   18.330128][  T169]  sda: sda1 sda2
command: sgdisk returned 0
command: sgdisk: stderr:

***************************************************************
Found invalid GPT and valid MBR; converting MBR to GPT format
in memory. 
***************************************************************


Warning! Secondary partition table overlaps the last partition by
33 blocks!
You will need to delete this partition or resize it in another utility.
Partition GUID code: 0FC63DAF-8483-4772-8E79-3D69D8477DE4 (Linux filesystem)
Partition unique GUID: 35A1BEE8-4C1F-4F54-B32E-ECC8F8775B47
First sector: 4194304 (at 2.0 GiB)
Last sector: 83886079 (at 40.0 GiB)
Partition size: 79691776 sectors (38.0 GiB)
Attribute flags: 0000000000000000
Partition name: 'Linux filesystem'
commandrvf: stdout=n stderr=y flags=0x0
commandrvf: udevadm --debug settle
SELinux enabled state cached to: disabled
No filesystem is currently mounted on /sys/fs/cgroup.
Failed to determine unit we run in, ignoring: No data available
command: blkid '-c' '/dev/null' '-o' 'value' '-s' 'TYPE' '/dev/sda1'
command: blkid returned 0
command: blkid: stdout:
vfat
command: blkid '-c' '/dev/null' '-o' 'value' '-s' 'TYPE' '/dev/sda2'
command: blkid returned 0
command: blkid: stdout:
ext4
command: lvm 'lvs' '-o' 'vg_name,lv_name' '-S' 'lv_role=public && lv_skip_activation!=yes' '--noheadings' '--separator' '/'
command: lvm returned 0
check_for_filesystem_on: /dev/sda1 (vfat)
command: mount '-o' 'ro' '/dev/sda1' '/sysroot//'
command: mount returned 0
chroot: /sysroot: running 'is_file: /grub/menu.lst'
chroot: /sysroot: running 'is_file: /grub/grub.conf'
chroot: /sysroot: running 'is_file: /grub2/grub.cfg'
check_filesystem: /dev/sda1 matched Grub /boot
command: umount '/sysroot'
command: umount returned 0
check_for_filesystem_on: /dev/sda2 (ext4)
command: mount '-o' 'ro' '/dev/sda2' '/sysroot//'
[   19.806704][  T280] EXT4-fs (sda2): mounted filesystem with ordered data mode. Quota mode: none.
command: mount returned 0
chroot: /sysroot: running 'is_file: /grub/menu.lst'
chroot: /sysroot: running 'is_file: /grub/grub.conf'
chroot: /sysroot: running 'is_file: /grub2/grub.cfg'
chroot: /sysroot: running 'is_dir: /etc'
chroot: /sysroot: running 'is_dir: /bin'
chroot: /sysroot: running 'is_dir: /etc'
chroot: /sysroot: running 'is_dir: /bin'
chroot: /sysroot: running 'is_dir: /etc'
chroot: /sysroot: running 'is_dir: /bin'
chroot: /sysroot: running 'is_file: /hurd/console'
chroot: /sysroot: running 'is_dir: /etc'
chroot: /sysroot: running 'is_dir: /bin'
chroot: /sysroot: running 'is_dir: /etc'
chroot: /sysroot: running 'is_dir: /bin'
chroot: /sysroot: running 'is_symlink: /bin'
chroot: /sysroot: running 'readlink: /bin'
chroot: /sysroot: running 'is_file: /etc/fstab'
check_filesystem: /dev/sda2 matched Linux root
check_tests: checking /etc/os-release
chroot: /sysroot: running 'is_file: /etc/os-release'
chroot: /sysroot: running 'parse_os_release'
/etc/os-release: unknown ID=openEuler
parse_version_from_major_minor: parsing '20.03'
check_tests: checking /etc/lsb-release
chroot: /sysroot: running 'is_file: /etc/lsb-release'
check_tests: checking /etc/openmandriva-release
chroot: /sysroot: running 'is_file: /etc/openmandriva-release'
check_tests: checking /etc/oracle-release
chroot: /sysroot: running 'is_file: /etc/oracle-release'
check_tests: checking /etc/oracle-release
chroot: /sysroot: running 'is_file: /etc/oracle-release'
check_tests: checking /etc/oracle-release
chroot: /sysroot: running 'is_file: /etc/oracle-release'
check_tests: checking /etc/centos-release
chroot: /sysroot: running 'is_file: /etc/centos-release'
check_tests: checking /etc/centos-release
chroot: /sysroot: running 'is_file: /etc/centos-release'
check_tests: checking /etc/centos-release
chroot: /sysroot: running 'is_file: /etc/centos-release'
check_tests: checking /etc/rocky-release
chroot: /sysroot: running 'is_file: /etc/rocky-release'
check_tests: checking /etc/rocky-release
chroot: /sysroot: running 'is_file: /etc/rocky-release'
check_tests: checking /etc/altlinux-release
chroot: /sysroot: running 'is_file: /etc/altlinux-release'
check_tests: checking /etc/redhat-release
chroot: /sysroot: running 'is_file: /etc/redhat-release'
check_tests: checking /etc/redhat-release
chroot: /sysroot: running 'is_file: /etc/redhat-release'
check_tests: checking /etc/redhat-release
chroot: /sysroot: running 'is_file: /etc/redhat-release'
check_tests: checking /etc/redhat-release
chroot: /sysroot: running 'is_file: /etc/redhat-release'
check_tests: checking /etc/redhat-release
chroot: /sysroot: running 'is_file: /etc/redhat-release'
check_tests: checking /etc/redhat-release
chroot: /sysroot: running 'is_file: /etc/redhat-release'
check_tests: checking /etc/redhat-release
chroot: /sysroot: running 'is_file: /etc/redhat-release'
check_tests: checking /etc/redhat-release
chroot: /sysroot: running 'is_file: /etc/redhat-release'
check_tests: checking /etc/redhat-release
chroot: /sysroot: running 'is_file: /etc/redhat-release'
check_tests: checking /etc/redhat-release
chroot: /sysroot: running 'is_file: /etc/redhat-release'
check_tests: checking /etc/redhat-release
chroot: /sysroot: running 'is_file: /etc/redhat-release'
check_tests: checking /etc/redhat-release
chroot: /sysroot: running 'is_file: /etc/redhat-release'
check_tests: checking /etc/redhat-release
chroot: /sysroot: running 'is_file: /etc/redhat-release'
check_tests: checking /etc/redhat-release
chroot: /sysroot: running 'is_file: /etc/redhat-release'
check_tests: checking /etc/debian_version
chroot: /sysroot: running 'is_file: /etc/debian_version'
check_tests: checking /etc/pardus-release
chroot: /sysroot: running 'is_file: /etc/pardus-release'
check_tests: checking /etc/arch-release
chroot: /sysroot: running 'is_file: /etc/arch-release'
check_tests: checking /etc/gentoo-release
chroot: /sysroot: running 'is_file: /etc/gentoo-release'
check_tests: checking /etc/meego-release
chroot: /sysroot: running 'is_file: /etc/meego-release'
check_tests: checking /etc/slackware-version
chroot: /sysroot: running 'is_file: /etc/slackware-version'
check_tests: checking /etc/ttylinux-target
chroot: /sysroot: running 'is_file: /etc/ttylinux-target'
check_tests: checking /etc/SuSE-release
chroot: /sysroot: running 'is_file: /etc/SuSE-release'
check_tests: checking /etc/SuSE-release
chroot: /sysroot: running 'is_file: /etc/SuSE-release'
check_tests: checking /etc/cirros/version
chroot: /sysroot: running 'is_file: /etc/cirros/version'
check_tests: checking /etc/br-version
chroot: /sysroot: running 'is_file: /etc/br-version'
check_tests: checking /etc/alpine-release
chroot: /sysroot: running 'is_file: /etc/alpine-release'
check_tests: checking /etc/frugalware-release
chroot: /sysroot: running 'is_file: /etc/frugalware-release'
check_tests: checking /etc/pld-release
chroot: /sysroot: running 'is_file: /etc/pld-release'
chroot: /sysroot: running 'is_file: /bin/bash'
chroot: /sysroot: running 'realpath: /bin/bash'
commandrvf: stdout=n stderr=y flags=0x0
commandrvf: udevadm --debug settle -E /usr/bin/bash
SELinux enabled state cached to: disabled
No filesystem is currently mounted on /sys/fs/cgroup.
Failed to determine unit we run in, ignoring: No data available
chroot: /sysroot: running 'file: /usr/bin/bash'
command: file '-zb' '/sysroot//usr/bin/bash'
command: file returned 0
command: file: stdout:
ELF 64-bit LSB pie executable, x86-64, version 1 (SYSV), dynamically linked, interpreter /lib64/ld-linux-x86-64.so.2, BuildID[sha1]=acf6baa8b19ac2eae1451a64830b2f567ba64de9, for GNU/Linux 3.2.0, stripped
chroot: /sysroot: running 'is_file: /etc/fstab'
chroot: /sysroot: running 'check_fstab_aug'
chroot: /sysroot: running 'is_file: /etc/mdadm.conf'
chroot: /sysroot: running 'is_file: /etc/mdadm/mdadm.conf'
augeas pathexpr = /augeas/load/*[ "/etc/fstab/" !~ regexp('^') + glob(incl) + regexp('/.*') ]
check_fstab_entry: augeas path: /files/etc/fstab/2
check_fstab_entry: spec=UUID=8AE0-C2B8
check_fstab_entry: mp=/boot
command: findfs 'UUID=8AE0-C2B8'
command: findfs returned 0
command: findfs: stdout:
/dev/sda1
check_fstab_entry: vfstype=vfat
check_fstab_entry: augeas path: /files/etc/fstab/1
check_fstab_entry: spec=UUID=1efe7cf6-86ae-473f-9962-eb2f97ed54cc
check_fstab_entry: mp=/
command: findfs 'UUID=1efe7cf6-86ae-473f-9962-eb2f97ed54cc'
command: findfs returned 0
command: findfs: stdout:
/dev/sda2
check_fstab_entry: vfstype=ext4
chroot: /sysroot: running 'check_hostname_from_file: /etc/HOSTNAME'
chroot: /sysroot: running 'check_hostname_from_file: /etc/hostname'
chroot: /sysroot: running 'is_file: /etc/sysconfig/network'
chroot: /sysroot: running 'is_file: /etc/sysconfig/network'
chroot: /sysroot: running 'check_hostname_from_sysconfig_network'
augeas pathexpr = /augeas/load/*[ "/etc/sysconfig/network/" !~ regexp('^') + glob(incl) + regexp('/.*') ]
command: umount '/sysroot'
[   27.865280][  T357] EXT4-fs (sda2): unmounting filesystem.
command: umount returned 0
inspect_os: fses:
fs: /dev/sda1 (vfat) role: other
fs: /dev/sda2 (ext4) role: root
    type: linux
    product_name: openEuler 20.03 (LTS-SP3)
    version: 20.3
    arch: x86_64
    fstab: [(/dev/sda1, /boot), (/dev/sda2, /)]

inspect_get_roots: roots:
/dev/sda2 (ext4):
    type: linux
    product_name: openEuler 20.03 (LTS-SP3)
    version: 20.3
    arch: x86_64
    fstab: [(/dev/sda1, /boot), (/dev/sda2, /)]
libguestfs: trace: inspect_os = ["/dev/sda2"]
libguestfs: trace: inspect_get_mountpoints "/dev/sda2"
guestfsd: => inspect_os (0x1e0) took 14.50 secs
guestfsd: <= inspect_get_mountpoints (0x1f4) request length 56 bytes
commandrvf: stdout=n stderr=y flags=0x0
commandrvf: udevadm --debug settle -E /dev/sda2
SELinux enabled state cached to: disabled
No filesystem is currently mounted on /sys/fs/cgroup.
Failed to determine unit we run in, ignoring: No data available
libguestfs: trace: inspect_get_mountpoints = ["/boot", "/dev/sda1", "/", "/dev/sda2"]
libguestfs: trace: mount "/dev/sda2" "/"
guestfsd: => inspect_get_mountpoints (0x1f4) took 0.10 secs
guestfsd: <= mount (0x1) request length 64 bytes
commandrvf: stdout=n stderr=y flags=0x0
commandrvf: udevadm --debug settle -E /dev/sda2
SELinux enabled state cached to: disabled
No filesystem is currently mounted on /sys/fs/cgroup.
Failed to determine unit we run in, ignoring: No data available
command: mount '/dev/sda2' '/sysroot//'
[   28.192458][  T360] EXT4-fs (sda2): mounted filesystem with ordered data mode. Quota mode: none.
libguestfs: trace: mount = 0
libguestfs: trace: mount "/dev/sda1" "/boot"
guestfsd: => mount (0x1) took 0.24 secs
guestfsd: <= mount (0x1) request length 68 bytes
commandrvf: stdout=n stderr=y flags=0x0
commandrvf: udevadm --debug settle -E /dev/sda1
SELinux enabled state cached to: disabled
No filesystem is currently mounted on /sys/fs/cgroup.
Failed to determine unit we run in, ignoring: No data available
command: mount returned 0
command: mount '/dev/sda1' '/sysroot//boot'
libguestfs: trace: mount = 0
libguestfs: trace: cat "/etc/group"
libguestfs: trace: read_file "/etc/group"
libguestfs: trace: download "/etc/group" "/tmp/libguestfsdNkNPo/cat3"
guestfsd: => mount (0x1) took 0.22 secs
guestfsd: <= download (0x43) request length 56 bytes
commandrvf: stdout=n stderr=y flags=0x0
commandrvf: udevadm --debug settle -E /etc/group
SELinux enabled state cached to: disabled
No filesystem is currently mounted on /sys/fs/cgroup.
Failed to determine unit we run in, ignoring: No data available
commandrvf: stdout=n stderr=y flags=0x0
commandrvf: udevadm --debug settle -E /etc/group
SELinux enabled state cached to: disabled
No filesystem is currently mounted on /sys/fs/cgroup.
Failed to determine unit we run in, ignoring: No data available
libguestfs: trace: download = 0
libguestfs: trace: read_file = "root:x:0:\x0abin:x:1:\x0adaemon:x:2:\x0asys:x:3:\x0aadm:x:4:\x0atty:x:5:\x0adisk:x:6:\x0alp:x:7:\x0amem:x:8:\x0akmem:x:9:\x0awheel:x:10:\x0acdrom:x:11:\x0amail:x:12:\x0aman:x:15:\x0adialout:x:18:\x0afloppy:x:19:\x0agames:x:20:\x0atape:x:33:\x0avideo:x:39:\x0aftp:x:50:\x0alock:x:54:\x0aaudio:x:63:\x0ausers:x:100:\x0anobody:x"<truncated, original size 520 bytes>
libguestfs: trace: cat = "root:x:0:\nbin:x:1:\ndaemon:x:2:\nsys:x:3:\nadm:x:4:\ntty:x:5:\ndisk:x:6:\nlp:x:7:\nmem:x:8:\nkmem:x:9:\nwheel:x:10:\ncdrom:x:11:\nmail:x:12:\nman:x:15:\ndialout:x:18:\nfloppy:x:19:\ngames:x:20:\ntape:x:33:\nvideo:x:39:\nftp:x:50:\nlock:x:54:\naudio:x:63:\nusers:x:100:\nnobody:x:65534:\nutmp:x:22:\nutempter:x:35:\ninput:x:999:\nkvm:x:36:\nrender:x:998:\nsystemd-journal:x:190:\nsystemd-coredump:x:997:\nsystemd-network:x:192:\nsystemd-resolve:x:193:\nsystemd-timesync:x:996:\nunbound:x:995:\ndbus:x:81:\ntss:x:59:\nssh_keys:x:994:\nsshd:x:74:\ndhcpd:x:177:\n"
root:x:0:
bin:x:1:
daemon:x:2:
sys:x:3:
adm:x:4:
tty:x:5:
disk:x:6:
lp:x:7:
mem:x:8:
kmem:x:9:
wheel:x:10:
cdrom:x:11:
mail:x:12:
man:x:15:
dialout:x:18:
floppy:x:19:
games:x:20:
tape:x:33:
video:x:39:
ftp:x:50:
lock:x:54:
audio:x:63:
users:x:100:
nobody:x:65534:
utmp:x:22:
utempter:x:35:
input:x:999:
kvm:x:36:
render:x:998:
systemd-journal:x:190:
systemd-coredump:x:997:
systemd-network:x:192:
systemd-resolve:x:193:
systemd-timesync:x:996:
unbound:x:995:
dbus:x:81:
tss:x:59:
ssh_keys:x:994:
sshd:x:74:
dhcpd:x:177:

libguestfs: trace: shutdown
libguestfs: trace: internal_autosync
guestfsd: => download (0x43) took 0.20 secs
guestfsd: <= internal_autosync (0x11a) request length 40 bytes
umount-all: /proc/mounts: fsname=/dev/root dir=/ type=ext2 opts=rw,noatime freq=0 passno=0
umount-all: /proc/mounts: fsname=/proc dir=/proc type=proc opts=rw,relatime freq=0 passno=0
umount-all: /proc/mounts: fsname=/sys dir=/sys type=sysfs opts=rw,relatime freq=0 passno=0
umount-all: /proc/mounts: fsname=/dev dir=/dev type=devtmpfs opts=rw,relatime,size=612516k,nr_inodes=153129,mode=755 freq=0 passno=0
umount-all: /proc/mounts: fsname=/dev/pts dir=/dev/pts type=devpts opts=rw,relatime,mode=600,ptmxmode=000 freq=0 passno=0
umount-all: /proc/mounts: fsname=shmfs dir=/dev/shm type=tmpfs opts=rw,relatime freq=0 passno=0
umount-all: /proc/mounts: fsname=tmpfs dir=/run type=tmpfs opts=rw,nosuid,relatime,size=247440k,mode=755 freq=0 passno=0
umount-all: /proc/mounts: fsname=/dev/sda2 dir=/sysroot type=ext4 opts=rw,relatime freq=0 passno=0
umount-all: /proc/mounts: fsname=/dev/sda1 dir=/sysroot/boot type=vfat opts=rw,relatime,fmask=0022,dmask=0022,codepage=437,iocharset=ascii,shortname=mixed,errors=remount-ro freq=0 passno=0
commandrvf: stdout=n stderr=y flags=0x0
commandrvf: umount /sysroot/boot
commandrvf: stdout=n stderr=y flags=0x0
commandrvf: umount /sysroot
[   28.889317][  T369] EXT4-fs (sda2): unmounting filesystem.
commandrvf: stdout=n stderr=y flags=0x0
commandrvf: udevadm --debug settle -E /dev/sdb
SELinux enabled state cached to: disabled
No filesystem is currently mounted on /sys/fs/cgroup.
Failed to determine unit we run in, ignoring: No data available
commandrvf: stdout=n stderr=y flags=0x0
commandrvf: udevadm --debug settle -E /dev/sda
SELinux enabled state cached to: disabled
No filesystem is currently mounted on /sys/fs/cgroup.
Failed to determine unit we run in, ignoring: No data available
fsync /dev/sda
guestfsd: => internal_autosync (0x11a) took 0.47 secs
libguestfs: trace: internal_autosync = 0
libguestfs: sending SIGTERM to process 6586
libguestfs: qemu maxrss 1206008K
libguestfs: trace: shutdown = 0
libguestfs: trace: close
libguestfs: closing guestfs handle 0x563652e66a40 (state 0)
libguestfs: command: run: rm
libguestfs: command: run: \ -rf /tmp/libguestfsdNkNPo
libguestfs: command: run: rm
libguestfs: command: run: \ -rf /tmp/libguestfsXZ7aOi
+ CHECK_RESULT 0 0 0 'Check guestfish --key failed'
+ actual_result=0
+ expect_result=0
+ mode=0
+ error_log='Check guestfish --key failed'
+ exit_mode=0
+ '[' -z 0 ']'
+ '[' 0 -eq 0 ']'
+ test 0x '!=' 0x
+ return 0
+ guestfish --keys-from-stdin -a /home/kvm/images/openEuler-20.03-LTS-SP3.qcow2 -i cat /etc/group
libguestfs: trace: set_verbose true
libguestfs: trace: set_verbose = 0
libguestfs: trace: set_backend "direct"
libguestfs: trace: set_backend = 0
libguestfs: create: flags = 0, handle = 0x55abf6a35a40, program = guestfish
libguestfs: trace: add_drive "/home/kvm/images/openEuler-20.03-LTS-SP3.qcow2"
libguestfs: trace: add_drive = 0
libguestfs: trace: is_config
libguestfs: trace: is_config = 1
libguestfs: trace: launch
libguestfs: trace: max_disks
libguestfs: trace: max_disks = 255
libguestfs: trace: get_tmpdir
libguestfs: trace: get_tmpdir = "/tmp"
libguestfs: trace: version
