Aug 09 09:58:39 openeuler-riscv64 kernel: Linux version 6.4.0-1.0.0.4.oe2309.riscv64 (abuild@sg2042-evb) (gcc_old (GCC) 12.3.1 20230508 (openEuler 12.3.1-4.oe2309), GNU ld (GNU Binutils) 2.37) #1 SMP Wed Jul 26 01:59:42 UTC 2023
Aug 09 09:58:39 openeuler-riscv64 kernel: random: crng init done
Aug 09 09:58:39 openeuler-riscv64 kernel: Machine model: riscv-virtio,qemu
Aug 09 09:58:39 openeuler-riscv64 kernel: earlycon: ns16550a0 at MMIO 0x0000000010000000 (options '')
Aug 09 09:58:39 openeuler-riscv64 kernel: printk: bootconsole [ns16550a0] enabled
Aug 09 09:58:39 openeuler-riscv64 kernel: efi: UEFI not found.
Aug 09 09:58:39 openeuler-riscv64 kernel: OF: reserved mem: 0x0000000080000000..0x000000008003ffff (256 KiB) map non-reusable mmode_resv0@80000000
Aug 09 09:58:39 openeuler-riscv64 kernel: cma: Reserved 64 MiB at 0x00000000fb600000
Aug 09 09:58:39 openeuler-riscv64 kernel: NUMA: No NUMA configuration found
Aug 09 09:58:39 openeuler-riscv64 kernel: NUMA: Faking a node at [mem 0x0000000080000000-0x000000017fffffff]
Aug 09 09:58:39 openeuler-riscv64 kernel: NUMA: NODE_DATA [mem 0x17ffed340-0x17fff1fff]
Aug 09 09:58:39 openeuler-riscv64 kernel: Zone ranges:
Aug 09 09:58:39 openeuler-riscv64 kernel:   DMA32    [mem 0x0000000080000000-0x00000000ffffffff]
Aug 09 09:58:39 openeuler-riscv64 kernel:   Normal   [mem 0x0000000100000000-0x000000017fffffff]
Aug 09 09:58:39 openeuler-riscv64 kernel: Movable zone start for each node
Aug 09 09:58:39 openeuler-riscv64 kernel: Early memory node ranges
Aug 09 09:58:39 openeuler-riscv64 kernel:   node   0: [mem 0x0000000080000000-0x000000017fffffff]
Aug 09 09:58:39 openeuler-riscv64 kernel: Initmem setup node 0 [mem 0x0000000080000000-0x000000017fffffff]
Aug 09 09:58:39 openeuler-riscv64 kernel: SBI specification v1.0 detected
Aug 09 09:58:39 openeuler-riscv64 kernel: SBI implementation ID=0x1 Version=0x10002
Aug 09 09:58:39 openeuler-riscv64 kernel: SBI TIME extension detected
Aug 09 09:58:39 openeuler-riscv64 kernel: SBI IPI extension detected
Aug 09 09:58:39 openeuler-riscv64 kernel: SBI RFENCE extension detected
Aug 09 09:58:39 openeuler-riscv64 kernel: SBI SRST extension detected
Aug 09 09:58:39 openeuler-riscv64 kernel: SBI HSM extension detected
Aug 09 09:58:39 openeuler-riscv64 kernel: riscv: base ISA extensions acdfhim
Aug 09 09:58:39 openeuler-riscv64 kernel: riscv: ELF capabilities acdfim
Aug 09 09:58:39 openeuler-riscv64 kernel: percpu: cpu 0 has no node -1 or node-local memory
Aug 09 09:58:39 openeuler-riscv64 kernel: percpu: Embedded 29 pages/cpu s81640 r8192 d28952 u118784
Aug 09 09:58:39 openeuler-riscv64 kernel: pcpu-alloc: s81640 r8192 d28952 u118784 alloc=29*4096
Aug 09 09:58:39 openeuler-riscv64 kernel: pcpu-alloc: [0] 0 [0] 1 [0] 2 [0] 3 
Aug 09 09:58:39 openeuler-riscv64 kernel: Kernel command line: root=/dev/vda2 rw console=ttyS0 systemd.default_timeout_start_sec=600 selinux=0 highres=off earlycon
Aug 09 09:58:39 openeuler-riscv64 kernel: Dentry cache hash table entries: 524288 (order: 10, 4194304 bytes, linear)
Aug 09 09:58:39 openeuler-riscv64 kernel: Inode-cache hash table entries: 262144 (order: 9, 2097152 bytes, linear)
Aug 09 09:58:39 openeuler-riscv64 kernel: Fallback order for Node 0: 0 
Aug 09 09:58:39 openeuler-riscv64 kernel: Built 1 zonelists, mobility grouping on.  Total pages: 1032192
Aug 09 09:58:39 openeuler-riscv64 kernel: Policy zone: Normal
Aug 09 09:58:39 openeuler-riscv64 kernel: mem auto-init: stack:off, heap alloc:off, heap free:off
Aug 09 09:58:39 openeuler-riscv64 kernel: stackdepot: allocating hash table via alloc_large_system_hash
Aug 09 09:58:39 openeuler-riscv64 kernel: stackdepot hash table entries: 262144 (order: 9, 2097152 bytes, linear)
Aug 09 09:58:39 openeuler-riscv64 kernel: software IO TLB: area num 4.
Aug 09 09:58:39 openeuler-riscv64 kernel: software IO TLB: mapped [mem 0x00000000f7600000-0x00000000fb600000] (64MB)
Aug 09 09:58:39 openeuler-riscv64 kernel: Virtual kernel memory layout:
Aug 09 09:58:39 openeuler-riscv64 kernel:       fixmap : 0xffffffc6fea00000 - 0xffffffc6ff000000   (6144 kB)
Aug 09 09:58:39 openeuler-riscv64 kernel:       pci io : 0xffffffc6ff000000 - 0xffffffc700000000   (  16 MB)
Aug 09 09:58:39 openeuler-riscv64 kernel:      vmemmap : 0xffffffc700000000 - 0xffffffc800000000   (4096 MB)
Aug 09 09:58:39 openeuler-riscv64 kernel:      vmalloc : 0xffffffc800000000 - 0xffffffd800000000   (  64 GB)
Aug 09 09:58:39 openeuler-riscv64 kernel:      modules : 0xffffffff0259b000 - 0xffffffff80000000   (2010 MB)
Aug 09 09:58:39 openeuler-riscv64 kernel:       lowmem : 0xffffffd800000000 - 0xffffffd900000000   (4096 MB)
Aug 09 09:58:39 openeuler-riscv64 kernel:       kernel : 0xffffffff80000000 - 0xffffffffffffffff   (2047 MB)
Aug 09 09:58:39 openeuler-riscv64 kernel: Memory: 3932496K/4194304K available (11916K kernel code, 8858K rwdata, 10240K rodata, 2662K init, 4455K bss, 196272K reserved, 65536K cma-reserved)
Aug 09 09:58:39 openeuler-riscv64 kernel: SLUB: HWalign=64, Order=0-3, MinObjects=0, CPUs=4, Nodes=1
Aug 09 09:58:39 openeuler-riscv64 kernel: ftrace: allocating 43696 entries in 171 pages
Aug 09 09:58:39 openeuler-riscv64 kernel: ftrace: allocated 171 pages with 5 groups
Aug 09 09:58:39 openeuler-riscv64 kernel: trace event string verifier disabled
Aug 09 09:58:39 openeuler-riscv64 kernel: rcu: Hierarchical RCU implementation.
Aug 09 09:58:39 openeuler-riscv64 kernel: rcu:         RCU restricting CPUs from NR_CPUS=512 to nr_cpu_ids=4.
Aug 09 09:58:39 openeuler-riscv64 kernel:         Rude variant of Tasks RCU enabled.
Aug 09 09:58:39 openeuler-riscv64 kernel:         Tracing variant of Tasks RCU enabled.
Aug 09 09:58:39 openeuler-riscv64 kernel: rcu: RCU calculated value of scheduler-enlistment delay is 25 jiffies.
Aug 09 09:58:39 openeuler-riscv64 kernel: rcu: Adjusting geometry for rcu_fanout_leaf=16, nr_cpu_ids=4
Aug 09 09:58:39 openeuler-riscv64 kernel: NR_IRQS: 64, nr_irqs: 64, preallocated irqs: 0
Aug 09 09:58:39 openeuler-riscv64 kernel: riscv-intc: 64 local interrupts mapped
Aug 09 09:58:39 openeuler-riscv64 kernel: plic: plic@c000000: mapped 95 interrupts with 4 handlers for 8 contexts.
Aug 09 09:58:39 openeuler-riscv64 kernel: riscv: providing IPIs using SBI IPI extension
Aug 09 09:58:39 openeuler-riscv64 kernel: rcu: srcu_init: Setting srcu_struct sizes based on contention.
Aug 09 09:58:39 openeuler-riscv64 kernel: riscv-timer: riscv_timer_init_dt: Registering clocksource cpuid [0] hartid [0]
Aug 09 09:58:39 openeuler-riscv64 kernel: clocksource: riscv_clocksource: mask: 0xffffffffffffffff max_cycles: 0x24e6a1710, max_idle_ns: 440795202120 ns
Aug 09 09:58:39 openeuler-riscv64 kernel: sched_clock: 64 bits at 10MHz, resolution 100ns, wraps every 4398046511100ns
Aug 09 09:58:39 openeuler-riscv64 kernel: riscv-timer: Timer interrupt in S-mode is available via sstc extension
Aug 09 09:58:39 openeuler-riscv64 kernel: Console: colour dummy device 80x25
Aug 09 09:58:39 openeuler-riscv64 kernel: Calibrating delay loop (skipped), value calculated using timer frequency.. 20.00 BogoMIPS (lpj=40000)
Aug 09 09:58:39 openeuler-riscv64 kernel: pid_max: default: 32768 minimum: 301
Aug 09 09:58:39 openeuler-riscv64 kernel: LSM: initializing lsm=lockdown,capability,yama,apparmor,integrity
Aug 09 09:58:39 openeuler-riscv64 kernel: Yama: becoming mindful.
Aug 09 09:58:39 openeuler-riscv64 kernel: AppArmor: AppArmor initialized
Aug 09 09:58:39 openeuler-riscv64 kernel: Mount-cache hash table entries: 8192 (order: 4, 65536 bytes, linear)
Aug 09 09:58:39 openeuler-riscv64 kernel: Mountpoint-cache hash table entries: 8192 (order: 4, 65536 bytes, linear)
Aug 09 09:58:39 openeuler-riscv64 kernel: cblist_init_generic: Setting adjustable number of callback queues.
Aug 09 09:58:39 openeuler-riscv64 kernel: cblist_init_generic: Setting shift to 2 and lim to 1.
Aug 09 09:58:39 openeuler-riscv64 kernel: cblist_init_generic: Setting shift to 2 and lim to 1.
Aug 09 09:58:39 openeuler-riscv64 kernel: riscv: ELF compat mode supported
Aug 09 09:58:39 openeuler-riscv64 kernel: ASID allocator using 16 bits (65536 entries)
Aug 09 09:58:39 openeuler-riscv64 kernel: rcu: Hierarchical SRCU implementation.
Aug 09 09:58:39 openeuler-riscv64 kernel: rcu:         Max phase no-delay instances is 1000.
Aug 09 09:58:39 openeuler-riscv64 kernel: EFI services will not be available.
Aug 09 09:58:39 openeuler-riscv64 kernel: smp: Bringing up secondary CPUs ...
Aug 09 09:58:39 openeuler-riscv64 kernel: smp: Brought up 1 node, 4 CPUs
Aug 09 09:58:39 openeuler-riscv64 kernel: devtmpfs: initialized
Aug 09 09:58:40 openeuler-riscv64 kernel: clocksource: jiffies: mask: 0xffffffff max_cycles: 0xffffffff, max_idle_ns: 7645041785100000 ns
Aug 09 09:58:40 openeuler-riscv64 kernel: futex hash table entries: 1024 (order: 4, 65536 bytes, linear)
Aug 09 09:58:40 openeuler-riscv64 kernel: pinctrl core: initialized pinctrl subsystem
Aug 09 09:58:40 openeuler-riscv64 kernel: NET: Registered PF_NETLINK/PF_ROUTE protocol family
Aug 09 09:58:40 openeuler-riscv64 kernel: DMA: preallocated 512 KiB GFP_KERNEL pool for atomic allocations
Aug 09 09:58:40 openeuler-riscv64 kernel: DMA: preallocated 512 KiB GFP_KERNEL|GFP_DMA32 pool for atomic allocations
Aug 09 09:58:40 openeuler-riscv64 kernel: audit: initializing netlink subsys (disabled)
Aug 09 09:58:40 openeuler-riscv64 kernel: audit: type=2000 audit(0.388:1): state=initialized audit_enabled=0 res=1
Aug 09 09:58:40 openeuler-riscv64 kernel: thermal_sys: Registered thermal governor 'fair_share'
Aug 09 09:58:40 openeuler-riscv64 kernel: thermal_sys: Registered thermal governor 'step_wise'
Aug 09 09:58:40 openeuler-riscv64 kernel: thermal_sys: Registered thermal governor 'user_space'
Aug 09 09:58:40 openeuler-riscv64 kernel: cpuidle: using governor menu
Aug 09 09:58:40 openeuler-riscv64 kernel: HugeTLB: registered 1.00 GiB page size, pre-allocated 0 pages
Aug 09 09:58:40 openeuler-riscv64 kernel: HugeTLB: 16380 KiB vmemmap can be freed for a 1.00 GiB page
Aug 09 09:58:40 openeuler-riscv64 kernel: HugeTLB: registered 2.00 MiB page size, pre-allocated 0 pages
Aug 09 09:58:40 openeuler-riscv64 kernel: HugeTLB: 28 KiB vmemmap can be freed for a 2.00 MiB page
Aug 09 09:58:40 openeuler-riscv64 kernel: iommu: Default domain type: Translated 
Aug 09 09:58:40 openeuler-riscv64 kernel: iommu: DMA domain TLB invalidation policy: strict mode 
Aug 09 09:58:40 openeuler-riscv64 kernel: SCSI subsystem initialized
Aug 09 09:58:40 openeuler-riscv64 kernel: libata version 3.00 loaded.
Aug 09 09:58:40 openeuler-riscv64 kernel: usbcore: registered new interface driver usbfs
Aug 09 09:58:40 openeuler-riscv64 kernel: usbcore: registered new interface driver hub
Aug 09 09:58:40 openeuler-riscv64 kernel: usbcore: registered new device driver usb
Aug 09 09:58:40 openeuler-riscv64 kernel: pps_core: LinuxPPS API ver. 1 registered
Aug 09 09:58:40 openeuler-riscv64 kernel: pps_core: Software ver. 5.3.6 - Copyright 2005-2007 Rodolfo Giometti <giometti@linux.it>
Aug 09 09:58:40 openeuler-riscv64 kernel: PTP clock support registered
Aug 09 09:58:40 openeuler-riscv64 kernel: EDAC MC: Ver: 3.0.0
Aug 09 09:58:40 openeuler-riscv64 kernel: NetLabel: Initializing
Aug 09 09:58:40 openeuler-riscv64 kernel: NetLabel:  domain hash size = 128
Aug 09 09:58:40 openeuler-riscv64 kernel: NetLabel:  protocols = UNLABELED CIPSOv4 CALIPSO
Aug 09 09:58:40 openeuler-riscv64 kernel: NetLabel:  unlabeled traffic allowed by default
Aug 09 09:58:40 openeuler-riscv64 kernel: vgaarb: loaded
Aug 09 09:58:40 openeuler-riscv64 kernel: clocksource: Switched to clocksource riscv_clocksource
Aug 09 09:58:40 openeuler-riscv64 kernel: VFS: Disk quotas dquot_6.6.0
Aug 09 09:58:40 openeuler-riscv64 kernel: VFS: Dquot-cache hash table entries: 512 (order 0, 4096 bytes)
Aug 09 09:58:40 openeuler-riscv64 kernel: AppArmor: AppArmor Filesystem Enabled
Aug 09 09:58:40 openeuler-riscv64 kernel: NET: Registered PF_INET protocol family
Aug 09 09:58:40 openeuler-riscv64 kernel: IP idents hash table entries: 65536 (order: 7, 524288 bytes, linear)
Aug 09 09:58:40 openeuler-riscv64 kernel: tcp_listen_portaddr_hash hash table entries: 2048 (order: 3, 32768 bytes, linear)
Aug 09 09:58:40 openeuler-riscv64 kernel: Table-perturb hash table entries: 65536 (order: 6, 262144 bytes, linear)
Aug 09 09:58:40 openeuler-riscv64 kernel: TCP established hash table entries: 32768 (order: 6, 262144 bytes, linear)
Aug 09 09:58:40 openeuler-riscv64 kernel: TCP bind hash table entries: 32768 (order: 8, 1048576 bytes, linear)
Aug 09 09:58:40 openeuler-riscv64 kernel: TCP: Hash tables configured (established 32768 bind 32768)
Aug 09 09:58:40 openeuler-riscv64 kernel: UDP hash table entries: 2048 (order: 4, 65536 bytes, linear)
Aug 09 09:58:40 openeuler-riscv64 kernel: UDP-Lite hash table entries: 2048 (order: 4, 65536 bytes, linear)
Aug 09 09:58:40 openeuler-riscv64 kernel: NET: Registered PF_UNIX/PF_LOCAL protocol family
Aug 09 09:58:40 openeuler-riscv64 kernel: RPC: Registered named UNIX socket transport module.
Aug 09 09:58:40 openeuler-riscv64 kernel: RPC: Registered udp transport module.
Aug 09 09:58:40 openeuler-riscv64 kernel: RPC: Registered tcp transport module.
Aug 09 09:58:40 openeuler-riscv64 kernel: RPC: Registered tcp NFSv4.1 backchannel transport module.
Aug 09 09:58:40 openeuler-riscv64 kernel: PCI: CLS 0 bytes, default 64
Aug 09 09:58:40 openeuler-riscv64 kernel: Initialise system trusted keyrings
Aug 09 09:58:40 openeuler-riscv64 kernel: Key type blacklist registered
Aug 09 09:58:40 openeuler-riscv64 kernel: workingset: timestamp_bits=39 max_order=20 bucket_order=0
Aug 09 09:58:40 openeuler-riscv64 kernel: zbud: loaded
Aug 09 09:58:40 openeuler-riscv64 kernel: NFS: Registering the id_resolver key type
Aug 09 09:58:40 openeuler-riscv64 kernel: Key type id_resolver registered
Aug 09 09:58:40 openeuler-riscv64 kernel: Key type id_legacy registered
Aug 09 09:58:40 openeuler-riscv64 kernel: nfs4filelayout_init: NFSv4 File Layout Driver Registering...
Aug 09 09:58:40 openeuler-riscv64 kernel: 9p: Installing v9fs 9p2000 file system support
Aug 09 09:58:40 openeuler-riscv64 kernel: integrity: Platform Keyring initialized
Aug 09 09:58:40 openeuler-riscv64 kernel: NET: Registered PF_ALG protocol family
Aug 09 09:58:40 openeuler-riscv64 kernel: Key type asymmetric registered
Aug 09 09:58:40 openeuler-riscv64 kernel: Asymmetric key parser 'x509' registered
Aug 09 09:58:40 openeuler-riscv64 kernel: Block layer SCSI generic (bsg) driver version 0.4 loaded (major 245)
Aug 09 09:58:40 openeuler-riscv64 kernel: io scheduler mq-deadline registered
Aug 09 09:58:40 openeuler-riscv64 kernel: io scheduler kyber registered
Aug 09 09:58:40 openeuler-riscv64 kernel: io scheduler bfq registered
Aug 09 09:58:40 openeuler-riscv64 kernel: shpchp: Standard Hot Plug PCI Controller Driver version: 0.4
Aug 09 09:58:40 openeuler-riscv64 kernel: pci-host-generic 30000000.pci: host bridge /soc/pci@30000000 ranges:
Aug 09 09:58:40 openeuler-riscv64 kernel: pci-host-generic 30000000.pci:       IO 0x0003000000..0x000300ffff -> 0x0000000000
Aug 09 09:58:40 openeuler-riscv64 kernel: pci-host-generic 30000000.pci:      MEM 0x0040000000..0x007fffffff -> 0x0040000000
Aug 09 09:58:40 openeuler-riscv64 kernel: pci-host-generic 30000000.pci:      MEM 0x0400000000..0x07ffffffff -> 0x0400000000
Aug 09 09:58:40 openeuler-riscv64 kernel: pci-host-generic 30000000.pci: Memory resource size exceeds max for 32 bits
Aug 09 09:58:40 openeuler-riscv64 kernel: pci-host-generic 30000000.pci: ECAM at [mem 0x30000000-0x3fffffff] for [bus 00-ff]
Aug 09 09:58:40 openeuler-riscv64 kernel: pci-host-generic 30000000.pci: PCI host bridge to bus 0000:00
Aug 09 09:58:40 openeuler-riscv64 kernel: pci_bus 0000:00: root bus resource [bus 00-ff]
Aug 09 09:58:40 openeuler-riscv64 kernel: pci_bus 0000:00: root bus resource [io  0x0000-0xffff]
Aug 09 09:58:40 openeuler-riscv64 kernel: pci_bus 0000:00: root bus resource [mem 0x40000000-0x7fffffff]
Aug 09 09:58:40 openeuler-riscv64 kernel: pci_bus 0000:00: root bus resource [mem 0x400000000-0x7ffffffff]
Aug 09 09:58:40 openeuler-riscv64 kernel: pci 0000:00:00.0: [1b36:0008] type 00 class 0x060000
Aug 09 09:58:41 openeuler-riscv64 kernel: pci 0000:00:01.0: [1b36:000d] type 00 class 0x0c0330
Aug 09 09:58:41 openeuler-riscv64 kernel: pci 0000:00:01.0: reg 0x10: [mem 0x40000000-0x40003fff 64bit]
Aug 09 09:58:41 openeuler-riscv64 kernel: pci 0000:00:02.0: [1af4:1000] type 00 class 0x020000
Aug 09 09:58:41 openeuler-riscv64 kernel: pci 0000:00:02.0: reg 0x10: [io  0x1000-0x101f]
Aug 09 09:58:41 openeuler-riscv64 kernel: pci 0000:00:02.0: reg 0x14: [mem 0x40004000-0x40004fff]
Aug 09 09:58:41 openeuler-riscv64 kernel: pci 0000:00:02.0: reg 0x20: [mem 0x40008000-0x4000bfff 64bit pref]
Aug 09 09:58:41 openeuler-riscv64 kernel: pci 0000:00:02.0: reg 0x30: [mem 0x40040000-0x4007ffff pref]
Aug 09 09:58:41 openeuler-riscv64 kernel: pci 0000:00:03.0: [1af4:1000] type 00 class 0x020000
Aug 09 09:58:41 openeuler-riscv64 kernel: pci 0000:00:03.0: reg 0x10: [io  0x1020-0x103f]
Aug 09 09:58:41 openeuler-riscv64 kernel: pci 0000:00:03.0: reg 0x14: [mem 0x40080000-0x40080fff]
Aug 09 09:58:41 openeuler-riscv64 kernel: pci 0000:00:03.0: reg 0x20: [mem 0x40084000-0x40087fff 64bit pref]
Aug 09 09:58:41 openeuler-riscv64 kernel: pci 0000:00:03.0: reg 0x30: [mem 0x400c0000-0x400fffff pref]
Aug 09 09:58:41 openeuler-riscv64 kernel: pci 0000:00:02.0: BAR 6: assigned [mem 0x40000000-0x4003ffff pref]
Aug 09 09:58:41 openeuler-riscv64 kernel: pci 0000:00:03.0: BAR 6: assigned [mem 0x40040000-0x4007ffff pref]
Aug 09 09:58:41 openeuler-riscv64 kernel: pci 0000:00:01.0: BAR 0: assigned [mem 0x400000000-0x400003fff 64bit]
Aug 09 09:58:41 openeuler-riscv64 kernel: pci 0000:00:02.0: BAR 4: assigned [mem 0x400004000-0x400007fff 64bit pref]
Aug 09 09:58:41 openeuler-riscv64 kernel: pci 0000:00:03.0: BAR 4: assigned [mem 0x400008000-0x40000bfff 64bit pref]
Aug 09 09:58:41 openeuler-riscv64 kernel: pci 0000:00:02.0: BAR 1: assigned [mem 0x40080000-0x40080fff]
Aug 09 09:58:41 openeuler-riscv64 kernel: pci 0000:00:03.0: BAR 1: assigned [mem 0x40081000-0x40081fff]
Aug 09 09:58:41 openeuler-riscv64 kernel: pci 0000:00:02.0: BAR 0: assigned [io  0x0020-0x003f]
Aug 09 09:58:41 openeuler-riscv64 kernel: pci 0000:00:03.0: BAR 0: assigned [io  0x0040-0x005f]
Aug 09 09:58:41 openeuler-riscv64 kernel: Serial: 8250/16550 driver, 4 ports, IRQ sharing enabled
Aug 09 09:58:41 openeuler-riscv64 kernel: printk: console [ttyS0] disabled
Aug 09 09:58:41 openeuler-riscv64 kernel: 10000000.serial: ttyS0 at MMIO 0x10000000 (irq = 14, base_baud = 230400) is a 16550A
Aug 09 09:58:41 openeuler-riscv64 kernel: printk: console [ttyS0] enabled
Aug 09 09:58:41 openeuler-riscv64 kernel: printk: bootconsole [ns16550a0] disabled
Aug 09 09:58:41 openeuler-riscv64 kernel: loop: module loaded
Aug 09 09:58:41 openeuler-riscv64 kernel: virtio_blk virtio1: 1/0/0 default/read/poll queues
Aug 09 09:58:41 openeuler-riscv64 kernel: virtio_blk virtio1: [vda] 41943040 512-byte logical blocks (21.5 GB/20.0 GiB)
Aug 09 09:58:41 openeuler-riscv64 kernel:  vda: vda1 vda2
Aug 09 09:58:41 openeuler-riscv64 kernel: rdac: device handler registered
Aug 09 09:58:41 openeuler-riscv64 kernel: hp_sw: device handler registered
Aug 09 09:58:41 openeuler-riscv64 kernel: emc: device handler registered
Aug 09 09:58:41 openeuler-riscv64 kernel: alua: device handler registered
Aug 09 09:58:41 openeuler-riscv64 kernel: e1000e: Intel(R) PRO/1000 Network Driver
Aug 09 09:58:41 openeuler-riscv64 kernel: e1000e: Copyright(c) 1999 - 2015 Intel Corporation.
Aug 09 09:58:41 openeuler-riscv64 kernel: xhci_hcd 0000:00:01.0: xHCI Host Controller
Aug 09 09:58:42 openeuler-riscv64 kernel: xhci_hcd 0000:00:01.0: new USB bus registered, assigned bus number 1
Aug 09 09:58:42 openeuler-riscv64 kernel: xhci_hcd 0000:00:01.0: hcc params 0x00087001 hci version 0x100 quirks 0x0000000000000010
Aug 09 09:58:42 openeuler-riscv64 kernel: xhci_hcd 0000:00:01.0: xHCI Host Controller
Aug 09 09:58:42 openeuler-riscv64 kernel: xhci_hcd 0000:00:01.0: new USB bus registered, assigned bus number 2
Aug 09 09:58:42 openeuler-riscv64 kernel: xhci_hcd 0000:00:01.0: Host supports USB 3.0 SuperSpeed
Aug 09 09:58:42 openeuler-riscv64 kernel: usb usb1: New USB device found, idVendor=1d6b, idProduct=0002, bcdDevice= 6.04
Aug 09 09:58:42 openeuler-riscv64 kernel: usb usb1: New USB device strings: Mfr=3, Product=2, SerialNumber=1
Aug 09 09:58:42 openeuler-riscv64 kernel: usb usb1: Product: xHCI Host Controller
Aug 09 09:58:42 openeuler-riscv64 kernel: usb usb1: Manufacturer: Linux 6.4.0-1.0.0.4.oe2309.riscv64 xhci-hcd
Aug 09 09:58:42 openeuler-riscv64 kernel: usb usb1: SerialNumber: 0000:00:01.0
Aug 09 09:58:42 openeuler-riscv64 kernel: hub 1-0:1.0: USB hub found
Aug 09 09:58:42 openeuler-riscv64 kernel: hub 1-0:1.0: 4 ports detected
Aug 09 09:58:42 openeuler-riscv64 kernel: usb usb2: We don't know the algorithms for LPM for this host, disabling LPM.
Aug 09 09:58:42 openeuler-riscv64 kernel: usb usb2: New USB device found, idVendor=1d6b, idProduct=0003, bcdDevice= 6.04
Aug 09 09:58:42 openeuler-riscv64 kernel: usb usb2: New USB device strings: Mfr=3, Product=2, SerialNumber=1
Aug 09 09:58:42 openeuler-riscv64 kernel: usb usb2: Product: xHCI Host Controller
Aug 09 09:58:42 openeuler-riscv64 kernel: usb usb2: Manufacturer: Linux 6.4.0-1.0.0.4.oe2309.riscv64 xhci-hcd
Aug 09 09:58:42 openeuler-riscv64 kernel: usb usb2: SerialNumber: 0000:00:01.0
Aug 09 09:58:42 openeuler-riscv64 kernel: hub 2-0:1.0: USB hub found
Aug 09 09:58:42 openeuler-riscv64 kernel: hub 2-0:1.0: 4 ports detected
Aug 09 09:58:42 openeuler-riscv64 kernel: usbcore: registered new interface driver uas
Aug 09 09:58:42 openeuler-riscv64 kernel: usbcore: registered new interface driver usb-storage
Aug 09 09:58:42 openeuler-riscv64 kernel: mousedev: PS/2 mouse device common for all mice
Aug 09 09:58:42 openeuler-riscv64 kernel: goldfish_rtc 101000.rtc: registered as rtc0
Aug 09 09:58:42 openeuler-riscv64 kernel: goldfish_rtc 101000.rtc: setting system clock to 2023-08-09T01:58:29 UTC (1691546309)
Aug 09 09:58:42 openeuler-riscv64 kernel: syscon-poweroff poweroff: pm_power_off already claimed for sbi_srst_power_off
Aug 09 09:58:42 openeuler-riscv64 kernel: syscon-poweroff: probe of poweroff failed with error -16
Aug 09 09:58:42 openeuler-riscv64 kernel: sdhci: Secure Digital Host Controller Interface driver
Aug 09 09:58:42 openeuler-riscv64 kernel: sdhci: Copyright(c) Pierre Ossman
Aug 09 09:58:42 openeuler-riscv64 kernel: sdhci-pltfm: SDHCI platform and OF driver helper
Aug 09 09:58:42 openeuler-riscv64 kernel: hid: raw HID events driver (C) Jiri Kosina
Aug 09 09:58:42 openeuler-riscv64 kernel: usbcore: registered new interface driver usbhid
Aug 09 09:58:42 openeuler-riscv64 kernel: usbhid: USB HID core driver
Aug 09 09:58:42 openeuler-riscv64 kernel: riscv-pmu-sbi: SBI PMU extension is available
Aug 09 09:58:42 openeuler-riscv64 kernel: riscv-pmu-sbi: 16 firmware and 18 hardware counters
Aug 09 09:58:42 openeuler-riscv64 kernel: riscv-pmu-sbi: Perf sampling/filtering is not supported as sscof extension is not available
Aug 09 09:58:42 openeuler-riscv64 kernel: NET: Registered PF_INET6 protocol family
Aug 09 09:58:42 openeuler-riscv64 kernel: Segment Routing with IPv6
Aug 09 09:58:42 openeuler-riscv64 kernel: In-situ OAM (IOAM) with IPv6
Aug 09 09:58:42 openeuler-riscv64 kernel: NET: Registered PF_PACKET protocol family
Aug 09 09:58:42 openeuler-riscv64 kernel: 9pnet: Installing 9P2000 support
Aug 09 09:58:42 openeuler-riscv64 kernel: Key type dns_resolver registered
Aug 09 09:58:42 openeuler-riscv64 kernel: usb 1-1: new high-speed USB device number 2 using xhci_hcd
Aug 09 09:58:42 openeuler-riscv64 kernel: registered taskstats version 1
Aug 09 09:58:42 openeuler-riscv64 kernel: Loading compiled-in X.509 certificates
Aug 09 09:58:42 openeuler-riscv64 kernel: usb 1-1: New USB device found, idVendor=0627, idProduct=0001, bcdDevice= 0.00
Aug 09 09:58:42 openeuler-riscv64 kernel: usb 1-1: New USB device strings: Mfr=1, Product=4, SerialNumber=11
Aug 09 09:58:42 openeuler-riscv64 kernel: usb 1-1: Product: QEMU USB Keyboard
Aug 09 09:58:42 openeuler-riscv64 kernel: usb 1-1: Manufacturer: QEMU
Aug 09 09:58:42 openeuler-riscv64 kernel: usb 1-1: SerialNumber: 68284-0000:00:01.0-1
Aug 09 09:58:43 openeuler-riscv64 kernel: input: QEMU QEMU USB Keyboard as /devices/platform/soc/30000000.pci/pci0000:00/0000:00:01.0/usb1/1-1/1-1:1.0/0003:0627:0001.0001/input/input0
Aug 09 09:58:43 openeuler-riscv64 kernel: Loaded X.509 cert 'Build time autogenerated kernel key: 904ddd42c2a36bffaac812dc3702e2761edee507'
Aug 09 09:58:43 openeuler-riscv64 kernel: hid-generic 0003:0627:0001.0001: input,hidraw0: USB HID v1.11 Keyboard [QEMU QEMU USB Keyboard] on usb-0000:00:01.0-1/input0
Aug 09 09:58:43 openeuler-riscv64 kernel: kmemleak: Kernel memory leak detector initialized (mem pool available: 15722)
Aug 09 09:58:43 openeuler-riscv64 kernel: kmemleak: Automatic memory scanning thread started
Aug 09 09:58:43 openeuler-riscv64 kernel: Key type encrypted registered
Aug 09 09:58:43 openeuler-riscv64 kernel: AppArmor: AppArmor sha1 policy hashing enabled
Aug 09 09:58:43 openeuler-riscv64 kernel: ima: No TPM chip found, activating TPM-bypass!
Aug 09 09:58:43 openeuler-riscv64 kernel: ima: Allocated hash algorithm: sha256
Aug 09 09:58:43 openeuler-riscv64 kernel: ima: No architecture policies found
Aug 09 09:58:43 openeuler-riscv64 kernel: evm: Initialising EVM extended attributes:
Aug 09 09:58:43 openeuler-riscv64 kernel: evm: security.selinux
Aug 09 09:58:43 openeuler-riscv64 kernel: evm: security.SMACK64 (disabled)
Aug 09 09:58:43 openeuler-riscv64 kernel: evm: security.SMACK64EXEC (disabled)
Aug 09 09:58:43 openeuler-riscv64 kernel: evm: security.SMACK64TRANSMUTE (disabled)
Aug 09 09:58:43 openeuler-riscv64 kernel: evm: security.SMACK64MMAP (disabled)
Aug 09 09:58:43 openeuler-riscv64 kernel: evm: security.apparmor
Aug 09 09:58:43 openeuler-riscv64 kernel: evm: security.ima
Aug 09 09:58:43 openeuler-riscv64 kernel: evm: security.capability
Aug 09 09:58:43 openeuler-riscv64 kernel: evm: HMAC attrs: 0x1
Aug 09 09:58:43 openeuler-riscv64 kernel: usb 1-2: new high-speed USB device number 3 using xhci_hcd
Aug 09 09:58:43 openeuler-riscv64 kernel: usb 1-2: New USB device found, idVendor=0627, idProduct=0001, bcdDevice= 0.00
Aug 09 09:58:43 openeuler-riscv64 kernel: usb 1-2: New USB device strings: Mfr=1, Product=3, SerialNumber=10
Aug 09 09:58:43 openeuler-riscv64 kernel: usb 1-2: Product: QEMU USB Tablet
Aug 09 09:58:43 openeuler-riscv64 kernel: usb 1-2: Manufacturer: QEMU
Aug 09 09:58:43 openeuler-riscv64 kernel: usb 1-2: SerialNumber: 28754-0000:00:01.0-2
Aug 09 09:58:43 openeuler-riscv64 kernel: input: QEMU QEMU USB Tablet as /devices/platform/soc/30000000.pci/pci0000:00/0000:00:01.0/usb1/1-2/1-2:1.0/0003:0627:0001.0002/input/input1
Aug 09 09:58:43 openeuler-riscv64 kernel: hid-generic 0003:0627:0001.0002: input,hidraw1: USB HID v0.01 Mouse [QEMU QEMU USB Tablet] on usb-0000:00:01.0-2/input0
Aug 09 09:58:43 openeuler-riscv64 kernel: usb 1-3: new full-speed USB device number 4 using xhci_hcd
Aug 09 09:58:43 openeuler-riscv64 kernel: usb 1-3: New USB device found, idVendor=46f4, idProduct=0002, bcdDevice= 0.00
Aug 09 09:58:43 openeuler-riscv64 kernel: usb 1-3: New USB device strings: Mfr=1, Product=2, SerialNumber=3
Aug 09 09:58:43 openeuler-riscv64 kernel: usb 1-3: Product: QEMU USB Audio
Aug 09 09:58:43 openeuler-riscv64 kernel: usb 1-3: Manufacturer: QEMU
Aug 09 09:58:43 openeuler-riscv64 kernel: usb 1-3: SerialNumber: 1-0000:00:01.0-3
Aug 09 09:58:43 openeuler-riscv64 kernel: clk: Disabling unused clocks
Aug 09 09:58:43 openeuler-riscv64 kernel: md: Waiting for all devices to be available before autodetect
Aug 09 09:58:43 openeuler-riscv64 kernel: md: If you don't use raid, use raid=noautodetect
Aug 09 09:58:43 openeuler-riscv64 kernel: md: Autodetecting RAID arrays.
Aug 09 09:58:43 openeuler-riscv64 kernel: md: autorun ...
Aug 09 09:58:43 openeuler-riscv64 kernel: md: ... autorun DONE.
Aug 09 09:58:43 openeuler-riscv64 kernel: EXT4-fs (vda2): mounted filesystem a1886db6-0994-4172-8eb1-c744ac5bbbc9 r/w with ordered data mode. Quota mode: none.
Aug 09 09:58:43 openeuler-riscv64 kernel: VFS: Mounted root (ext4 filesystem) on device 253:2.
Aug 09 09:58:43 openeuler-riscv64 kernel: devtmpfs: mounted
Aug 09 09:58:43 openeuler-riscv64 kernel: integrity: Unable to open file: /etc/keys/x509_ima.der (-2)
Aug 09 09:58:43 openeuler-riscv64 kernel: integrity: Unable to open file: /etc/keys/x509_evm.der (-2)
Aug 09 09:58:43 openeuler-riscv64 kernel: Freeing unused kernel image (initmem) memory: 2660K
Aug 09 09:58:43 openeuler-riscv64 kernel: Run /sbin/init as init process
Aug 09 09:58:43 openeuler-riscv64 kernel:   with arguments:
Aug 09 09:58:43 openeuler-riscv64 kernel:     /sbin/init
Aug 09 09:58:43 openeuler-riscv64 kernel:   with environment:
Aug 09 09:58:43 openeuler-riscv64 kernel:     HOME=/
Aug 09 09:58:43 openeuler-riscv64 kernel:     TERM=linux
Aug 09 09:58:43 openeuler-riscv64 systemd[1]: systemd v249-52.oe2309 running in system mode (+PAM +AUDIT +SELINUX -APPARMOR +IMA -SMACK +SECCOMP +GCRYPT +GNUTLS -OPENSSL +ACL +BLKID -CURL -ELFUTILS -FIDO2 +IDN2 -IDN -IPTC +KMOD -LIBCRYPTSETUP +LIBFDISK +PCRE2 -PWQUALITY +P11KIT -QRENCODE +BZIP2 +LZ4 +XZ +ZLIB -ZSTD +XKBCOMMON +UTMP +SYSVINIT default-hierarchy=legacy)
Aug 09 09:58:43 openeuler-riscv64 systemd[1]: Detected architecture riscv64.
Aug 09 09:58:43 openeuler-riscv64 systemd[1]: Hostname set to <openeuler-riscv64>.
Aug 09 09:58:43 openeuler-riscv64 systemd-rc-local-generator[154]: /etc/rc.d/rc.local is not marked executable, skipping.
Aug 09 09:58:43 openeuler-riscv64 kernel: block vda: the capability attribute has been deprecated.
Aug 09 09:58:43 openeuler-riscv64 systemd[1]: /usr/lib/systemd/system/dbus.socket:5: ListenStream= references a path below legacy directory /var/run/, updating /var/run/dbus/system_bus_socket → /run/dbus/system_bus_socket; please update the unit file accordingly.
Aug 09 09:58:43 openeuler-riscv64 systemd[1]: Queued start job for default target Graphical Interface.
Aug 09 09:58:43 openeuler-riscv64 systemd[1]: Created slice Slice /system/getty.
Aug 09 09:58:43 openeuler-riscv64 systemd[1]: Created slice Slice /system/modprobe.
Aug 09 09:58:43 openeuler-riscv64 systemd[1]: Created slice Slice /system/serial-getty.
Aug 09 09:58:43 openeuler-riscv64 systemd[1]: Created slice Slice /system/sshd-keygen.
Aug 09 09:58:43 openeuler-riscv64 systemd[1]: Created slice User and Session Slice.
Aug 09 09:58:43 openeuler-riscv64 systemd[1]: Started Dispatch Password Requests to Console Directory Watch.
Aug 09 09:58:43 openeuler-riscv64 systemd[1]: Started Forward Password Requests to Wall Directory Watch.
Aug 09 09:58:43 openeuler-riscv64 systemd[1]: Set up automount Arbitrary Executable File Formats File System Automount Point.
Aug 09 09:58:43 openeuler-riscv64 systemd[1]: Reached target Path Units.
Aug 09 09:58:43 openeuler-riscv64 systemd[1]: Reached target Remote File Systems.
Aug 09 09:58:43 openeuler-riscv64 systemd[1]: Reached target Slice Units.
Aug 09 09:58:43 openeuler-riscv64 systemd[1]: Reached target Swaps.
Aug 09 09:58:43 openeuler-riscv64 systemd[1]: Listening on Device-mapper event daemon FIFOs.
Aug 09 09:58:43 openeuler-riscv64 systemd[1]: Listening on LVM2 poll daemon socket.
Aug 09 09:58:43 openeuler-riscv64 systemd[1]: Listening on Process Core Dump Socket.
Aug 09 09:58:43 openeuler-riscv64 systemd[1]: Listening on initctl Compatibility Named Pipe.
Aug 09 09:58:43 openeuler-riscv64 systemd[1]: Listening on Journal Socket (/dev/log).
Aug 09 09:58:43 openeuler-riscv64 systemd[1]: Listening on Journal Socket.
Aug 09 09:58:43 openeuler-riscv64 systemd[1]: Listening on udev Control Socket.
Aug 09 09:58:43 openeuler-riscv64 systemd[1]: Listening on udev Kernel Socket.
Aug 09 09:58:43 openeuler-riscv64 systemd[1]: Mounting Huge Pages File System...
Aug 09 09:58:43 openeuler-riscv64 systemd[1]: Mounting POSIX Message Queue File System...
Aug 09 09:58:43 openeuler-riscv64 systemd[1]: Mounting Kernel Debug File System...
Aug 09 09:58:43 openeuler-riscv64 systemd[1]: Mounting Kernel Trace File System...
Aug 09 09:58:43 openeuler-riscv64 systemd[1]: Mounting Temporary Directory /tmp...
Aug 09 09:58:43 openeuler-riscv64 systemd[1]: Starting Create List of Static Device Nodes...
Aug 09 09:58:43 openeuler-riscv64 systemd[1]: Starting Monitoring of LVM2 mirrors, snapshots etc. using dmeventd or progress polling...
Aug 09 09:58:43 openeuler-riscv64 systemd[1]: Starting Load Kernel Module configfs...
Aug 09 09:58:43 openeuler-riscv64 systemd[1]: Starting Load Kernel Module drm...
Aug 09 09:58:43 openeuler-riscv64 systemd[1]: Starting Load Kernel Module fuse...
Aug 09 09:58:43 openeuler-riscv64 systemd[1]: Condition check resulted in Set Up Additional Binary Formats being skipped.
Aug 09 09:58:43 openeuler-riscv64 systemd[1]: Condition check resulted in File System Check on Root Device being skipped.
Aug 09 09:58:43 openeuler-riscv64 systemd[1]: systemd-journald.service: unit configures an IP firewall, but the local system does not support BPF/cgroup firewalling.
Aug 09 09:58:43 openeuler-riscv64 systemd[1]: (This warning is only shown for the first unit using IP firewalling.)
Aug 09 09:58:43 openeuler-riscv64 systemd[1]: Starting Journal Service...
Aug 09 09:58:43 openeuler-riscv64 systemd[1]: Condition check resulted in Load Kernel Modules being skipped.
Aug 09 09:58:43 openeuler-riscv64 systemd[1]: Starting Remount Root and Kernel File Systems...
Aug 09 09:58:43 openeuler-riscv64 systemd[1]: Starting Apply Kernel Variables...
Aug 09 09:58:43 openeuler-riscv64 systemd[1]: Starting Coldplug All udev Devices...
Aug 09 09:58:43 openeuler-riscv64 systemd[1]: Mounted Huge Pages File System.
Aug 09 09:58:43 openeuler-riscv64 systemd[1]: Mounted POSIX Message Queue File System.
Aug 09 09:58:43 openeuler-riscv64 systemd[1]: Mounted Kernel Debug File System.
Aug 09 09:58:43 openeuler-riscv64 systemd[1]: Mounted Kernel Trace File System.
Aug 09 09:58:43 openeuler-riscv64 systemd[1]: Mounted Temporary Directory /tmp.
Aug 09 09:58:43 openeuler-riscv64 systemd[1]: Finished Create List of Static Device Nodes.
Aug 09 09:58:43 openeuler-riscv64 systemd[1]: Finished Monitoring of LVM2 mirrors, snapshots etc. using dmeventd or progress polling.
Aug 09 09:58:43 openeuler-riscv64 systemd[1]: modprobe@configfs.service: Deactivated successfully.
Aug 09 09:58:43 openeuler-riscv64 kernel: fuse: init (API version 7.38)
Aug 09 09:58:43 openeuler-riscv64 systemd[1]: Finished Load Kernel Module configfs.
Aug 09 09:58:43 openeuler-riscv64 systemd[1]: modprobe@fuse.service: Deactivated successfully.
Aug 09 09:58:43 openeuler-riscv64 kernel: EXT4-fs (vda2): re-mounted a1886db6-0994-4172-8eb1-c744ac5bbbc9 r/w. Quota mode: none.
Aug 09 09:58:43 openeuler-riscv64 systemd[1]: Finished Load Kernel Module fuse.
Aug 09 09:58:44 openeuler-riscv64 systemd[1]: Finished Remount Root and Kernel File Systems.
Aug 09 09:58:44 openeuler-riscv64 systemd[1]: Finished Apply Kernel Variables.
Aug 09 09:58:44 openeuler-riscv64 systemd[1]: Mounting FUSE Control File System...
Aug 09 09:58:44 openeuler-riscv64 systemd[1]: Mounting Kernel Configuration File System...
Aug 09 09:58:44 openeuler-riscv64 systemd[1]: Condition check resulted in Rebuild Hardware Database being skipped.
Aug 09 09:58:44 openeuler-riscv64 systemd[1]: Starting Load/Save Random Seed...
Aug 09 09:58:44 openeuler-riscv64 systemd[1]: Condition check resulted in Create System Users being skipped.
Aug 09 09:58:44 openeuler-riscv64 systemd[1]: Starting Create Static Device Nodes in /dev...
Aug 09 09:58:44 openeuler-riscv64 systemd[1]: modprobe@drm.service: Deactivated successfully.
Aug 09 09:58:44 openeuler-riscv64 systemd[1]: Finished Load Kernel Module drm.
Aug 09 09:58:44 openeuler-riscv64 systemd[1]: Mounted FUSE Control File System.
Aug 09 09:58:44 openeuler-riscv64 systemd[1]: Mounted Kernel Configuration File System.
Aug 09 09:58:44 openeuler-riscv64 systemd-journald[176]: Journal started
░░ Subject: The journal has been started
░░ Defined-By: systemd
░░ Support: https://lists.freedesktop.org/mailman/listinfo/systemd-devel
░░ 
░░ The system journal process has started up, opened the journal
░░ files for writing and is now ready to process requests.
Aug 09 09:58:44 openeuler-riscv64 systemd-journald[176]: Runtime Journal (/run/log/journal/e83fe25b1fbc4fca83c888279c7a036f) is 8.0M, max 78.1M, 70.1M free.
░░ Subject: Disk space used by the journal
░░ Defined-By: systemd
░░ Support: https://lists.freedesktop.org/mailman/listinfo/systemd-devel
░░ 
░░ Runtime Journal (/run/log/journal/e83fe25b1fbc4fca83c888279c7a036f) is currently using 8.0M.
░░ Maximum allowed usage is set to 78.1M.
░░ Leaving at least 39.0M free (of currently available 773.3M of disk space).
░░ Enforced usage limit is thus 78.1M, of which 70.1M are still available.
░░ 
░░ The limits controlling how much disk space is used by the journal may
░░ be configured with SystemMaxUse=, SystemKeepFree=, SystemMaxFileSize=,
░░ RuntimeMaxUse=, RuntimeKeepFree=, RuntimeMaxFileSize= settings in
░░ /etc/systemd/journald.conf. See journald.conf(5) for details.
Aug 09 09:58:44 openeuler-riscv64 systemd[1]: Finished Load/Save Random Seed.
Aug 09 09:58:44 openeuler-riscv64 systemd[1]: Started Journal Service.
Aug 09 09:58:44 openeuler-riscv64 systemd[1]: Condition check resulted in First Boot Complete being skipped.
░░ Subject: A start job for unit first-boot-complete.target has finished successfully
░░ Defined-By: systemd
░░ Support: https://lists.freedesktop.org/mailman/listinfo/systemd-devel
░░ 
░░ A start job for unit first-boot-complete.target has finished successfully.
░░ 
░░ The job identifier is 59.
Aug 09 09:58:44 openeuler-riscv64 systemd-tmpfiles[198]: /usr/lib/tmpfiles.d/dbus.conf:13: Line references path below legacy directory /var/run/, updating /var/run/dbus/containers → /run/dbus/containers; please update the tmpfiles.d/ drop-in file accordingly.
Aug 09 09:58:44 openeuler-riscv64 systemd[1]: Starting Flush Journal to Persistent Storage...
░░ Subject: A start job for unit systemd-journal-flush.service has begun execution
░░ Defined-By: systemd
░░ Support: https://lists.freedesktop.org/mailman/listinfo/systemd-devel
░░ 
░░ A start job for unit systemd-journal-flush.service has begun execution.
░░ 
░░ The job identifier is 11.
Aug 09 09:58:45 openeuler-riscv64 systemd-journald[176]: Runtime Journal (/run/log/journal/e83fe25b1fbc4fca83c888279c7a036f) is 8.0M, max 78.1M, 70.1M free.
░░ Subject: Disk space used by the journal
░░ Defined-By: systemd
░░ Support: https://lists.freedesktop.org/mailman/listinfo/systemd-devel
░░ 
░░ Runtime Journal (/run/log/journal/e83fe25b1fbc4fca83c888279c7a036f) is currently using 8.0M.
░░ Maximum allowed usage is set to 78.1M.
░░ Leaving at least 39.0M free (of currently available 773.3M of disk space).
░░ Enforced usage limit is thus 78.1M, of which 70.1M are still available.
░░ 
░░ The limits controlling how much disk space is used by the journal may
░░ be configured with SystemMaxUse=, SystemKeepFree=, SystemMaxFileSize=,
░░ RuntimeMaxUse=, RuntimeKeepFree=, RuntimeMaxFileSize= settings in
░░ /etc/systemd/journald.conf. See journald.conf(5) for details.
Aug 09 09:58:45 openeuler-riscv64 systemd[1]: Finished Create Static Device Nodes in /dev.
░░ Subject: A start job for unit systemd-tmpfiles-setup-dev.service has finished successfully
░░ Defined-By: systemd
░░ Support: https://lists.freedesktop.org/mailman/listinfo/systemd-devel
░░ 
░░ A start job for unit systemd-tmpfiles-setup-dev.service has finished successfully.
░░ 
░░ The job identifier is 20.
Aug 09 09:58:45 openeuler-riscv64 systemd[1]: Reached target Preparation for Local File Systems.
░░ Subject: A start job for unit local-fs-pre.target has finished successfully
░░ Defined-By: systemd
░░ Support: https://lists.freedesktop.org/mailman/listinfo/systemd-devel
░░ 
░░ A start job for unit local-fs-pre.target has finished successfully.
░░ 
░░ The job identifier is 53.
Aug 09 09:58:45 openeuler-riscv64 systemd[1]: Starting Rule-based Manager for Device Events and Files...
░░ Subject: A start job for unit systemd-udevd.service has begun execution
░░ Defined-By: systemd
░░ Support: https://lists.freedesktop.org/mailman/listinfo/systemd-devel
░░ 
░░ A start job for unit systemd-udevd.service has begun execution.
░░ 
░░ The job identifier is 16.
Aug 09 09:58:45 openeuler-riscv64 systemd[1]: Finished Flush Journal to Persistent Storage.
░░ Subject: A start job for unit systemd-journal-flush.service has finished successfully
░░ Defined-By: systemd
░░ Support: https://lists.freedesktop.org/mailman/listinfo/systemd-devel
░░ 
░░ A start job for unit systemd-journal-flush.service has finished successfully.
░░ 
░░ The job identifier is 11.
Aug 09 09:58:47 openeuler-riscv64 systemd[1]: Started Rule-based Manager for Device Events and Files.
░░ Subject: A start job for unit systemd-udevd.service has finished successfully
░░ Defined-By: systemd
░░ Support: https://lists.freedesktop.org/mailman/listinfo/systemd-devel
░░ 
░░ A start job for unit systemd-udevd.service has finished successfully.
░░ 
░░ The job identifier is 16.
Aug 09 09:58:49 openeuler-riscv64 systemd[1]: Finished Coldplug All udev Devices.
░░ Subject: A start job for unit systemd-udev-trigger.service has finished successfully
░░ Defined-By: systemd
░░ Support: https://lists.freedesktop.org/mailman/listinfo/systemd-devel
░░ 
░░ A start job for unit systemd-udev-trigger.service has finished successfully.
░░ 
░░ The job identifier is 15.
Aug 09 09:58:51 openeuler-riscv64 kernel: physmap-flash 20000000.flash: physmap platform flash device: [mem 0x20000000-0x21ffffff]
Aug 09 09:58:51 openeuler-riscv64 systemd[1]: Found device /dev/ttyS0.
░░ Subject: A start job for unit dev-ttyS0.device has finished successfully
░░ Defined-By: systemd
░░ Support: https://lists.freedesktop.org/mailman/listinfo/systemd-devel
░░ 
░░ A start job for unit dev-ttyS0.device has finished successfully.
░░ 
░░ The job identifier is 89.
Aug 09 09:58:52 openeuler-riscv64 kernel: 20000000.flash: Found 2 x16 devices at 0x0 in 32-bit bank. Manufacturer ID 0x000000 Chip ID 0x000000
Aug 09 09:58:52 openeuler-riscv64 kernel: Intel/Sharp Extended Query Table at 0x0031
Aug 09 09:58:52 openeuler-riscv64 kernel: Using buffer write method
Aug 09 09:58:52 openeuler-riscv64 kernel: erase region 0: offset=0x0,size=0x40000,blocks=128
Aug 09 09:58:52 openeuler-riscv64 kernel: physmap-flash 20000000.flash: physmap platform flash device: [mem 0x22000000-0x23ffffff]
Aug 09 09:58:52 openeuler-riscv64 kernel: 20000000.flash: Found 2 x16 devices at 0x0 in 32-bit bank. Manufacturer ID 0x000000 Chip ID 0x000000
Aug 09 09:58:52 openeuler-riscv64 kernel: Intel/Sharp Extended Query Table at 0x0031
Aug 09 09:58:52 openeuler-riscv64 kernel: Using buffer write method
Aug 09 09:58:52 openeuler-riscv64 kernel: erase region 0: offset=0x0,size=0x40000,blocks=128
Aug 09 09:58:52 openeuler-riscv64 kernel: Concatenating MTD devices:
Aug 09 09:58:52 openeuler-riscv64 kernel: (0): "20000000.flash"
Aug 09 09:58:52 openeuler-riscv64 kernel: (1): "20000000.flash"
Aug 09 09:58:52 openeuler-riscv64 kernel: into device "20000000.flash"
Aug 09 09:58:54 openeuler-riscv64 systemd-udevd[231]: Using default interface naming scheme 'v249'.
Aug 09 09:58:55 openeuler-riscv64 systemd[1]: Found device /dev/disk/by-uuid/4698-ABF5.
░░ Subject: A start job for unit dev-disk-by\x2duuid-4698\x2dABF5.device has finished successfully
░░ Defined-By: systemd
░░ Support: https://lists.freedesktop.org/mailman/listinfo/systemd-devel
░░ 
░░ A start job for unit dev-disk-by\x2duuid-4698\x2dABF5.device has finished successfully.
░░ 
░░ The job identifier is 50.
Aug 09 09:58:55 openeuler-riscv64 systemd-udevd[211]: Using default interface naming scheme 'v249'.
Aug 09 09:58:55 openeuler-riscv64 systemd[1]: Mounting /boot...
░░ Subject: A start job for unit boot.mount has begun execution
░░ Defined-By: systemd
░░ Support: https://lists.freedesktop.org/mailman/listinfo/systemd-devel
░░ 
░░ A start job for unit boot.mount has begun execution.
░░ 
░░ The job identifier is 49.
Aug 09 09:58:55 openeuler-riscv64 kernel: FAT-fs (vda1): Volume was not properly unmounted. Some data may be corrupt. Please run fsck.
Aug 09 09:58:55 openeuler-riscv64 kernel: virtio_net virtio2 enp0s2: renamed from eth0
Aug 09 09:58:55 openeuler-riscv64 systemd[1]: Mounted /boot.
░░ Subject: A start job for unit boot.mount has finished successfully
░░ Defined-By: systemd
░░ Support: https://lists.freedesktop.org/mailman/listinfo/systemd-devel
░░ 
░░ A start job for unit boot.mount has finished successfully.
░░ 
░░ The job identifier is 49.
Aug 09 09:58:55 openeuler-riscv64 systemd[1]: Reached target Local File Systems.
░░ Subject: A start job for unit local-fs.target has finished successfully
░░ Defined-By: systemd
░░ Support: https://lists.freedesktop.org/mailman/listinfo/systemd-devel
░░ 
░░ A start job for unit local-fs.target has finished successfully.
░░ 
░░ The job identifier is 48.
Aug 09 09:58:55 openeuler-riscv64 systemd[1]: Condition check resulted in Rebuild Dynamic Linker Cache being skipped.
░░ Subject: A start job for unit ldconfig.service has finished successfully
░░ Defined-By: systemd
░░ Support: https://lists.freedesktop.org/mailman/listinfo/systemd-devel
░░ 
░░ A start job for unit ldconfig.service has finished successfully.
░░ 
░░ The job identifier is 36.
Aug 09 09:58:55 openeuler-riscv64 systemd[1]: Condition check resulted in Commit a transient machine-id on disk being skipped.
░░ Subject: A start job for unit systemd-machine-id-commit.service has finished successfully
░░ Defined-By: systemd
░░ Support: https://lists.freedesktop.org/mailman/listinfo/systemd-devel
░░ 
░░ A start job for unit systemd-machine-id-commit.service has finished successfully.
░░ 
░░ The job identifier is 30.
Aug 09 09:58:56 openeuler-riscv64 systemd-udevd[211]: eth0: Network interface 2 is renamed from 'eth0' to 'enp0s2'
Aug 09 09:58:56 openeuler-riscv64 kernel: virtio_net virtio3 enp0s3: renamed from eth1
Aug 09 09:58:56 openeuler-riscv64 systemd[1]: Starting Create Volatile Files and Directories...
░░ Subject: A start job for unit systemd-tmpfiles-setup.service has begun execution
░░ Defined-By: systemd
░░ Support: https://lists.freedesktop.org/mailman/listinfo/systemd-devel
░░ 
░░ A start job for unit systemd-tmpfiles-setup.service has begun execution.
░░ 
░░ The job identifier is 23.
Aug 09 09:58:56 openeuler-riscv64 systemd-udevd[231]: eth1: Network interface 3 is renamed from 'eth1' to 'enp0s3'
Aug 09 09:58:56 openeuler-riscv64 kernel: mc: Linux media interface: v0.10
Aug 09 09:58:56 openeuler-riscv64 systemd-tmpfiles[248]: /usr/lib/tmpfiles.d/dbus.conf:13: Line references path below legacy directory /var/run/, updating /var/run/dbus/containers → /run/dbus/containers; please update the tmpfiles.d/ drop-in file accordingly.
Aug 09 09:58:58 openeuler-riscv64 systemd[1]: Finished Create Volatile Files and Directories.
░░ Subject: A start job for unit systemd-tmpfiles-setup.service has finished successfully
░░ Defined-By: systemd
░░ Support: https://lists.freedesktop.org/mailman/listinfo/systemd-devel
░░ 
░░ A start job for unit systemd-tmpfiles-setup.service has finished successfully.
░░ 
░░ The job identifier is 23.
Aug 09 09:58:58 openeuler-riscv64 systemd-udevd[215]: Using default interface naming scheme 'v249'.
Aug 09 09:58:58 openeuler-riscv64 systemd[1]: Condition check resulted in Rebuild Journal Catalog being skipped.
░░ Subject: A start job for unit systemd-journal-catalog-update.service has finished successfully
░░ Defined-By: systemd
░░ Support: https://lists.freedesktop.org/mailman/listinfo/systemd-devel
░░ 
░░ A start job for unit systemd-journal-catalog-update.service has finished successfully.
░░ 
░░ The job identifier is 43.
Aug 09 09:58:58 openeuler-riscv64 systemd[1]: Condition check resulted in Update is Completed being skipped.
░░ Subject: A start job for unit systemd-update-done.service has finished successfully
░░ Defined-By: systemd
░░ Support: https://lists.freedesktop.org/mailman/listinfo/systemd-devel
░░ 
░░ A start job for unit systemd-update-done.service has finished successfully.
░░ 
░░ The job identifier is 29.
Aug 09 09:58:58 openeuler-riscv64 systemd-udevd[210]: Using default interface naming scheme 'v249'.
Aug 09 09:58:58 openeuler-riscv64 systemd[1]: Starting Record System Boot/Shutdown in UTMP...
░░ Subject: A start job for unit systemd-update-utmp.service has begun execution
░░ Defined-By: systemd
░░ Support: https://lists.freedesktop.org/mailman/listinfo/systemd-devel
░░ 
░░ A start job for unit systemd-update-utmp.service has begun execution.
░░ 
░░ The job identifier is 74.
Aug 09 09:58:59 openeuler-riscv64 systemd[1]: Finished Record System Boot/Shutdown in UTMP.
░░ Subject: A start job for unit systemd-update-utmp.service has finished successfully
░░ Defined-By: systemd
░░ Support: https://lists.freedesktop.org/mailman/listinfo/systemd-devel
░░ 
░░ A start job for unit systemd-update-utmp.service has finished successfully.
░░ 
░░ The job identifier is 74.
Aug 09 09:58:59 openeuler-riscv64 systemd[1]: Reached target System Initialization.
░░ Subject: A start job for unit sysinit.target has finished successfully
░░ Defined-By: systemd
░░ Support: https://lists.freedesktop.org/mailman/listinfo/systemd-devel
░░ 
░░ A start job for unit sysinit.target has finished successfully.
░░ 
░░ The job identifier is 4.
Aug 09 09:58:59 openeuler-riscv64 systemd[1]: Started dnf makecache --timer.
░░ Subject: A start job for unit dnf-makecache.timer has finished successfully
░░ Defined-By: systemd
░░ Support: https://lists.freedesktop.org/mailman/listinfo/systemd-devel
░░ 
░░ A start job for unit dnf-makecache.timer has finished successfully.
░░ 
░░ The job identifier is 66.
Aug 09 09:58:59 openeuler-riscv64 systemd[1]: Started Daily Cleanup of Temporary Directories.
░░ Subject: A start job for unit systemd-tmpfiles-clean.timer has finished successfully
░░ Defined-By: systemd
░░ Support: https://lists.freedesktop.org/mailman/listinfo/systemd-devel
░░ 
░░ A start job for unit systemd-tmpfiles-clean.timer has finished successfully.
░░ 
░░ The job identifier is 71.
Aug 09 09:58:59 openeuler-riscv64 systemd[1]: Reached target Timer Units.
░░ Subject: A start job for unit timers.target has finished successfully
░░ Defined-By: systemd
░░ Support: https://lists.freedesktop.org/mailman/listinfo/systemd-devel
░░ 
░░ A start job for unit timers.target has finished successfully.
░░ 
░░ The job identifier is 65.
Aug 09 09:58:59 openeuler-riscv64 systemd[1]: Listening on D-Bus System Message Bus Socket.
░░ Subject: A start job for unit dbus.socket has finished successfully
░░ Defined-By: systemd
░░ Support: https://lists.freedesktop.org/mailman/listinfo/systemd-devel
░░ 
░░ A start job for unit dbus.socket has finished successfully.
░░ 
░░ The job identifier is 62.
Aug 09 09:58:59 openeuler-riscv64 systemd[1]: Reached target Socket Units.
░░ Subject: A start job for unit sockets.target has finished successfully
░░ Defined-By: systemd
░░ Support: https://lists.freedesktop.org/mailman/listinfo/systemd-devel
░░ 
░░ A start job for unit sockets.target has finished successfully.
░░ 
░░ The job identifier is 61.
Aug 09 09:58:59 openeuler-riscv64 systemd[1]: Reached target Basic System.
░░ Subject: A start job for unit basic.target has finished successfully
░░ Defined-By: systemd
░░ Support: https://lists.freedesktop.org/mailman/listinfo/systemd-devel
░░ 
░░ A start job for unit basic.target has finished successfully.
░░ 
░░ The job identifier is 3.
Aug 09 09:58:59 openeuler-riscv64 systemd[1]: System is tainted: cgroupsv1
░░ Subject: The system is configured in a way that might cause problems
░░ Defined-By: systemd
░░ Support: https://lists.freedesktop.org/mailman/listinfo/systemd-devel
░░ 
░░ The following "tags" are possible:
░░ - "split-usr" — /usr is a separate file system and was not mounted when systemd
░░   was booted
░░ - "cgroups-missing" — the kernel was compiled without cgroup support or access
░░   to expected interface files is restricted
░░ - "var-run-bad" — /var/run is not a symlink to /run
░░ - "overflowuid-not-65534" — the kernel user ID used for "unknown" users (with
░░   NFS or user namespaces) is not 65534
░░ - "overflowgid-not-65534" — the kernel group ID used for "unknown" users (with
░░   NFS or user namespaces) is not 65534
░░ Current system is tagged as cgroupsv1.
Aug 09 09:58:59 openeuler-riscv64 systemd[1]: Starting D-Bus System Message Bus...
░░ Subject: A start job for unit dbus.service has begun execution
░░ Defined-By: systemd
░░ Support: https://lists.freedesktop.org/mailman/listinfo/systemd-devel
░░ 
░░ A start job for unit dbus.service has begun execution.
░░ 
░░ The job identifier is 75.
Aug 09 09:58:59 openeuler-riscv64 systemd[1]: Starting Restore /run/initramfs on shutdown...
░░ Subject: A start job for unit dracut-shutdown.service has begun execution
░░ Defined-By: systemd
░░ Support: https://lists.freedesktop.org/mailman/listinfo/systemd-devel
░░ 
░░ A start job for unit dracut-shutdown.service has begun execution.
░░ 
░░ The job identifier is 47.
Aug 09 09:58:59 openeuler-riscv64 systemd[1]: Starting Update RTC With System Clock...
░░ Subject: A start job for unit hwclock-save.service has begun execution
░░ Defined-By: systemd
░░ Support: https://lists.freedesktop.org/mailman/listinfo/systemd-devel
░░ 
░░ A start job for unit hwclock-save.service has begun execution.
░░ 
░░ The job identifier is 27.
Aug 09 09:59:00 openeuler-riscv64 systemd[1]: Condition check resulted in OpenSSH ecdsa Server Key Generation being skipped.
░░ Subject: A start job for unit sshd-keygen@ecdsa.service has finished successfully
░░ Defined-By: systemd
░░ Support: https://lists.freedesktop.org/mailman/listinfo/systemd-devel
░░ 
░░ A start job for unit sshd-keygen@ecdsa.service has finished successfully.
░░ 
░░ The job identifier is 80.
Aug 09 09:59:00 openeuler-riscv64 systemd[1]: Condition check resulted in OpenSSH ed25519 Server Key Generation being skipped.
░░ Subject: A start job for unit sshd-keygen@ed25519.service has finished successfully
░░ Defined-By: systemd
░░ Support: https://lists.freedesktop.org/mailman/listinfo/systemd-devel
░░ 
░░ A start job for unit sshd-keygen@ed25519.service has finished successfully.
░░ 
░░ The job identifier is 78.
Aug 09 09:59:00 openeuler-riscv64 systemd[1]: Condition check resulted in OpenSSH rsa Server Key Generation being skipped.
░░ Subject: A start job for unit sshd-keygen@rsa.service has finished successfully
░░ Defined-By: systemd
░░ Support: https://lists.freedesktop.org/mailman/listinfo/systemd-devel
░░ 
░░ A start job for unit sshd-keygen@rsa.service has finished successfully.
░░ 
░░ The job identifier is 81.
Aug 09 09:59:00 openeuler-riscv64 systemd[1]: Reached target sshd-keygen.target.
░░ Subject: A start job for unit sshd-keygen.target has finished successfully
░░ Defined-By: systemd
░░ Support: https://lists.freedesktop.org/mailman/listinfo/systemd-devel
░░ 
░░ A start job for unit sshd-keygen.target has finished successfully.
░░ 
░░ The job identifier is 77.
Aug 09 09:59:00 openeuler-riscv64 systemd[1]: Starting User Login Management...
░░ Subject: A start job for unit systemd-logind.service has begun execution
░░ Defined-By: systemd
░░ Support: https://lists.freedesktop.org/mailman/listinfo/systemd-devel
░░ 
░░ A start job for unit systemd-logind.service has begun execution.
░░ 
░░ The job identifier is 82.
Aug 09 09:59:00 openeuler-riscv64 systemd[1]: Finished Restore /run/initramfs on shutdown.
░░ Subject: A start job for unit dracut-shutdown.service has finished successfully
░░ Defined-By: systemd
░░ Support: https://lists.freedesktop.org/mailman/listinfo/systemd-devel
░░ 
░░ A start job for unit dracut-shutdown.service has finished successfully.
░░ 
░░ The job identifier is 47.
Aug 09 09:59:00 openeuler-riscv64 systemd[1]: Finished Update RTC With System Clock.
░░ Subject: A start job for unit hwclock-save.service has finished successfully
░░ Defined-By: systemd
░░ Support: https://lists.freedesktop.org/mailman/listinfo/systemd-devel
░░ 
░░ A start job for unit hwclock-save.service has finished successfully.
░░ 
░░ The job identifier is 27.
Aug 09 09:59:00 openeuler-riscv64 systemd[1]: Started D-Bus System Message Bus.
░░ Subject: A start job for unit dbus.service has finished successfully
░░ Defined-By: systemd
░░ Support: https://lists.freedesktop.org/mailman/listinfo/systemd-devel
░░ 
░░ A start job for unit dbus.service has finished successfully.
░░ 
░░ The job identifier is 75.
Aug 09 09:59:00 openeuler-riscv64 systemd[1]: Starting Network Manager...
░░ Subject: A start job for unit NetworkManager.service has begun execution
░░ Defined-By: systemd
░░ Support: https://lists.freedesktop.org/mailman/listinfo/systemd-devel
░░ 
░░ A start job for unit NetworkManager.service has begun execution.
░░ 
░░ The job identifier is 69.
Aug 09 09:59:01 openeuler-riscv64 kernel: usb 1-3: unknown interface protocol 0x4, assuming v1
Aug 09 09:59:01 openeuler-riscv64 kernel: usbcore: registered new interface driver snd-usb-audio
Aug 09 09:59:02 openeuler-riscv64 systemd[1]: Reached target Sound Card.
░░ Subject: A start job for unit sound.target has finished successfully
░░ Defined-By: systemd
░░ Support: https://lists.freedesktop.org/mailman/listinfo/systemd-devel
░░ 
░░ A start job for unit sound.target has finished successfully.
░░ 
░░ The job identifier is 97.
Aug 09 09:59:03 openeuler-riscv64 NetworkManager[260]: <info>  [1691546343.5428] NetworkManager (version 1.32.12-18.oe2309) is starting... (for the first time)
Aug 09 09:59:03 openeuler-riscv64 NetworkManager[260]: <info>  [1691546343.5529] Read config: /etc/NetworkManager/NetworkManager.conf
Aug 09 09:59:03 openeuler-riscv64 systemd[1]: Started Network Manager.
░░ Subject: A start job for unit NetworkManager.service has finished successfully
░░ Defined-By: systemd
░░ Support: https://lists.freedesktop.org/mailman/listinfo/systemd-devel
░░ 
░░ A start job for unit NetworkManager.service has finished successfully.
░░ 
░░ The job identifier is 69.
Aug 09 09:59:03 openeuler-riscv64 systemd[1]: Reached target Network.
░░ Subject: A start job for unit network.target has finished successfully
░░ Defined-By: systemd
░░ Support: https://lists.freedesktop.org/mailman/listinfo/systemd-devel
░░ 
░░ A start job for unit network.target has finished successfully.
░░ 
░░ The job identifier is 70.
Aug 09 09:59:03 openeuler-riscv64 NetworkManager[260]: <info>  [1691546343.8528] bus-manager: acquired D-Bus service "org.freedesktop.NetworkManager"
Aug 09 09:59:03 openeuler-riscv64 systemd[1]: Starting Network Manager Wait Online...
░░ Subject: A start job for unit NetworkManager-wait-online.service has begun execution
░░ Defined-By: systemd
░░ Support: https://lists.freedesktop.org/mailman/listinfo/systemd-devel
░░ 
░░ A start job for unit NetworkManager-wait-online.service has begun execution.
░░ 
░░ The job identifier is 68.
Aug 09 09:59:04 openeuler-riscv64 systemd[1]: Starting OpenSSH server daemon...
░░ Subject: A start job for unit sshd.service has begun execution
░░ Defined-By: systemd
░░ Support: https://lists.freedesktop.org/mailman/listinfo/systemd-devel
░░ 
░░ A start job for unit sshd.service has begun execution.
░░ 
░░ The job identifier is 76.
Aug 09 09:59:04 openeuler-riscv64 systemd[1]: Starting Permit User Sessions...
░░ Subject: A start job for unit systemd-user-sessions.service has begun execution
░░ Defined-By: systemd
░░ Support: https://lists.freedesktop.org/mailman/listinfo/systemd-devel
░░ 
░░ A start job for unit systemd-user-sessions.service has begun execution.
░░ 
░░ The job identifier is 85.
Aug 09 09:59:04 openeuler-riscv64 systemd-logind[259]: Watching system buttons on /dev/input/event0 (QEMU QEMU USB Keyboard)
Aug 09 09:59:04 openeuler-riscv64 systemd-logind[259]: New seat seat0.
░░ Subject: A new seat seat0 is now available
░░ Defined-By: systemd
░░ Support: https://lists.freedesktop.org/mailman/listinfo/systemd-devel
░░ Documentation: sd-login(3)
░░ 
░░ A new seat seat0 has been configured and is now available.
Aug 09 09:59:04 openeuler-riscv64 NetworkManager[260]: <info>  [1691546344.5160] manager[0x2aed80a000]: monitoring kernel firmware directory '/lib/firmware'.
Aug 09 09:59:04 openeuler-riscv64 systemd[1]: Started User Login Management.
░░ Subject: A start job for unit systemd-logind.service has finished successfully
░░ Defined-By: systemd
░░ Support: https://lists.freedesktop.org/mailman/listinfo/systemd-devel
░░ 
░░ A start job for unit systemd-logind.service has finished successfully.
░░ 
░░ The job identifier is 82.
Aug 09 09:59:04 openeuler-riscv64 dbus-daemon[254]: [system] Activating via systemd: service name='org.freedesktop.hostname1' unit='dbus-org.freedesktop.hostname1.service' requested by ':1.1' (uid=0 pid=260 comm="/usr/sbin/NetworkManager --no-daemon")
Aug 09 09:59:05 openeuler-riscv64 systemd[1]: Starting Hostname Service...
░░ Subject: A start job for unit systemd-hostnamed.service has begun execution
░░ Defined-By: systemd
░░ Support: https://lists.freedesktop.org/mailman/listinfo/systemd-devel
░░ 
░░ A start job for unit systemd-hostnamed.service has begun execution.
░░ 
░░ The job identifier is 99.
Aug 09 09:59:05 openeuler-riscv64 systemd[1]: Finished Permit User Sessions.
░░ Subject: A start job for unit systemd-user-sessions.service has finished successfully
░░ Defined-By: systemd
░░ Support: https://lists.freedesktop.org/mailman/listinfo/systemd-devel
░░ 
░░ A start job for unit systemd-user-sessions.service has finished successfully.
░░ 
░░ The job identifier is 85.
Aug 09 09:59:05 openeuler-riscv64 systemd[1]: Started Command Scheduler.
░░ Subject: A start job for unit crond.service has finished successfully
░░ Defined-By: systemd
░░ Support: https://lists.freedesktop.org/mailman/listinfo/systemd-devel
░░ 
░░ A start job for unit crond.service has finished successfully.
░░ 
░░ The job identifier is 95.
Aug 09 09:59:05 openeuler-riscv64 systemd[1]: Started Getty on tty1.
░░ Subject: A start job for unit getty@tty1.service has finished successfully
░░ Defined-By: systemd
░░ Support: https://lists.freedesktop.org/mailman/listinfo/systemd-devel
░░ 
░░ A start job for unit getty@tty1.service has finished successfully.
░░ 
░░ The job identifier is 93.
Aug 09 09:59:05 openeuler-riscv64 crond[272]: (CRON) STARTUP (1.6.1)
Aug 09 09:59:05 openeuler-riscv64 crond[272]: (CRON) INFO (Syslog will be used instead of sendmail.)
Aug 09 09:59:05 openeuler-riscv64 crond[272]: (CRON) INFO (RANDOM_DELAY will be scaled with factor 25% if used.)
Aug 09 09:59:05 openeuler-riscv64 crond[272]: (CRON) INFO (running with inotify support)
Aug 09 09:59:05 openeuler-riscv64 sshd[264]: Server listening on 0.0.0.0 port 22.
Aug 09 09:59:05 openeuler-riscv64 sshd[264]: Server listening on :: port 22.
Aug 09 09:59:05 openeuler-riscv64 systemd[1]: Started Serial Getty on ttyS0.
░░ Subject: A start job for unit serial-getty@ttyS0.service has finished successfully
░░ Defined-By: systemd
░░ Support: https://lists.freedesktop.org/mailman/listinfo/systemd-devel
░░ 
░░ A start job for unit serial-getty@ttyS0.service has finished successfully.
░░ 
░░ The job identifier is 88.
Aug 09 09:59:05 openeuler-riscv64 systemd[1]: Reached target Login Prompts.
░░ Subject: A start job for unit getty.target has finished successfully
░░ Defined-By: systemd
░░ Support: https://lists.freedesktop.org/mailman/listinfo/systemd-devel
░░ 
░░ A start job for unit getty.target has finished successfully.
░░ 
░░ The job identifier is 87.
Aug 09 09:59:05 openeuler-riscv64 systemd[1]: Started OpenSSH server daemon.
░░ Subject: A start job for unit sshd.service has finished successfully
░░ Defined-By: systemd
░░ Support: https://lists.freedesktop.org/mailman/listinfo/systemd-devel
░░ 
░░ A start job for unit sshd.service has finished successfully.
░░ 
░░ The job identifier is 76.
Aug 09 09:59:05 openeuler-riscv64 systemd[1]: Reached target Multi-User System.
░░ Subject: A start job for unit multi-user.target has finished successfully
░░ Defined-By: systemd
░░ Support: https://lists.freedesktop.org/mailman/listinfo/systemd-devel
░░ 
░░ A start job for unit multi-user.target has finished successfully.
░░ 
░░ The job identifier is 2.
Aug 09 09:59:05 openeuler-riscv64 systemd[1]: Reached target Graphical Interface.
░░ Subject: A start job for unit graphical.target has finished successfully
░░ Defined-By: systemd
░░ Support: https://lists.freedesktop.org/mailman/listinfo/systemd-devel
░░ 
░░ A start job for unit graphical.target has finished successfully.
░░ 
░░ The job identifier is 1.
Aug 09 09:59:05 openeuler-riscv64 systemd[1]: Starting Record Runlevel Change in UTMP...
░░ Subject: A start job for unit systemd-update-utmp-runlevel.service has begun execution
░░ Defined-By: systemd
░░ Support: https://lists.freedesktop.org/mailman/listinfo/systemd-devel
░░ 
░░ A start job for unit systemd-update-utmp-runlevel.service has begun execution.
░░ 
░░ The job identifier is 73.
Aug 09 09:59:06 openeuler-riscv64 systemd[1]: systemd-update-utmp-runlevel.service: Deactivated successfully.
░░ Subject: Unit succeeded
░░ Defined-By: systemd
░░ Support: https://lists.freedesktop.org/mailman/listinfo/systemd-devel
░░ 
░░ The unit systemd-update-utmp-runlevel.service has successfully entered the 'dead' state.
Aug 09 09:59:06 openeuler-riscv64 systemd[1]: Finished Record Runlevel Change in UTMP.
░░ Subject: A start job for unit systemd-update-utmp-runlevel.service has finished successfully
░░ Defined-By: systemd
░░ Support: https://lists.freedesktop.org/mailman/listinfo/systemd-devel
░░ 
░░ A start job for unit systemd-update-utmp-runlevel.service has finished successfully.
░░ 
░░ The job identifier is 73.
Aug 09 09:59:08 openeuler-riscv64 dbus-daemon[254]: [system] Successfully activated service 'org.freedesktop.hostname1'
Aug 09 09:59:08 openeuler-riscv64 systemd[1]: Started Hostname Service.
░░ Subject: A start job for unit systemd-hostnamed.service has finished successfully
░░ Defined-By: systemd
░░ Support: https://lists.freedesktop.org/mailman/listinfo/systemd-devel
░░ 
░░ A start job for unit systemd-hostnamed.service has finished successfully.
░░ 
░░ The job identifier is 99.
Aug 09 09:59:08 openeuler-riscv64 NetworkManager[260]: <info>  [1691546348.7473] hostname: hostname: using hostnamed
Aug 09 09:59:08 openeuler-riscv64 NetworkManager[260]: <info>  [1691546348.7523] hostname: hostname changed from (none) to "openeuler-riscv64"
Aug 09 09:59:08 openeuler-riscv64 NetworkManager[260]: <info>  [1691546348.7813] dns-mgr[0x2aed7ec250]: init: dns=default rc-manager=symlink
Aug 09 09:59:09 openeuler-riscv64 NetworkManager[260]: <info>  [1691546349.0779] manager[0x2aed80a000]: rfkill: Wi-Fi hardware radio set enabled
Aug 09 09:59:09 openeuler-riscv64 NetworkManager[260]: <info>  [1691546349.0839] manager[0x2aed80a000]: rfkill: WWAN hardware radio set enabled
Aug 09 09:59:09 openeuler-riscv64 NetworkManager[260]: <info>  [1691546349.3565] Loaded device plugin: NMAtmManager (/usr/lib64/NetworkManager/1.32.12-18.oe2309/libnm-device-plugin-adsl.so)
Aug 09 09:59:09 openeuler-riscv64 NetworkManager[260]: <info>  [1691546349.4332] Loaded device plugin: NMTeamFactory (/usr/lib64/NetworkManager/1.32.12-18.oe2309/libnm-device-plugin-team.so)
Aug 09 09:59:09 openeuler-riscv64 NetworkManager[260]: <info>  [1691546349.4478] manager: rfkill: Wi-Fi enabled by radio killswitch; enabled by state file
Aug 09 09:59:09 openeuler-riscv64 NetworkManager[260]: <info>  [1691546349.4520] manager: rfkill: WWAN enabled by radio killswitch; enabled by state file
Aug 09 09:59:09 openeuler-riscv64 NetworkManager[260]: <info>  [1691546349.4563] manager: Networking is enabled by state file
Aug 09 09:59:09 openeuler-riscv64 dbus-daemon[254]: [system] Activating via systemd: service name='org.freedesktop.nm_dispatcher' unit='dbus-org.freedesktop.nm-dispatcher.service' requested by ':1.1' (uid=0 pid=260 comm="/usr/sbin/NetworkManager --no-daemon")
Aug 09 09:59:09 openeuler-riscv64 NetworkManager[260]: <info>  [1691546349.4750] dhcp-init: default DHCP client 'dhclient' is not available
Aug 09 09:59:09 openeuler-riscv64 NetworkManager[260]: <info>  [1691546349.4790] dhcp-init: Using DHCP client 'internal'
Aug 09 09:59:09 openeuler-riscv64 NetworkManager[260]: <info>  [1691546349.5280] settings: Loaded settings plugin: ifcfg-rh ("/usr/lib64/NetworkManager/1.32.12-18.oe2309/libnm-settings-plugin-ifcfg-rh.so")
Aug 09 09:59:09 openeuler-riscv64 NetworkManager[260]: <info>  [1691546349.5323] settings: Loaded settings plugin: keyfile (internal)
Aug 09 09:59:09 openeuler-riscv64 NetworkManager[260]: <info>  [1691546349.6161] device (lo): carrier: link connected
Aug 09 09:59:09 openeuler-riscv64 NetworkManager[260]: <info>  [1691546349.6426] manager: (lo): new Generic device (/org/freedesktop/NetworkManager/Devices/1)
Aug 09 09:59:09 openeuler-riscv64 systemd[1]: Starting Network Manager Script Dispatcher Service...
░░ Subject: A start job for unit NetworkManager-dispatcher.service has begun execution
░░ Defined-By: systemd
░░ Support: https://lists.freedesktop.org/mailman/listinfo/systemd-devel
░░ 
░░ A start job for unit NetworkManager-dispatcher.service has begun execution.
░░ 
░░ The job identifier is 162.
Aug 09 09:59:09 openeuler-riscv64 NetworkManager[260]: <info>  [1691546349.7440] manager: (enp0s2): new Ethernet device (/org/freedesktop/NetworkManager/Devices/2)
Aug 09 09:59:09 openeuler-riscv64 NetworkManager[260]: <info>  [1691546349.9325] settings: (enp0s2): created default wired connection 'Wired connection 1'
Aug 09 09:59:09 openeuler-riscv64 NetworkManager[260]: <info>  [1691546349.9747] device (enp0s2): state change: unmanaged -> unavailable (reason 'managed', sys-iface-state: 'external')
Aug 09 09:59:10 openeuler-riscv64 NetworkManager[260]: <info>  [1691546350.0549] device (enp0s2): carrier: link connected
Aug 09 09:59:10 openeuler-riscv64 NetworkManager[260]: <info>  [1691546350.1921] manager: (enp0s3): new Ethernet device (/org/freedesktop/NetworkManager/Devices/3)
Aug 09 09:59:10 openeuler-riscv64 NetworkManager[260]: <info>  [1691546350.2567] settings: (enp0s3): created default wired connection 'Wired connection 2'
Aug 09 09:59:10 openeuler-riscv64 NetworkManager[260]: <info>  [1691546350.2682] device (enp0s3): state change: unmanaged -> unavailable (reason 'managed', sys-iface-state: 'external')
Aug 09 09:59:10 openeuler-riscv64 dbus-daemon[254]: [system] Successfully activated service 'org.freedesktop.nm_dispatcher'
Aug 09 09:59:10 openeuler-riscv64 systemd[1]: Started Network Manager Script Dispatcher Service.
░░ Subject: A start job for unit NetworkManager-dispatcher.service has finished successfully
░░ Defined-By: systemd
░░ Support: https://lists.freedesktop.org/mailman/listinfo/systemd-devel
░░ 
░░ A start job for unit NetworkManager-dispatcher.service has finished successfully.
░░ 
░░ The job identifier is 162.
Aug 09 09:59:10 openeuler-riscv64 NetworkManager[260]: <info>  [1691546350.3058] device (enp0s3): carrier: link connected
Aug 09 09:59:10 openeuler-riscv64 NetworkManager[260]: <info>  [1691546350.4933] device (enp0s2): state change: unavailable -> disconnected (reason 'none', sys-iface-state: 'managed')
Aug 09 09:59:10 openeuler-riscv64 NetworkManager[260]: <info>  [1691546350.5743] device (enp0s3): state change: unavailable -> disconnected (reason 'none', sys-iface-state: 'managed')
Aug 09 09:59:10 openeuler-riscv64 NetworkManager[260]: <info>  [1691546350.8178] policy: auto-activating connection 'Wired connection 1' (ab386e69-14fb-3b87-b2cb-dd59b9c67a71)
Aug 09 09:59:10 openeuler-riscv64 NetworkManager[260]: <info>  [1691546350.8278] policy: auto-activating connection 'Wired connection 2' (26a7ffe9-e895-3bb5-a409-126e8450dfdd)
Aug 09 09:59:10 openeuler-riscv64 NetworkManager[260]: <info>  [1691546350.8667] device (enp0s2): Activation: starting connection 'Wired connection 1' (ab386e69-14fb-3b87-b2cb-dd59b9c67a71)
Aug 09 09:59:10 openeuler-riscv64 NetworkManager[260]: <info>  [1691546350.8969] device (enp0s3): Activation: starting connection 'Wired connection 2' (26a7ffe9-e895-3bb5-a409-126e8450dfdd)
Aug 09 09:59:10 openeuler-riscv64 NetworkManager[260]: <info>  [1691546350.9064] device (enp0s2): state change: disconnected -> prepare (reason 'none', sys-iface-state: 'managed')
Aug 09 09:59:10 openeuler-riscv64 NetworkManager[260]: <info>  [1691546350.9355] manager: NetworkManager state is now CONNECTING
Aug 09 09:59:10 openeuler-riscv64 NetworkManager[260]: <info>  [1691546350.9527] device (enp0s2): state change: prepare -> config (reason 'none', sys-iface-state: 'managed')
Aug 09 09:59:10 openeuler-riscv64 NetworkManager[260]: <info>  [1691546350.9955] device (enp0s3): state change: disconnected -> prepare (reason 'none', sys-iface-state: 'managed')
Aug 09 09:59:11 openeuler-riscv64 NetworkManager[260]: <info>  [1691546351.0258] device (enp0s3): state change: prepare -> config (reason 'none', sys-iface-state: 'managed')
Aug 09 09:59:11 openeuler-riscv64 NetworkManager[260]: <info>  [1691546351.0678] device (enp0s2): state change: config -> ip-config (reason 'none', sys-iface-state: 'managed')
Aug 09 09:59:11 openeuler-riscv64 NetworkManager[260]: <info>  [1691546351.1062] dhcp4 (enp0s2): activation: beginning transaction (timeout in 45 seconds)
Aug 09 09:59:11 openeuler-riscv64 NetworkManager[260]: <info>  [1691546351.2352] device (enp0s3): state change: config -> ip-config (reason 'none', sys-iface-state: 'managed')
Aug 09 09:59:11 openeuler-riscv64 NetworkManager[260]: <info>  [1691546351.2498] dhcp4 (enp0s3): activation: beginning transaction (timeout in 45 seconds)
Aug 09 09:59:11 openeuler-riscv64 NetworkManager[260]: <info>  [1691546351.3624] dhcp4 (enp0s3): state changed unknown -> bound, address=10.0.2.15
Aug 09 09:59:11 openeuler-riscv64 NetworkManager[260]: <info>  [1691546351.4201] device (enp0s3): state change: ip-config -> ip-check (reason 'none', sys-iface-state: 'managed')
Aug 09 09:59:11 openeuler-riscv64 NetworkManager[260]: <info>  [1691546351.7821] device (enp0s3): state change: ip-check -> secondaries (reason 'none', sys-iface-state: 'managed')
Aug 09 09:59:11 openeuler-riscv64 NetworkManager[260]: <info>  [1691546351.7909] device (enp0s3): state change: secondaries -> activated (reason 'none', sys-iface-state: 'managed')
Aug 09 09:59:11 openeuler-riscv64 NetworkManager[260]: <info>  [1691546351.8300] manager: NetworkManager state is now CONNECTED_SITE
Aug 09 09:59:11 openeuler-riscv64 NetworkManager[260]: <info>  [1691546351.8357] policy: set 'Wired connection 2' (enp0s3) as default for IPv4 routing and DNS
Aug 09 09:59:11 openeuler-riscv64 NetworkManager[260]: <info>  [1691546351.9298] device (enp0s3): Activation: successful, device activated.
Aug 09 09:59:11 openeuler-riscv64 NetworkManager[260]: <info>  [1691546351.9766] manager: NetworkManager state is now CONNECTED_GLOBAL
Aug 09 09:59:13 openeuler-riscv64 NetworkManager[260]: <info>  [1691546353.2890] policy: set 'Wired connection 2' (enp0s3) as default for IPv6 routing and DNS
Aug 09 09:59:13 openeuler-riscv64 sshd[294]: Connection closed by 10.0.2.2 port 39246 [preauth]
Aug 09 09:59:15 openeuler-riscv64 sshd[297]: Connection closed by 10.0.2.2 port 36118 [preauth]
Aug 09 09:59:15 openeuler-riscv64 sshd[296]: Accepted password for root from 10.0.2.2 port 47630 ssh2
Aug 09 09:59:16 openeuler-riscv64 sshd[296]: pam_unix(sshd:session): session opened for user root(uid=0) by root(uid=0)
Aug 09 09:59:16 openeuler-riscv64 sshd[296]: pam_unix(sshd:session): session closed for user root
Aug 09 09:59:18 openeuler-riscv64 sshd[301]: Connection closed by 10.0.2.2 port 41836 [preauth]
Aug 09 09:59:20 openeuler-riscv64 sshd[303]: Connection closed by 10.0.2.2 port 57136 [preauth]
Aug 09 09:59:23 openeuler-riscv64 systemd[1]: NetworkManager-dispatcher.service: Deactivated successfully.
░░ Subject: Unit succeeded
░░ Defined-By: systemd
░░ Support: https://lists.freedesktop.org/mailman/listinfo/systemd-devel
░░ 
░░ The unit NetworkManager-dispatcher.service has successfully entered the 'dead' state.
Aug 09 09:59:24 openeuler-riscv64 sshd[305]: Connection closed by 10.0.2.2 port 58772 [preauth]
Aug 09 09:59:34 openeuler-riscv64 systemd[1]: NetworkManager-wait-online.service: Main process exited, code=exited, status=1/FAILURE
░░ Subject: Unit process exited
░░ Defined-By: systemd
░░ Support: https://lists.freedesktop.org/mailman/listinfo/systemd-devel
░░ 
░░ An ExecStart= process belonging to unit NetworkManager-wait-online.service has exited.
░░ 
░░ The process' exit code is 'exited' and its exit status is 1.
Aug 09 09:59:35 openeuler-riscv64 systemd[1]: NetworkManager-wait-online.service: Failed with result 'exit-code'.
░░ Subject: Unit failed
░░ Defined-By: systemd
░░ Support: https://lists.freedesktop.org/mailman/listinfo/systemd-devel
░░ 
░░ The unit NetworkManager-wait-online.service has entered the 'failed' state with result 'exit-code'.
Aug 09 09:59:35 openeuler-riscv64 systemd[1]: Failed to start Network Manager Wait Online.
░░ Subject: A start job for unit NetworkManager-wait-online.service has failed
░░ Defined-By: systemd
░░ Support: https://lists.freedesktop.org/mailman/listinfo/systemd-devel
░░ 
░░ A start job for unit NetworkManager-wait-online.service has finished with a failure.
░░ 
░░ The job identifier is 68 and the job result is failed.
Aug 09 09:59:35 openeuler-riscv64 systemd[1]: Reached target Network is Online.
░░ Subject: A start job for unit network-online.target has finished successfully
░░ Defined-By: systemd
░░ Support: https://lists.freedesktop.org/mailman/listinfo/systemd-devel
░░ 
░░ A start job for unit network-online.target has finished successfully.
░░ 
░░ The job identifier is 67.
Aug 09 09:59:35 openeuler-riscv64 systemd[1]: Startup finished in 5.271s (kernel) + 1min 3.604s (userspace) = 1min 8.875s.
░░ Subject: System start-up is now complete
░░ Defined-By: systemd
░░ Support: https://lists.freedesktop.org/mailman/listinfo/systemd-devel
░░ 
░░ All system services necessary queued for starting at boot have been
░░ started. Note that this does not mean that the machine is now idle as services
░░ might still be busy with completing start-up.
░░ 
░░ Kernel start-up required 5271040 microseconds.
░░ 
░░ Initial RAM disk start-up required INITRD_USEC microseconds.
░░ 
░░ Userspace start-up required 63604918 microseconds.
Aug 09 09:59:38 openeuler-riscv64 systemd[1]: systemd-hostnamed.service: Deactivated successfully.
░░ Subject: Unit succeeded
░░ Defined-By: systemd
░░ Support: https://lists.freedesktop.org/mailman/listinfo/systemd-devel
░░ 
░░ The unit systemd-hostnamed.service has successfully entered the 'dead' state.
Aug 09 09:59:56 openeuler-riscv64 NetworkManager[260]: <warn>  [1691546396.3187] dhcp4 (enp0s2): request timed out
Aug 09 09:59:56 openeuler-riscv64 NetworkManager[260]: <info>  [1691546396.3208] dhcp4 (enp0s2): state changed unknown -> timeout
Aug 09 09:59:56 openeuler-riscv64 NetworkManager[260]: <info>  [1691546396.3246] device (enp0s2): state change: ip-config -> failed (reason 'ip-config-unavailable', sys-iface-state: 'managed')
Aug 09 09:59:56 openeuler-riscv64 NetworkManager[260]: <warn>  [1691546396.3405] device (enp0s2): Activation: failed for connection 'Wired connection 1'
Aug 09 09:59:56 openeuler-riscv64 NetworkManager[260]: <info>  [1691546396.3473] device (enp0s2): state change: failed -> disconnected (reason 'none', sys-iface-state: 'managed')
Aug 09 09:59:56 openeuler-riscv64 NetworkManager[260]: <info>  [1691546396.3988] dhcp4 (enp0s2): canceled DHCP transaction
Aug 09 09:59:56 openeuler-riscv64 NetworkManager[260]: <info>  [1691546396.4006] dhcp4 (enp0s2): state changed timeout -> terminated
Aug 09 09:59:56 openeuler-riscv64 NetworkManager[260]: <info>  [1691546396.4551] policy: auto-activating connection 'Wired connection 1' (ab386e69-14fb-3b87-b2cb-dd59b9c67a71)
Aug 09 09:59:56 openeuler-riscv64 NetworkManager[260]: <info>  [1691546396.4744] device (enp0s2): Activation: starting connection 'Wired connection 1' (ab386e69-14fb-3b87-b2cb-dd59b9c67a71)
Aug 09 09:59:56 openeuler-riscv64 NetworkManager[260]: <info>  [1691546396.4795] device (enp0s2): state change: disconnected -> prepare (reason 'none', sys-iface-state: 'managed')
Aug 09 09:59:56 openeuler-riscv64 NetworkManager[260]: <info>  [1691546396.4908] device (enp0s2): state change: prepare -> config (reason 'none', sys-iface-state: 'managed')
Aug 09 09:59:56 openeuler-riscv64 NetworkManager[260]: <info>  [1691546396.5077] device (enp0s2): state change: config -> ip-config (reason 'none', sys-iface-state: 'managed')
Aug 09 09:59:56 openeuler-riscv64 NetworkManager[260]: <info>  [1691546396.5183] dhcp4 (enp0s2): activation: beginning transaction (timeout in 45 seconds)
Aug 09 10:00:40 openeuler-riscv64 sshd[312]: Accepted password for root from 10.0.2.2 port 58870 ssh2
Aug 09 10:00:40 openeuler-riscv64 sshd[312]: pam_unix(sshd:session): session opened for user root(uid=0) by root(uid=0)
Aug 09 10:00:41 openeuler-riscv64 NetworkManager[260]: <warn>  [1691546441.3184] dhcp4 (enp0s2): request timed out
Aug 09 10:00:41 openeuler-riscv64 NetworkManager[260]: <info>  [1691546441.3196] dhcp4 (enp0s2): state changed unknown -> timeout
Aug 09 10:00:41 openeuler-riscv64 NetworkManager[260]: <info>  [1691546441.3214] device (enp0s2): state change: ip-config -> failed (reason 'ip-config-unavailable', sys-iface-state: 'managed')
Aug 09 10:00:41 openeuler-riscv64 NetworkManager[260]: <warn>  [1691546441.3358] device (enp0s2): Activation: failed for connection 'Wired connection 1'
Aug 09 10:00:41 openeuler-riscv64 NetworkManager[260]: <info>  [1691546441.3444] device (enp0s2): state change: failed -> disconnected (reason 'none', sys-iface-state: 'managed')
Aug 09 10:00:41 openeuler-riscv64 NetworkManager[260]: <info>  [1691546441.3899] dhcp4 (enp0s2): canceled DHCP transaction
Aug 09 10:00:41 openeuler-riscv64 NetworkManager[260]: <info>  [1691546441.3911] dhcp4 (enp0s2): state changed timeout -> terminated
Aug 09 10:00:41 openeuler-riscv64 NetworkManager[260]: <info>  [1691546441.4151] policy: auto-activating connection 'Wired connection 1' (ab386e69-14fb-3b87-b2cb-dd59b9c67a71)
Aug 09 10:00:41 openeuler-riscv64 NetworkManager[260]: <info>  [1691546441.4261] device (enp0s2): Activation: starting connection 'Wired connection 1' (ab386e69-14fb-3b87-b2cb-dd59b9c67a71)
Aug 09 10:00:41 openeuler-riscv64 NetworkManager[260]: <info>  [1691546441.4310] device (enp0s2): state change: disconnected -> prepare (reason 'none', sys-iface-state: 'managed')
Aug 09 10:00:41 openeuler-riscv64 NetworkManager[260]: <info>  [1691546441.4408] device (enp0s2): state change: prepare -> config (reason 'none', sys-iface-state: 'managed')
Aug 09 10:00:41 openeuler-riscv64 NetworkManager[260]: <info>  [1691546441.4564] device (enp0s2): state change: config -> ip-config (reason 'none', sys-iface-state: 'managed')
Aug 09 10:00:41 openeuler-riscv64 NetworkManager[260]: <info>  [1691546441.4651] dhcp4 (enp0s2): activation: beginning transaction (timeout in 45 seconds)
Aug 09 10:00:46 openeuler-riscv64 sshd[312]: pam_unix(sshd:session): session closed for user root
Aug 09 10:00:47 openeuler-riscv64 sshd[322]: Accepted password for root from 10.0.2.2 port 60062 ssh2
Aug 09 10:00:47 openeuler-riscv64 sshd[322]: pam_unix(sshd:session): session opened for user root(uid=0) by root(uid=0)
Aug 09 10:00:48 openeuler-riscv64 NetworkManager[260]: <info>  [1691546448.6469] audit: op="connection-add" uuid="6f93c17d-1bf4-4239-8b3f-59be89154eb8" name="enp0s2" pid=325 uid=0 result="success"
Aug 09 10:00:48 openeuler-riscv64 sshd[322]: pam_unix(sshd:session): session closed for user root
Aug 09 10:00:49 openeuler-riscv64 sshd[329]: Accepted password for root from 10.0.2.2 port 60070 ssh2
Aug 09 10:00:49 openeuler-riscv64 sshd[329]: pam_unix(sshd:session): session opened for user root(uid=0) by root(uid=0)
Aug 09 10:00:50 openeuler-riscv64 NetworkManager[260]: <info>  [1691546450.4668] audit: op="connection-update" uuid="6f93c17d-1bf4-4239-8b3f-59be89154eb8" name="enp0s2" args="ipv4.addresses" pid=332 uid=0 result="success"
Aug 09 10:00:50 openeuler-riscv64 sshd[329]: pam_unix(sshd:session): session closed for user root
Aug 09 10:00:51 openeuler-riscv64 sshd[336]: Accepted password for root from 10.0.2.2 port 60074 ssh2
Aug 09 10:00:51 openeuler-riscv64 sshd[336]: pam_unix(sshd:session): session opened for user root(uid=0) by root(uid=0)
Aug 09 10:00:52 openeuler-riscv64 NetworkManager[260]: <info>  [1691546452.3414] audit: op="connection-update" uuid="6f93c17d-1bf4-4239-8b3f-59be89154eb8" name="enp0s2" args="ipv4.gateway" pid=339 uid=0 result="success"
Aug 09 10:00:52 openeuler-riscv64 sshd[336]: pam_unix(sshd:session): session closed for user root
Aug 09 10:00:53 openeuler-riscv64 sshd[343]: Accepted password for root from 10.0.2.2 port 60076 ssh2
Aug 09 10:00:53 openeuler-riscv64 sshd[343]: pam_unix(sshd:session): session opened for user root(uid=0) by root(uid=0)
Aug 09 10:00:54 openeuler-riscv64 NetworkManager[260]: <info>  [1691546454.5031] audit: op="connection-update" uuid="6f93c17d-1bf4-4239-8b3f-59be89154eb8" name="enp0s2" args="ipv4.method" pid=346 uid=0 result="success"
Aug 09 10:00:54 openeuler-riscv64 sshd[343]: pam_unix(sshd:session): session closed for user root
Aug 09 10:00:55 openeuler-riscv64 sshd[350]: Accepted password for root from 10.0.2.2 port 60078 ssh2
Aug 09 10:00:55 openeuler-riscv64 sshd[350]: pam_unix(sshd:session): session opened for user root(uid=0) by root(uid=0)
Aug 09 10:00:56 openeuler-riscv64 NetworkManager[260]: <info>  [1691546456.3143] agent-manager: agent[48a15fa6d43ac983,:1.11/nmcli-connect/0]: agent registered
Aug 09 10:00:56 openeuler-riscv64 NetworkManager[260]: <info>  [1691546456.3469] device (enp0s2): disconnecting for new activation request.
Aug 09 10:00:56 openeuler-riscv64 NetworkManager[260]: <info>  [1691546456.3505] device (enp0s2): state change: ip-config -> deactivating (reason 'new-activation', sys-iface-state: 'managed')
Aug 09 10:00:56 openeuler-riscv64 NetworkManager[260]: <info>  [1691546456.3667] audit: op="connection-activate" uuid="6f93c17d-1bf4-4239-8b3f-59be89154eb8" name="enp0s2" pid=353 uid=0 result="success"
Aug 09 10:00:56 openeuler-riscv64 dbus-daemon[254]: [system] Activating via systemd: service name='org.freedesktop.nm_dispatcher' unit='dbus-org.freedesktop.nm-dispatcher.service' requested by ':1.1' (uid=0 pid=260 comm="/usr/sbin/NetworkManager --no-daemon")
Aug 09 10:00:56 openeuler-riscv64 systemd[1]: Starting Network Manager Script Dispatcher Service...
░░ Subject: A start job for unit NetworkManager-dispatcher.service has begun execution
░░ Defined-By: systemd
░░ Support: https://lists.freedesktop.org/mailman/listinfo/systemd-devel
░░ 
░░ A start job for unit NetworkManager-dispatcher.service has begun execution.
░░ 
░░ The job identifier is 225.
Aug 09 10:00:56 openeuler-riscv64 dbus-daemon[254]: [system] Successfully activated service 'org.freedesktop.nm_dispatcher'
Aug 09 10:00:56 openeuler-riscv64 systemd[1]: Started Network Manager Script Dispatcher Service.
░░ Subject: A start job for unit NetworkManager-dispatcher.service has finished successfully
░░ Defined-By: systemd
░░ Support: https://lists.freedesktop.org/mailman/listinfo/systemd-devel
░░ 
░░ A start job for unit NetworkManager-dispatcher.service has finished successfully.
░░ 
░░ The job identifier is 225.
Aug 09 10:00:56 openeuler-riscv64 NetworkManager[260]: <info>  [1691546456.7823] device (enp0s2): state change: deactivating -> disconnected (reason 'new-activation', sys-iface-state: 'managed')
Aug 09 10:00:56 openeuler-riscv64 NetworkManager[260]: <info>  [1691546456.8140] dhcp4 (enp0s2): canceled DHCP transaction
Aug 09 10:00:56 openeuler-riscv64 NetworkManager[260]: <info>  [1691546456.8150] dhcp4 (enp0s2): state changed unknown -> terminated
Aug 09 10:00:56 openeuler-riscv64 NetworkManager[260]: <info>  [1691546456.8380] device (enp0s2): Activation: starting connection 'enp0s2' (6f93c17d-1bf4-4239-8b3f-59be89154eb8)
Aug 09 10:00:56 openeuler-riscv64 NetworkManager[260]: <info>  [1691546456.8572] device (enp0s2): state change: disconnected -> prepare (reason 'none', sys-iface-state: 'managed')
Aug 09 10:00:56 openeuler-riscv64 NetworkManager[260]: <info>  [1691546456.8621] device (enp0s2): state change: prepare -> config (reason 'none', sys-iface-state: 'managed')
Aug 09 10:00:56 openeuler-riscv64 NetworkManager[260]: <info>  [1691546456.8702] device (enp0s2): state change: config -> ip-config (reason 'none', sys-iface-state: 'managed')
Aug 09 10:00:56 openeuler-riscv64 NetworkManager[260]: <info>  [1691546456.9079] device (enp0s2): state change: ip-config -> ip-check (reason 'none', sys-iface-state: 'managed')
Aug 09 10:00:57 openeuler-riscv64 NetworkManager[260]: <info>  [1691546457.1158] device (enp0s2): state change: ip-check -> secondaries (reason 'none', sys-iface-state: 'managed')
Aug 09 10:00:57 openeuler-riscv64 NetworkManager[260]: <info>  [1691546457.1203] device (enp0s2): state change: secondaries -> activated (reason 'none', sys-iface-state: 'managed')
Aug 09 10:00:57 openeuler-riscv64 NetworkManager[260]: <info>  [1691546457.1320] device (enp0s2): Activation: successful, device activated.
Aug 09 10:00:57 openeuler-riscv64 NetworkManager[260]: <info>  [1691546457.1465] manager: startup complete
Aug 09 10:00:57 openeuler-riscv64 sshd[350]: pam_unix(sshd:session): session closed for user root
Aug 09 10:00:58 openeuler-riscv64 sshd[364]: Accepted password for root from 10.0.2.2 port 43890 ssh2
Aug 09 10:00:58 openeuler-riscv64 sshd[364]: pam_unix(sshd:session): session opened for user root(uid=0) by root(uid=0)
Aug 09 10:00:58 openeuler-riscv64 sshd[364]: pam_unix(sshd:session): session closed for user root
Aug 09 10:00:59 openeuler-riscv64 sshd[370]: Accepted password for root from 10.0.2.2 port 43904 ssh2
Aug 09 10:00:59 openeuler-riscv64 sshd[370]: pam_unix(sshd:session): session opened for user root(uid=0) by root(uid=0)
Aug 09 10:01:01 openeuler-riscv64 CROND[380]: (root) CMD (run-parts /etc/cron.hourly)
Aug 09 10:01:02 openeuler-riscv64 run-parts[383]: (/etc/cron.hourly) starting 0anacron
Aug 09 10:01:02 openeuler-riscv64 anacron[391]: Anacron started on 2023-08-09
Aug 09 10:01:02 openeuler-riscv64 anacron[391]: Will run job `cron.daily' in 48 min.
Aug 09 10:01:02 openeuler-riscv64 anacron[391]: Will run job `cron.weekly' in 68 min.
Aug 09 10:01:02 openeuler-riscv64 anacron[391]: Will run job `cron.monthly' in 88 min.
Aug 09 10:01:02 openeuler-riscv64 anacron[391]: Jobs will be executed sequentially
Aug 09 10:01:03 openeuler-riscv64 run-parts[393]: (/etc/cron.hourly) finished 0anacron
Aug 09 10:01:03 openeuler-riscv64 CROND[379]: (root) CMDEND (run-parts /etc/cron.hourly)
Aug 09 10:01:06 openeuler-riscv64 sshd[397]: Accepted password for root from 10.0.0.1 port 52084 ssh2
Aug 09 10:01:06 openeuler-riscv64 sshd[397]: pam_unix(sshd:session): session opened for user root(uid=0) by root(uid=0)
Aug 09 10:01:06 openeuler-riscv64 dbus-daemon[254]: [system] Activating via systemd: service name='org.freedesktop.hostname1' unit='dbus-org.freedesktop.hostname1.service' requested by ':1.13' (uid=0 pid=403 comm="hostnamectl")
Aug 09 10:01:06 openeuler-riscv64 systemd[1]: Starting Hostname Service...
░░ Subject: A start job for unit systemd-hostnamed.service has begun execution
░░ Defined-By: systemd
░░ Support: https://lists.freedesktop.org/mailman/listinfo/systemd-devel
░░ 
░░ A start job for unit systemd-hostnamed.service has begun execution.
░░ 
░░ The job identifier is 288.
Aug 09 10:01:08 openeuler-riscv64 systemd[1]: NetworkManager-dispatcher.service: Deactivated successfully.
░░ Subject: Unit succeeded
░░ Defined-By: systemd
░░ Support: https://lists.freedesktop.org/mailman/listinfo/systemd-devel
░░ 
░░ The unit NetworkManager-dispatcher.service has successfully entered the 'dead' state.
Aug 09 10:01:08 openeuler-riscv64 dbus-daemon[254]: [system] Successfully activated service 'org.freedesktop.hostname1'
Aug 09 10:01:08 openeuler-riscv64 systemd[1]: Started Hostname Service.
░░ Subject: A start job for unit systemd-hostnamed.service has finished successfully
░░ Defined-By: systemd
░░ Support: https://lists.freedesktop.org/mailman/listinfo/systemd-devel
░░ 
░░ A start job for unit systemd-hostnamed.service has finished successfully.
░░ 
░░ The job identifier is 288.
Aug 09 10:01:09 openeuler-riscv64 sshd[397]: pam_unix(sshd:session): session closed for user root
Aug 09 10:01:10 openeuler-riscv64 sshd[370]: pam_unix(sshd:session): session closed for user root
Aug 09 10:01:11 openeuler-riscv64 sshd[421]: Accepted password for root from 10.0.2.2 port 40004 ssh2
Aug 09 10:01:11 openeuler-riscv64 sshd[421]: pam_unix(sshd:session): session opened for user root(uid=0) by root(uid=0)
Aug 09 10:01:22 openeuler-riscv64 sshd[421]: pam_unix(sshd:session): session closed for user root
Aug 09 10:01:22 openeuler-riscv64 sshd[438]: Accepted password for root from 10.0.2.2 port 34472 ssh2
Aug 09 10:01:23 openeuler-riscv64 sshd[438]: pam_unix(sshd:session): session opened for user root(uid=0) by root(uid=0)
Aug 09 10:01:25 openeuler-riscv64 sudo[446]:     root : PWD=/root/mugen ; USER=root ; COMMAND=/usr/bin/bash mugen.sh -f initscripts -r oe_test_service_import-state -x
Aug 09 10:01:25 openeuler-riscv64 sudo[446]: pam_unix(sudo:session): session opened for user root(uid=0) by root(uid=0)
Aug 09 10:01:34 openeuler-riscv64 systemctl[503]: [systemctl restart import-state.service] called by PID 493 (bash -x oe_test_service_import-state.sh)
Aug 09 10:01:35 openeuler-riscv64 systemd[1]: Condition check resulted in Import network configuration from initramfs being skipped.
░░ Subject: A start job for unit import-state.service has finished successfully
░░ Defined-By: systemd
░░ Support: https://lists.freedesktop.org/mailman/listinfo/systemd-devel
░░ 
░░ A start job for unit import-state.service has finished successfully.
░░ 
░░ The job identifier is 351.
Aug 09 10:01:38 openeuler-riscv64 systemd[1]: systemd-hostnamed.service: Deactivated successfully.
░░ Subject: Unit succeeded
░░ Defined-By: systemd
░░ Support: https://lists.freedesktop.org/mailman/listinfo/systemd-devel
░░ 
░░ The unit systemd-hostnamed.service has successfully entered the 'dead' state.
Aug 09 10:01:43 openeuler-riscv64 systemctl[512]: [systemctl stop import-state.service] called by PID 493 (bash -x oe_test_service_import-state.sh)
Aug 09 10:01:50 openeuler-riscv64 systemctl[516]: [systemctl start import-state.service] called by PID 493 (bash -x oe_test_service_import-state.sh)
Aug 09 10:01:50 openeuler-riscv64 systemd[1]: Condition check resulted in Import network configuration from initramfs being skipped.
░░ Subject: A start job for unit import-state.service has finished successfully
░░ Defined-By: systemd
░░ Support: https://lists.freedesktop.org/mailman/listinfo/systemd-devel
░░ 
░░ A start job for unit import-state.service has finished successfully.
░░ 
░░ The job identifier is 356.
Aug 09 10:01:59 openeuler-riscv64 systemctl[524]: [systemctl enable import-state.service] called by PID 523 (bash -x oe_test_service_import-state.sh)
Aug 09 10:01:59 openeuler-riscv64 systemd[1]: Reloading.
Aug 09 10:01:59 openeuler-riscv64 kernel: memfd_create() without MFD_EXEC nor MFD_NOEXEC_SEAL, pid=1 'systemd'
Aug 09 10:02:00 openeuler-riscv64 systemd-rc-local-generator[533]: /etc/rc.d/rc.local is not marked executable, skipping.
Aug 09 10:02:01 openeuler-riscv64 systemd[1]: /usr/lib/systemd/system/dbus.socket:5: ListenStream= references a path below legacy directory /var/run/, updating /var/run/dbus/system_bus_socket → /run/dbus/system_bus_socket; please update the unit file accordingly.
Aug 09 10:02:02 openeuler-riscv64 systemctl[538]: [systemctl disable import-state.service] called by PID 493 (bash -x oe_test_service_import-state.sh)
Aug 09 10:02:02 openeuler-riscv64 systemd[1]: Reloading.
Aug 09 10:02:03 openeuler-riscv64 systemd-rc-local-generator[545]: /etc/rc.d/rc.local is not marked executable, skipping.
Aug 09 10:02:04 openeuler-riscv64 systemd[1]: /usr/lib/systemd/system/dbus.socket:5: ListenStream= references a path below legacy directory /var/run/, updating /var/run/dbus/system_bus_socket → /run/dbus/system_bus_socket; please update the unit file accordingly.
Aug 09 10:02:05 openeuler-riscv64 systemctl[553]: [systemctl start import-state.service] called by PID 493 (bash -x oe_test_service_import-state.sh)
Aug 09 10:02:05 openeuler-riscv64 systemd[1]: Condition check resulted in Import network configuration from initramfs being skipped.
░░ Subject: A start job for unit import-state.service has finished successfully
░░ Defined-By: systemd
░░ Support: https://lists.freedesktop.org/mailman/listinfo/systemd-devel
░░ 
░░ A start job for unit import-state.service has finished successfully.
░░ 
░░ The job identifier is 360.
Aug 09 10:02:06 openeuler-riscv64 systemctl[554]: [systemctl reload import-state.service] called by PID 493 (bash -x oe_test_service_import-state.sh)
Aug 09 10:02:10 openeuler-riscv64 systemctl[566]: [systemctl stop import-state.service] called by PID 493 (bash -x oe_test_service_import-state.sh)
Aug 09 10:02:14 openeuler-riscv64 sudo[446]: pam_unix(sudo:session): session closed for user root
Aug 09 10:02:15 openeuler-riscv64 sudo[581]:     root : PWD=/root/mugen ; USER=root ; COMMAND=/usr/bin/bash mugen.sh -f initscripts -r oe_test_service_loadmodules -x
Aug 09 10:02:15 openeuler-riscv64 sudo[581]: pam_unix(sudo:session): session opened for user root(uid=0) by root(uid=0)
Aug 09 10:02:25 openeuler-riscv64 systemctl[641]: [systemctl restart loadmodules.service] called by PID 628 (bash -x oe_test_service_loadmodules.sh)
Aug 09 10:02:25 openeuler-riscv64 systemd[1]: Starting Load legacy module configuration...
░░ Subject: A start job for unit loadmodules.service has begun execution
░░ Defined-By: systemd
░░ Support: https://lists.freedesktop.org/mailman/listinfo/systemd-devel
░░ 
░░ A start job for unit loadmodules.service has begun execution.
░░ 
░░ The job identifier is 365.
Aug 09 10:02:25 openeuler-riscv64 systemd[1]: Finished Load legacy module configuration.
░░ Subject: A start job for unit loadmodules.service has finished successfully
░░ Defined-By: systemd
░░ Support: https://lists.freedesktop.org/mailman/listinfo/systemd-devel
░░ 
░░ A start job for unit loadmodules.service has finished successfully.
░░ 
░░ The job identifier is 365.
Aug 09 10:02:32 openeuler-riscv64 systemctl[647]: [systemctl stop loadmodules.service] called by PID 628 (bash -x oe_test_service_loadmodules.sh)
Aug 09 10:02:32 openeuler-riscv64 systemd[1]: loadmodules.service: Deactivated successfully.
░░ Subject: Unit succeeded
░░ Defined-By: systemd
░░ Support: https://lists.freedesktop.org/mailman/listinfo/systemd-devel
░░ 
░░ The unit loadmodules.service has successfully entered the 'dead' state.
Aug 09 10:02:32 openeuler-riscv64 systemd[1]: Stopped Load legacy module configuration.
░░ Subject: A stop job for unit loadmodules.service has finished
░░ Defined-By: systemd
░░ Support: https://lists.freedesktop.org/mailman/listinfo/systemd-devel
░░ 
░░ A stop job for unit loadmodules.service has finished.
░░ 
░░ The job identifier is 369 and the job result is done.
Aug 09 10:02:38 openeuler-riscv64 systemctl[651]: [systemctl start loadmodules.service] called by PID 628 (bash -x oe_test_service_loadmodules.sh)
Aug 09 10:02:38 openeuler-riscv64 systemd[1]: Starting Load legacy module configuration...
░░ Subject: A start job for unit loadmodules.service has begun execution
░░ Defined-By: systemd
░░ Support: https://lists.freedesktop.org/mailman/listinfo/systemd-devel
░░ 
░░ A start job for unit loadmodules.service has begun execution.
░░ 
░░ The job identifier is 370.
Aug 09 10:02:39 openeuler-riscv64 systemd[1]: Finished Load legacy module configuration.
