Jun 29 14:27:01 localhost kernel: ACPI: INT_SRC_OVR (bus 0 bus_irq 9 global_irq 9 high level)
Jun 29 14:27:01 localhost kernel: ACPI: INT_SRC_OVR (bus 0 bus_irq 10 global_irq 10 high level)
Jun 29 14:27:01 localhost kernel: ACPI: INT_SRC_OVR (bus 0 bus_irq 11 global_irq 11 high level)
Jun 29 14:27:01 localhost kernel: ACPI: Using ACPI (MADT) for SMP configuration information
Jun 29 14:27:01 localhost kernel: ACPI: HPET id: 0x8086a201 base: 0xfed00000
Jun 29 14:27:01 localhost kernel: smpboot: Allowing 4 CPUs, 0 hotplug CPUs
Jun 29 14:27:01 localhost kernel: PM: hibernation: Registered nosave memory: [mem 0x00000000-0x00000fff]
Jun 29 14:27:01 localhost kernel: PM: hibernation: Registered nosave memory: [mem 0x0009f000-0x0009ffff]
Jun 29 14:27:01 localhost kernel: PM: hibernation: Registered nosave memory: [mem 0x000a0000-0x000effff]
Jun 29 14:27:01 localhost kernel: PM: hibernation: Registered nosave memory: [mem 0x000f0000-0x000fffff]
Jun 29 14:27:01 localhost kernel: PM: hibernation: Registered nosave memory: [mem 0xbffdb000-0xbfffffff]
Jun 29 14:27:01 localhost kernel: PM: hibernation: Registered nosave memory: [mem 0xc0000000-0xfeffbfff]
Jun 29 14:27:01 localhost kernel: PM: hibernation: Registered nosave memory: [mem 0xfeffc000-0xfeffffff]
Jun 29 14:27:01 localhost kernel: PM: hibernation: Registered nosave memory: [mem 0xff000000-0xfffbffff]
Jun 29 14:27:01 localhost kernel: PM: hibernation: Registered nosave memory: [mem 0xfffc0000-0xffffffff]
Jun 29 14:27:01 localhost kernel: [mem 0xc0000000-0xfeffbfff] available for PCI devices
Jun 29 14:27:01 localhost kernel: Booting paravirtualized kernel on KVM
Jun 29 14:27:01 localhost kernel: clocksource: refined-jiffies: mask: 0xffffffff max_cycles: 0xffffffff, max_idle_ns: 1910969940391419 ns
Jun 29 14:27:01 localhost kernel: setup_percpu: NR_CPUS:8192 nr_cpumask_bits:4 nr_cpu_ids:4 nr_node_ids:1
Jun 29 14:27:01 localhost kernel: percpu: Embedded 60 pages/cpu s208896 r8192 d28672 u524288
Jun 29 14:27:01 localhost kernel: pcpu-alloc: s208896 r8192 d28672 u524288 alloc=1*2097152
Jun 29 14:27:01 localhost kernel: pcpu-alloc: [0] 0 1 2 3 
Jun 29 14:27:01 localhost kernel: kvm-guest: PV spinlocks disabled, no host support
Jun 29 14:27:01 localhost kernel: Fallback order for Node 0: 0 
Jun 29 14:27:01 localhost kernel: Built 1 zonelists, mobility grouping on.  Total pages: 1031899
Jun 29 14:27:01 localhost kernel: Policy zone: Normal
Jun 29 14:27:01 localhost kernel: Kernel command line: root=/dev/vda2 rw console=ttyS0 swiotlb=1 loglevel=3 systemd.default_timeout_start_sec=600 selinux=0 highres=off earlycon
Jun 29 14:27:01 localhost kernel: Dentry cache hash table entries: 524288 (order: 10, 4194304 bytes, linear)
Jun 29 14:27:01 localhost kernel: Inode-cache hash table entries: 262144 (order: 9, 2097152 bytes, linear)
Jun 29 14:27:01 localhost kernel: mem auto-init: stack:off, heap alloc:off, heap free:off
Jun 29 14:27:01 localhost kernel: software IO TLB: area num 4.
Jun 29 14:27:01 localhost kernel: software IO TLB: SWIOTLB bounce buffer size roundup to 1MB
Jun 29 14:27:01 localhost kernel: Memory: 3139144K/4193764K available (14343K kernel code, 5519K rwdata, 8004K rodata, 2712K init, 17664K bss, 209772K reserved, 0K cma-reserved)
Jun 29 14:27:01 localhost kernel: SLUB: HWalign=64, Order=0-3, MinObjects=0, CPUs=4, Nodes=1
Jun 29 14:27:01 localhost kernel: Kernel/User page tables isolation: enabled
Jun 29 14:27:01 localhost kernel: ftrace: allocating 45711 entries in 179 pages
Jun 29 14:27:01 localhost kernel: ftrace: allocated 179 pages with 5 groups
Jun 29 14:27:01 localhost kernel: Dynamic Preempt: none
Jun 29 14:27:01 localhost kernel: rcu: Preemptible hierarchical RCU implementation.
Jun 29 14:27:01 localhost kernel: rcu:         RCU restricting CPUs from NR_CPUS=8192 to nr_cpu_ids=4.
Jun 29 14:27:01 localhost kernel:         Trampoline variant of Tasks RCU enabled.
Jun 29 14:27:01 localhost kernel:         Rude variant of Tasks RCU enabled.
Jun 29 14:27:01 localhost kernel:         Tracing variant of Tasks RCU enabled.
Jun 29 14:27:01 localhost kernel: rcu: RCU calculated value of scheduler-enlistment delay is 100 jiffies.
Jun 29 14:27:01 localhost kernel: rcu: Adjusting geometry for rcu_fanout_leaf=16, nr_cpu_ids=4
Jun 29 14:27:01 localhost kernel: NR_IRQS: 524544, nr_irqs: 456, preallocated irqs: 16
Jun 29 14:27:01 localhost kernel: rcu: srcu_init: Setting srcu_struct sizes based on contention.
Jun 29 14:27:01 localhost kernel: Console: colour VGA+ 80x25
Jun 29 14:27:01 localhost kernel: printk: console [ttyS0] enabled
Jun 29 14:27:01 localhost kernel: ACPI: Core revision 20220331
Jun 29 14:27:01 localhost kernel: clocksource: hpet: mask: 0xffffffff max_cycles: 0xffffffff, max_idle_ns: 19112604467 ns
Jun 29 14:27:01 localhost kernel: APIC: Switch to symmetric I/O mode setup
Jun 29 14:27:01 localhost kernel: x2apic enabled
Jun 29 14:27:01 localhost kernel: Switched APIC routing to physical x2apic.
Jun 29 14:27:01 localhost kernel: ..TIMER: vector=0x30 apic1=0 pin1=2 apic2=-1 pin2=-1
Jun 29 14:27:01 localhost kernel: clocksource: tsc-early: mask: 0xffffffffffffffff max_cycles: 0x2135fb8e938, max_idle_ns: 440795220508 ns
Jun 29 14:27:01 localhost kernel: Calibrating delay loop (skipped) preset value.. 4608.00 BogoMIPS (lpj=2304004)
Jun 29 14:27:01 localhost kernel: pid_max: default: 32768 minimum: 301
Jun 29 14:27:01 localhost kernel: LSM: Security Framework initializing
Jun 29 14:27:01 localhost kernel: Yama: becoming mindful.
Jun 29 14:27:01 localhost kernel: AppArmor: AppArmor initialized
Jun 29 14:27:01 localhost kernel: Mount-cache hash table entries: 8192 (order: 4, 65536 bytes, linear)
Jun 29 14:27:01 localhost kernel: Mountpoint-cache hash table entries: 8192 (order: 4, 65536 bytes, linear)
Jun 29 14:27:01 localhost kernel: Last level iTLB entries: 4KB 0, 2MB 0, 4MB 0
Jun 29 14:27:01 localhost kernel: Last level dTLB entries: 4KB 0, 2MB 0, 4MB 0, 1GB 0
Jun 29 14:27:01 localhost kernel: Spectre V1 : Mitigation: usercopy/swapgs barriers and __user pointer sanitization
Jun 29 14:27:01 localhost kernel: Spectre V2 : Mitigation: Retpolines
Jun 29 14:27:01 localhost kernel: Spectre V2 : Spectre v2 / SpectreRSB mitigation: Filling RSB on context switch
Jun 29 14:27:01 localhost kernel: Spectre V2 : Spectre v2 / SpectreRSB : Filling RSB on VMEXIT
Jun 29 14:27:01 localhost kernel: Speculative Store Bypass: Vulnerable
Jun 29 14:27:01 localhost kernel: MDS: Vulnerable: Clear CPU buffers attempted, no microcode
Jun 29 14:27:01 localhost kernel: MMIO Stale Data: Unknown: No mitigations
Jun 29 14:27:01 localhost kernel: Freeing SMP alternatives memory: 36K
Jun 29 14:27:01 localhost kernel: smpboot: CPU0: Intel QEMU Virtual CPU version 2.5+ (family: 0xf, model: 0x6b, stepping: 0x1)
Jun 29 14:27:01 localhost kernel: cblist_init_generic: Setting adjustable number of callback queues.
Jun 29 14:27:01 localhost kernel: cblist_init_generic: Setting shift to 2 and lim to 1.
Jun 29 14:27:01 localhost kernel: cblist_init_generic: Setting shift to 2 and lim to 1.
Jun 29 14:27:01 localhost kernel: cblist_init_generic: Setting shift to 2 and lim to 1.
Jun 29 14:27:01 localhost kernel: Performance Events: unsupported Netburst CPU model 107 no PMU driver, software events only.
Jun 29 14:27:01 localhost kernel: rcu: Hierarchical SRCU implementation.
Jun 29 14:27:01 localhost kernel: rcu:         Max phase no-delay instances is 400.
Jun 29 14:27:01 localhost kernel: NMI watchdog: Perf NMI watchdog permanently disabled
Jun 29 14:27:01 localhost kernel: smp: Bringing up secondary CPUs ...
Jun 29 14:27:01 localhost kernel: x86: Booting SMP configuration:
Jun 29 14:27:01 localhost kernel: .... node  #0, CPUs:      #1 #2 #3
Jun 29 14:27:01 localhost kernel: smp: Brought up 1 node, 4 CPUs
Jun 29 14:27:01 localhost kernel: smpboot: Max logical packages: 1
Jun 29 14:27:01 localhost kernel: smpboot: Total of 4 processors activated (18432.03 BogoMIPS)
Jun 29 14:27:01 localhost kernel: node 0 deferred pages initialised in 2ms
Jun 29 14:27:01 localhost kernel: devtmpfs: initialized
Jun 29 14:27:01 localhost kernel: x86/mm: Memory block size: 128MB
Jun 29 14:27:01 localhost kernel: clocksource: jiffies: mask: 0xffffffff max_cycles: 0xffffffff, max_idle_ns: 1911260446275000 ns
Jun 29 14:27:01 localhost kernel: futex hash table entries: 1024 (order: 4, 65536 bytes, linear)
Jun 29 14:27:01 localhost kernel: pinctrl core: initialized pinctrl subsystem
Jun 29 14:27:01 localhost kernel: NET: Registered PF_NETLINK/PF_ROUTE protocol family
Jun 29 14:27:01 localhost kernel: DMA: preallocated 512 KiB GFP_KERNEL pool for atomic allocations
Jun 29 14:27:01 localhost kernel: DMA: preallocated 512 KiB GFP_KERNEL|GFP_DMA pool for atomic allocations
Jun 29 14:27:01 localhost kernel: DMA: preallocated 512 KiB GFP_KERNEL|GFP_DMA32 pool for atomic allocations
Jun 29 14:27:01 localhost kernel: audit: initializing netlink subsys (disabled)
Jun 29 14:27:01 localhost kernel: audit: type=2000 audit(1688048817.679:1): state=initialized audit_enabled=0 res=1
Jun 29 14:27:01 localhost kernel: thermal_sys: Registered thermal governor 'fair_share'
Jun 29 14:27:01 localhost kernel: thermal_sys: Registered thermal governor 'bang_bang'
Jun 29 14:27:01 localhost kernel: thermal_sys: Registered thermal governor 'step_wise'
Jun 29 14:27:01 localhost kernel: thermal_sys: Registered thermal governor 'user_space'
Jun 29 14:27:01 localhost kernel: cpuidle: using governor menu
Jun 29 14:27:01 localhost kernel: acpiphp: ACPI Hot Plug PCI Controller Driver version: 0.5
Jun 29 14:27:01 localhost kernel: PCI: Using configuration type 1 for base access
Jun 29 14:27:01 localhost kernel: kprobes: kprobe jump-optimization is enabled. All kprobes are optimized if possible.
Jun 29 14:27:01 localhost kernel: HugeTLB: registered 2.00 MiB page size, pre-allocated 0 pages
Jun 29 14:27:01 localhost kernel: HugeTLB: 28 KiB vmemmap can be freed for a 2.00 MiB page
Jun 29 14:27:01 localhost kernel: cryptd: max_cpu_qlen set to 1000
Jun 29 14:27:01 localhost kernel: ACPI: Added _OSI(Module Device)
Jun 29 14:27:01 localhost kernel: ACPI: Added _OSI(Processor Device)
Jun 29 14:27:01 localhost kernel: ACPI: Added _OSI(3.0 _SCP Extensions)
Jun 29 14:27:01 localhost kernel: ACPI: Added _OSI(Processor Aggregator Device)
Jun 29 14:27:01 localhost kernel: ACPI: 1 ACPI AML tables successfully acquired and loaded
Jun 29 14:27:01 localhost kernel: ACPI: Interpreter enabled
Jun 29 14:27:01 localhost kernel: ACPI: PM: (supports S0 S3 S4 S5)
Jun 29 14:27:01 localhost kernel: ACPI: Using IOAPIC for interrupt routing
Jun 29 14:27:01 localhost kernel: PCI: Using host bridge windows from ACPI; if necessary, use "pci=nocrs" and report a bug
Jun 29 14:27:01 localhost kernel: PCI: Using E820 reservations for host bridge windows
Jun 29 14:27:01 localhost kernel: ACPI: Enabled 2 GPEs in block 00 to 0F
Jun 29 14:27:01 localhost kernel: ACPI: PCI Root Bridge [PCI0] (domain 0000 [bus 00-ff])
Jun 29 14:27:01 localhost kernel: acpi PNP0A03:00: _OSC: OS supports [ASPM ClockPM Segments MSI HPX-Type3]
Jun 29 14:27:01 localhost kernel: acpi PNP0A03:00: _OSC: not requesting OS control; OS requires [ExtendedConfig ASPM ClockPM MSI]
Jun 29 14:27:01 localhost kernel: acpi PNP0A03:00: fail to add MMCONFIG information, can't access extended PCI configuration space under this bridge.
Jun 29 14:27:01 localhost kernel: acpiphp: Slot [3] registered
Jun 29 14:27:01 localhost kernel: acpiphp: Slot [4] registered
Jun 29 14:27:01 localhost kernel: acpiphp: Slot [5] registered
Jun 29 14:27:01 localhost kernel: acpiphp: Slot [6] registered
Jun 29 14:27:01 localhost kernel: acpiphp: Slot [7] registered
Jun 29 14:27:01 localhost kernel: acpiphp: Slot [8] registered
Jun 29 14:27:01 localhost kernel: acpiphp: Slot [9] registered
Jun 29 14:27:01 localhost kernel: acpiphp: Slot [10] registered
Jun 29 14:27:01 localhost kernel: acpiphp: Slot [11] registered
Jun 29 14:27:01 localhost kernel: acpiphp: Slot [12] registered
Jun 29 14:27:01 localhost kernel: acpiphp: Slot [13] registered
Jun 29 14:27:01 localhost kernel: acpiphp: Slot [14] registered
Jun 29 14:27:01 localhost kernel: acpiphp: Slot [15] registered
Jun 29 14:27:01 localhost kernel: acpiphp: Slot [16] registered
Jun 29 14:27:01 localhost kernel: acpiphp: Slot [17] registered
Jun 29 14:27:01 localhost kernel: acpiphp: Slot [18] registered
Jun 29 14:27:01 localhost kernel: acpiphp: Slot [19] registered
Jun 29 14:27:01 localhost kernel: acpiphp: Slot [20] registered
Jun 29 14:27:01 localhost kernel: acpiphp: Slot [21] registered
Jun 29 14:27:01 localhost kernel: acpiphp: Slot [22] registered
Jun 29 14:27:01 localhost kernel: acpiphp: Slot [23] registered
Jun 29 14:27:01 localhost kernel: acpiphp: Slot [24] registered
Jun 29 14:27:01 localhost kernel: acpiphp: Slot [25] registered
Jun 29 14:27:01 localhost kernel: acpiphp: Slot [26] registered
Jun 29 14:27:01 localhost kernel: acpiphp: Slot [27] registered
Jun 29 14:27:01 localhost kernel: acpiphp: Slot [28] registered
Jun 29 14:27:01 localhost kernel: acpiphp: Slot [29] registered
Jun 29 14:27:01 localhost kernel: acpiphp: Slot [30] registered
Jun 29 14:27:01 localhost kernel: acpiphp: Slot [31] registered
Jun 29 14:27:01 localhost kernel: PCI host bridge to bus 0000:00
Jun 29 14:27:01 localhost kernel: pci_bus 0000:00: root bus resource [io  0x0000-0x0cf7 window]
Jun 29 14:27:01 localhost kernel: pci_bus 0000:00: root bus resource [io  0x0d00-0xffff window]
Jun 29 14:27:01 localhost kernel: pci_bus 0000:00: root bus resource [mem 0x000a0000-0x000bffff window]
Jun 29 14:27:01 localhost kernel: pci_bus 0000:00: root bus resource [mem 0xc0000000-0xfebfffff window]
Jun 29 14:27:01 localhost kernel: pci_bus 0000:00: root bus resource [mem 0x140000000-0x1bfffffff window]
Jun 29 14:27:01 localhost kernel: pci_bus 0000:00: root bus resource [bus 00-ff]
Jun 29 14:27:01 localhost kernel: pci 0000:00:00.0: [8086:1237] type 00 class 0x060000
Jun 29 14:27:01 localhost kernel: pci 0000:00:01.0: [8086:7000] type 00 class 0x060100
Jun 29 14:27:01 localhost kernel: pci 0000:00:01.1: [8086:7010] type 00 class 0x010180
Jun 29 14:27:01 localhost kernel: pci 0000:00:01.1: reg 0x20: [io  0xc0e0-0xc0ef]
Jun 29 14:27:01 localhost kernel: pci 0000:00:01.1: legacy IDE quirk: reg 0x10: [io  0x01f0-0x01f7]
Jun 29 14:27:01 localhost kernel: pci 0000:00:01.1: legacy IDE quirk: reg 0x14: [io  0x03f6]
Jun 29 14:27:01 localhost kernel: pci 0000:00:01.1: legacy IDE quirk: reg 0x18: [io  0x0170-0x0177]
Jun 29 14:27:01 localhost kernel: pci 0000:00:01.1: legacy IDE quirk: reg 0x1c: [io  0x0376]
Jun 29 14:27:01 localhost kernel: pci 0000:00:01.2: [8086:7020] type 00 class 0x0c0300
Jun 29 14:27:01 localhost kernel: pci 0000:00:01.2: reg 0x20: [io  0xc080-0xc09f]
Jun 29 14:27:01 localhost kernel: pci 0000:00:01.3: [8086:7113] type 00 class 0x068000
Jun 29 14:27:01 localhost kernel: pci 0000:00:01.3: quirk: [io  0x0600-0x063f] claimed by PIIX4 ACPI
Jun 29 14:27:01 localhost kernel: pci 0000:00:01.3: quirk: [io  0x0700-0x070f] claimed by PIIX4 SMB
Jun 29 14:27:01 localhost kernel: pci 0000:00:02.0: [1234:1111] type 00 class 0x030000
Jun 29 14:27:01 localhost kernel: pci 0000:00:02.0: reg 0x10: [mem 0xfd000000-0xfdffffff pref]
Jun 29 14:27:01 localhost kernel: pci 0000:00:02.0: reg 0x18: [mem 0xfebd4000-0xfebd4fff]
Jun 29 14:27:01 localhost kernel: pci 0000:00:02.0: reg 0x30: [mem 0xfebc0000-0xfebcffff pref]
Jun 29 14:27:01 localhost kernel: pci 0000:00:02.0: Video device with shadowed ROM at [mem 0x000c0000-0x000dffff]
Jun 29 14:27:01 localhost kernel: pci 0000:00:03.0: [1af4:1005] type 00 class 0x00ff00
Jun 29 14:27:01 localhost kernel: pci 0000:00:03.0: reg 0x10: [io  0xc0a0-0xc0bf]
Jun 29 14:27:01 localhost kernel: pci 0000:00:03.0: reg 0x14: [mem 0xfebd5000-0xfebd5fff]
Jun 29 14:27:01 localhost kernel: pci 0000:00:03.0: reg 0x20: [mem 0xfe000000-0xfe003fff 64bit pref]
Jun 29 14:27:01 localhost kernel: pci 0000:00:04.0: [1af4:1001] type 00 class 0x010000
Jun 29 14:27:01 localhost kernel: pci 0000:00:04.0: reg 0x10: [io  0xc000-0xc07f]
Jun 29 14:27:01 localhost kernel: pci 0000:00:04.0: reg 0x14: [mem 0xfebd6000-0xfebd6fff]
Jun 29 14:27:01 localhost kernel: pci 0000:00:04.0: reg 0x20: [mem 0xfe004000-0xfe007fff 64bit pref]
Jun 29 14:27:01 localhost kernel: pci 0000:00:05.0: [1b36:000d] type 00 class 0x0c0330
Jun 29 14:27:01 localhost kernel: pci 0000:00:05.0: reg 0x10: [mem 0xfebd0000-0xfebd3fff 64bit]
Jun 29 14:27:01 localhost kernel: pci 0000:00:06.0: [1af4:1000] type 00 class 0x020000
Jun 29 14:27:01 localhost kernel: pci 0000:00:06.0: reg 0x10: [io  0xc0c0-0xc0df]
Jun 29 14:27:01 localhost kernel: pci 0000:00:06.0: reg 0x14: [mem 0xfebd7000-0xfebd7fff]
Jun 29 14:27:01 localhost kernel: pci 0000:00:06.0: reg 0x20: [mem 0xfe008000-0xfe00bfff 64bit pref]
Jun 29 14:27:01 localhost kernel: pci 0000:00:06.0: reg 0x30: [mem 0xfeb80000-0xfebbffff pref]
Jun 29 14:27:01 localhost kernel: ACPI: PCI: Interrupt link LNKA configured for IRQ 10
Jun 29 14:27:01 localhost kernel: ACPI: PCI: Interrupt link LNKB configured for IRQ 10
Jun 29 14:27:01 localhost kernel: ACPI: PCI: Interrupt link LNKC configured for IRQ 11
Jun 29 14:27:01 localhost kernel: ACPI: PCI: Interrupt link LNKD configured for IRQ 11
Jun 29 14:27:01 localhost kernel: ACPI: PCI: Interrupt link LNKS configured for IRQ 9
Jun 29 14:27:01 localhost kernel: iommu: Default domain type: Passthrough 
Jun 29 14:27:01 localhost kernel: SCSI subsystem initialized
Jun 29 14:27:01 localhost kernel: ACPI: bus type USB registered
Jun 29 14:27:01 localhost kernel: usbcore: registered new interface driver usbfs
Jun 29 14:27:01 localhost kernel: usbcore: registered new interface driver hub
Jun 29 14:27:01 localhost kernel: usbcore: registered new device driver usb
Jun 29 14:27:01 localhost kernel: pps_core: LinuxPPS API ver. 1 registered
Jun 29 14:27:01 localhost kernel: pps_core: Software ver. 5.3.6 - Copyright 2005-2007 Rodolfo Giometti <giometti@linux.it>
Jun 29 14:27:01 localhost kernel: PTP clock support registered
Jun 29 14:27:01 localhost kernel: EDAC MC: Ver: 3.0.0
Jun 29 14:27:01 localhost kernel: NetLabel: Initializing
Jun 29 14:27:01 localhost kernel: NetLabel:  domain hash size = 128
Jun 29 14:27:01 localhost kernel: NetLabel:  protocols = UNLABELED CIPSOv4 CALIPSO
Jun 29 14:27:01 localhost kernel: NetLabel:  unlabeled traffic allowed by default
Jun 29 14:27:01 localhost kernel: PCI: Using ACPI for IRQ routing
Jun 29 14:27:01 localhost kernel: PCI: pci_cache_line_size set to 64 bytes
Jun 29 14:27:01 localhost kernel: e820: reserve RAM buffer [mem 0x0009fc00-0x0009ffff]
Jun 29 14:27:01 localhost kernel: e820: reserve RAM buffer [mem 0xbffdb000-0xbfffffff]
Jun 29 14:27:01 localhost kernel: pci 0000:00:02.0: vgaarb: setting as boot VGA device
Jun 29 14:27:01 localhost kernel: pci 0000:00:02.0: vgaarb: bridge control possible
Jun 29 14:27:01 localhost kernel: pci 0000:00:02.0: vgaarb: VGA device added: decodes=io+mem,owns=io+mem,locks=none
Jun 29 14:27:01 localhost kernel: vgaarb: loaded
Jun 29 14:27:01 localhost kernel: hpet: 3 channels of 0 reserved for per-cpu timers
Jun 29 14:27:01 localhost kernel: hpet0: at MMIO 0xfed00000, IRQs 2, 8, 0
Jun 29 14:27:01 localhost kernel: hpet0: 3 comparators, 64-bit 100.000000 MHz counter
Jun 29 14:27:01 localhost kernel: clocksource: Switched to clocksource kvm-clock
Jun 29 14:27:01 localhost kernel: VFS: Disk quotas dquot_6.6.0
Jun 29 14:27:01 localhost kernel: VFS: Dquot-cache hash table entries: 512 (order 0, 4096 bytes)
Jun 29 14:27:01 localhost kernel: AppArmor: AppArmor Filesystem Enabled
Jun 29 14:27:01 localhost kernel: pnp: PnP ACPI init
Jun 29 14:27:01 localhost kernel: pnp 00:02: [dma 2]
Jun 29 14:27:01 localhost kernel: pnp: PnP ACPI: found 6 devices
Jun 29 14:27:01 localhost kernel: clocksource: acpi_pm: mask: 0xffffff max_cycles: 0xffffff, max_idle_ns: 2085701024 ns
Jun 29 14:27:01 localhost kernel: NET: Registered PF_INET protocol family
Jun 29 14:27:01 localhost kernel: IP idents hash table entries: 65536 (order: 7, 524288 bytes, linear)
Jun 29 14:27:01 localhost kernel: tcp_listen_portaddr_hash hash table entries: 2048 (order: 3, 32768 bytes, linear)
Jun 29 14:27:01 localhost kernel: Table-perturb hash table entries: 65536 (order: 6, 262144 bytes, linear)
Jun 29 14:27:01 localhost kernel: TCP established hash table entries: 32768 (order: 6, 262144 bytes, linear)
Jun 29 14:27:01 localhost kernel: TCP bind hash table entries: 32768 (order: 8, 1048576 bytes, linear)
Jun 29 14:27:01 localhost kernel: TCP: Hash tables configured (established 32768 bind 32768)
Jun 29 14:27:01 localhost kernel: UDP hash table entries: 2048 (order: 4, 65536 bytes, linear)
Jun 29 14:27:01 localhost kernel: UDP-Lite hash table entries: 2048 (order: 4, 65536 bytes, linear)
Jun 29 14:27:01 localhost kernel: NET: Registered PF_UNIX/PF_LOCAL protocol family
Jun 29 14:27:01 localhost kernel: NET: Registered PF_XDP protocol family
Jun 29 14:27:01 localhost kernel: pci_bus 0000:00: resource 4 [io  0x0000-0x0cf7 window]
Jun 29 14:27:01 localhost kernel: pci_bus 0000:00: resource 5 [io  0x0d00-0xffff window]
Jun 29 14:27:01 localhost kernel: pci_bus 0000:00: resource 6 [mem 0x000a0000-0x000bffff window]
Jun 29 14:27:01 localhost kernel: pci_bus 0000:00: resource 7 [mem 0xc0000000-0xfebfffff window]
Jun 29 14:27:01 localhost kernel: pci_bus 0000:00: resource 8 [mem 0x140000000-0x1bfffffff window]
Jun 29 14:27:01 localhost kernel: pci 0000:00:01.0: PIIX3: Enabling Passive Release
Jun 29 14:27:01 localhost kernel: pci 0000:00:00.0: Limiting direct PCI/PCI transfers
Jun 29 14:27:01 localhost kernel: ACPI: \_SB_.LNKD: Enabled at IRQ 11
Jun 29 14:27:01 localhost kernel: pci 0000:00:01.2: quirk_usb_early_handoff+0x0/0x140 took 18848 usecs
Jun 29 14:27:01 localhost kernel: ACPI: \_SB_.LNKA: Enabled at IRQ 10
Jun 29 14:27:01 localhost kernel: pci 0000:00:05.0: quirk_usb_early_handoff+0x0/0x140 took 22539 usecs
Jun 29 14:27:01 localhost kernel: PCI: CLS 0 bytes, default 64
Jun 29 14:27:01 localhost kernel: PCI-DMA: Using software bounce buffering for IO (SWIOTLB)
Jun 29 14:27:01 localhost kernel: software IO TLB: mapped [mem 0x00000000bb0d9000-0x00000000bb1d9000] (1MB)
Jun 29 14:27:01 localhost kernel: clocksource: tsc: mask: 0xffffffffffffffff max_cycles: 0x2135fb8e938, max_idle_ns: 440795220508 ns
Jun 29 14:27:01 localhost kernel: Trying to unpack rootfs image as initramfs...
Jun 29 14:27:01 localhost kernel: Initialise system trusted keyrings
Jun 29 14:27:01 localhost kernel: Key type blacklist registered
Jun 29 14:27:01 localhost kernel: workingset: timestamp_bits=36 max_order=20 bucket_order=0
Jun 29 14:27:01 localhost kernel: zbud: loaded
Jun 29 14:27:01 localhost kernel: integrity: Platform Keyring initialized
Jun 29 14:27:01 localhost kernel: NET: Registered PF_ALG protocol family
Jun 29 14:27:01 localhost kernel: Key type asymmetric registered
Jun 29 14:27:01 localhost kernel: Asymmetric key parser 'x509' registered
Jun 29 14:27:01 localhost kernel: Block layer SCSI generic (bsg) driver version 0.4 loaded (major 247)
Jun 29 14:27:01 localhost kernel: io scheduler mq-deadline registered
Jun 29 14:27:01 localhost kernel: io scheduler kyber registered
Jun 29 14:27:01 localhost kernel: io scheduler bfq registered
Jun 29 14:27:01 localhost kernel: shpchp: Standard Hot Plug PCI Controller Driver version: 0.4
Jun 29 14:27:01 localhost kernel: input: Power Button as /devices/LNXSYSTM:00/LNXPWRBN:00/input/input0
Jun 29 14:27:01 localhost kernel: ACPI: button: Power Button [PWRF]
Jun 29 14:27:01 localhost kernel: ACPI: \_SB_.LNKC: Enabled at IRQ 11
Jun 29 14:27:01 localhost kernel: ACPI: \_SB_.LNKB: Enabled at IRQ 10
Jun 29 14:27:01 localhost kernel: Serial: 8250/16550 driver, 4 ports, IRQ sharing enabled
Jun 29 14:27:01 localhost kernel: 00:04: ttyS0 at I/O 0x3f8 (irq = 4, base_baud = 115200) is a 16550A
Jun 29 14:27:01 localhost kernel: Non-volatile memory driver v1.3
Jun 29 14:27:01 localhost kernel: random: crng init done
Jun 29 14:27:01 localhost kernel: rdac: device handler registered
Jun 29 14:27:01 localhost kernel: hp_sw: device handler registered
Jun 29 14:27:01 localhost kernel: emc: device handler registered
Jun 29 14:27:01 localhost kernel: alua: device handler registered
Jun 29 14:27:01 localhost kernel: uhci_hcd 0000:00:01.2: UHCI Host Controller
Jun 29 14:27:01 localhost kernel: uhci_hcd 0000:00:01.2: new USB bus registered, assigned bus number 1
Jun 29 14:27:01 localhost kernel: uhci_hcd 0000:00:01.2: detected 2 ports
Jun 29 14:27:01 localhost kernel: uhci_hcd 0000:00:01.2: irq 11, io port 0x0000c080
Jun 29 14:27:01 localhost kernel: usb usb1: New USB device found, idVendor=1d6b, idProduct=0001, bcdDevice= 6.01
Jun 29 14:27:01 localhost kernel: usb usb1: New USB device strings: Mfr=3, Product=2, SerialNumber=1
Jun 29 14:27:01 localhost kernel: usb usb1: Product: UHCI Host Controller
Jun 29 14:27:01 localhost kernel: usb usb1: Manufacturer: Linux 6.1.19-7.0.0.17.oe2303.x86_64 uhci_hcd
Jun 29 14:27:01 localhost kernel: usb usb1: SerialNumber: 0000:00:01.2
Jun 29 14:27:01 localhost kernel: hub 1-0:1.0: USB hub found
Jun 29 14:27:01 localhost kernel: hub 1-0:1.0: 2 ports detected
Jun 29 14:27:01 localhost kernel: xhci_hcd 0000:00:05.0: xHCI Host Controller
Jun 29 14:27:01 localhost kernel: xhci_hcd 0000:00:05.0: new USB bus registered, assigned bus number 2
Jun 29 14:27:01 localhost kernel: xhci_hcd 0000:00:05.0: hcc params 0x00087001 hci version 0x100 quirks 0x0000000000000010
Jun 29 14:27:01 localhost kernel: xhci_hcd 0000:00:05.0: xHCI Host Controller
Jun 29 14:27:01 localhost kernel: xhci_hcd 0000:00:05.0: new USB bus registered, assigned bus number 3
Jun 29 14:27:01 localhost kernel: xhci_hcd 0000:00:05.0: Host supports USB 3.0 SuperSpeed
Jun 29 14:27:01 localhost kernel: usb usb2: New USB device found, idVendor=1d6b, idProduct=0002, bcdDevice= 6.01
Jun 29 14:27:01 localhost kernel: usb usb2: New USB device strings: Mfr=3, Product=2, SerialNumber=1
Jun 29 14:27:01 localhost kernel: usb usb2: Product: xHCI Host Controller
Jun 29 14:27:01 localhost kernel: usb usb2: Manufacturer: Linux 6.1.19-7.0.0.17.oe2303.x86_64 xhci-hcd
Jun 29 14:27:01 localhost kernel: usb usb2: SerialNumber: 0000:00:05.0
Jun 29 14:27:01 localhost kernel: hub 2-0:1.0: USB hub found
Jun 29 14:27:01 localhost kernel: hub 2-0:1.0: 4 ports detected
Jun 29 14:27:01 localhost kernel: usb usb3: We don't know the algorithms for LPM for this host, disabling LPM.
Jun 29 14:27:01 localhost kernel: usb usb3: New USB device found, idVendor=1d6b, idProduct=0003, bcdDevice= 6.01
Jun 29 14:27:01 localhost kernel: usb usb3: New USB device strings: Mfr=3, Product=2, SerialNumber=1
Jun 29 14:27:01 localhost kernel: usb usb3: Product: xHCI Host Controller
Jun 29 14:27:01 localhost kernel: usb usb3: Manufacturer: Linux 6.1.19-7.0.0.17.oe2303.x86_64 xhci-hcd
Jun 29 14:27:01 localhost kernel: usb usb3: SerialNumber: 0000:00:05.0
Jun 29 14:27:01 localhost kernel: hub 3-0:1.0: USB hub found
Jun 29 14:27:01 localhost kernel: hub 3-0:1.0: 4 ports detected
Jun 29 14:27:01 localhost kernel: i8042: PNP: PS/2 Controller [PNP0303:KBD,PNP0f13:MOU] at 0x60,0x64 irq 1,12
Jun 29 14:27:01 localhost kernel: serio: i8042 KBD port at 0x60,0x64 irq 1
Jun 29 14:27:01 localhost kernel: serio: i8042 AUX port at 0x60,0x64 irq 12
Jun 29 14:27:01 localhost kernel: mousedev: PS/2 mouse device common for all mice
Jun 29 14:27:01 localhost kernel: rtc_cmos 00:05: RTC can wake from S4
Jun 29 14:27:01 localhost kernel: rtc_cmos 00:05: registered as rtc0
Jun 29 14:27:01 localhost kernel: rtc_cmos 00:05: setting system clock to 2023-06-29T14:26:57 UTC (1688048817)
Jun 29 14:27:01 localhost kernel: rtc_cmos 00:05: alarms up to one day, y3k, 242 bytes nvram, hpet irqs
Jun 29 14:27:01 localhost kernel: intel_pstate: CPU model not supported
Jun 29 14:27:01 localhost kernel: hid: raw HID events driver (C) Jiri Kosina
Jun 29 14:27:01 localhost kernel: input: AT Translated Set 2 keyboard as /devices/platform/i8042/serio0/input/input1
Jun 29 14:27:01 localhost kernel: usbcore: registered new interface driver usbhid
Jun 29 14:27:01 localhost kernel: usbhid: USB HID core driver
Jun 29 14:27:01 localhost kernel: drop_monitor: Initializing network drop monitor service
Jun 29 14:27:01 localhost kernel: input: VirtualPS/2 VMware VMMouse as /devices/platform/i8042/serio1/input/input4
Jun 29 14:27:01 localhost kernel: input: VirtualPS/2 VMware VMMouse as /devices/platform/i8042/serio1/input/input3
Jun 29 14:27:01 localhost kernel: Initializing XFRM netlink socket
Jun 29 14:27:01 localhost kernel: NET: Registered PF_INET6 protocol family
Jun 29 14:27:01 localhost kernel: Segment Routing with IPv6
Jun 29 14:27:01 localhost kernel: In-situ OAM (IOAM) with IPv6
Jun 29 14:27:01 localhost kernel: NET: Registered PF_PACKET protocol family
Jun 29 14:27:01 localhost kernel: mpls_gso: MPLS GSO support
Jun 29 14:27:01 localhost kernel: IPI shorthand broadcast: enabled
Jun 29 14:27:01 localhost kernel: sched_clock: Marking stable (437604180, 18239142)->(458827927, -2984605)
Jun 29 14:27:01 localhost kernel: registered taskstats version 1
Jun 29 14:27:01 localhost kernel: Loading compiled-in X.509 certificates
Jun 29 14:27:01 localhost kernel: Loaded X.509 cert 'Build time autogenerated kernel key: fabf738f88d960b3ac67d23029870a78cd5c6d9a'
Jun 29 14:27:01 localhost kernel: zswap: loaded using pool lzo/zbud
Jun 29 14:27:01 localhost kernel: usb 2-1: new high-speed USB device number 2 using xhci_hcd
Jun 29 14:27:01 localhost kernel: usb 2-1: New USB device found, idVendor=0627, idProduct=0001, bcdDevice= 0.00
Jun 29 14:27:01 localhost kernel: usb 2-1: New USB device strings: Mfr=1, Product=4, SerialNumber=11
Jun 29 14:27:01 localhost kernel: usb 2-1: Product: QEMU USB Keyboard
Jun 29 14:27:01 localhost kernel: usb 2-1: Manufacturer: QEMU
Jun 29 14:27:01 localhost kernel: usb 2-1: SerialNumber: 68284-0000:00:05.0-1
Jun 29 14:27:01 localhost kernel: input: QEMU QEMU USB Keyboard as /devices/pci0000:00/0000:00:05.0/usb2/2-1/2-1:1.0/0003:0627:0001.0001/input/input5
Jun 29 14:27:01 localhost kernel: hid-generic 0003:0627:0001.0001: input,hidraw0: USB HID v1.11 Keyboard [QEMU QEMU USB Keyboard] on usb-0000:00:05.0-1/input0
Jun 29 14:27:01 localhost kernel: usb 2-2: new high-speed USB device number 3 using xhci_hcd
Jun 29 14:27:01 localhost kernel: usb 2-2: New USB device found, idVendor=0627, idProduct=0001, bcdDevice= 0.00
Jun 29 14:27:01 localhost kernel: usb 2-2: New USB device strings: Mfr=1, Product=3, SerialNumber=10
Jun 29 14:27:01 localhost kernel: usb 2-2: Product: QEMU USB Tablet
Jun 29 14:27:01 localhost kernel: usb 2-2: Manufacturer: QEMU
Jun 29 14:27:01 localhost kernel: usb 2-2: SerialNumber: 28754-0000:00:05.0-2
Jun 29 14:27:01 localhost kernel: input: QEMU QEMU USB Tablet as /devices/pci0000:00/0000:00:05.0/usb2/2-2/2-2:1.0/0003:0627:0001.0002/input/input6
Jun 29 14:27:01 localhost kernel: hid-generic 0003:0627:0001.0002: input,hidraw1: USB HID v0.01 Mouse [QEMU QEMU USB Tablet] on usb-0000:00:05.0-2/input0
Jun 29 14:27:01 localhost kernel: Freeing initrd memory: 79836K
Jun 29 14:27:01 localhost kernel: Key type encrypted registered
Jun 29 14:27:01 localhost kernel: AppArmor: AppArmor sha1 policy hashing enabled
Jun 29 14:27:01 localhost kernel: ima: No TPM chip found, activating TPM-bypass!
Jun 29 14:27:01 localhost kernel: ima: Allocated hash algorithm: sha256
Jun 29 14:27:01 localhost kernel: ima: No architecture policies found
Jun 29 14:27:01 localhost kernel: evm: Initialising EVM extended attributes:
Jun 29 14:27:01 localhost kernel: evm: security.selinux
Jun 29 14:27:01 localhost kernel: evm: security.SMACK64 (disabled)
Jun 29 14:27:01 localhost kernel: evm: security.SMACK64EXEC (disabled)
Jun 29 14:27:01 localhost kernel: evm: security.SMACK64TRANSMUTE (disabled)
Jun 29 14:27:01 localhost kernel: evm: security.SMACK64MMAP (disabled)
Jun 29 14:27:01 localhost kernel: evm: security.apparmor
Jun 29 14:27:01 localhost kernel: evm: security.ima
Jun 29 14:27:01 localhost kernel: evm: security.capability
Jun 29 14:27:01 localhost kernel: evm: HMAC attrs: 0x1
Jun 29 14:27:01 localhost kernel: integrity: Unable to open file: /etc/keys/x509_ima.der (-2)
Jun 29 14:27:01 localhost kernel: integrity: Unable to open file: /etc/keys/x509_evm.der (-2)
Jun 29 14:27:01 localhost kernel: Freeing unused decrypted memory: 2036K
Jun 29 14:27:01 localhost kernel: Freeing unused kernel image (initmem) memory: 2712K
Jun 29 14:27:01 localhost kernel: Write protecting the kernel read-only data: 24576k
Jun 29 14:27:01 localhost kernel: Freeing unused kernel image (text/rodata gap) memory: 2040K
Jun 29 14:27:01 localhost kernel: Freeing unused kernel image (rodata/data gap) memory: 188K
Jun 29 14:27:01 localhost kernel: Run /init as init process
Jun 29 14:27:01 localhost kernel:   with arguments:
Jun 29 14:27:01 localhost kernel:     /init
Jun 29 14:27:01 localhost kernel:   with environment:
Jun 29 14:27:01 localhost kernel:     HOME=/
Jun 29 14:27:01 localhost kernel:     TERM=linux
Jun 29 14:27:01 localhost systemd[1]: systemd v249-49.oe2303 running in system mode (+PAM +AUDIT +SELINUX -APPARMOR +IMA -SMACK +SECCOMP +GCRYPT +GNUTLS -OPENSSL +ACL +BLKID -CURL -ELFUTILS -FIDO2 +IDN2 -IDN -IPTC +KMOD -LIBCRYPTSETUP +LIBFDISK +PCRE2 -PWQUALITY +P11KIT -QRENCODE +BZIP2 +LZ4 +XZ +ZLIB -ZSTD +XKBCOMMON +UTMP +SYSVINIT default-hierarchy=legacy)
Jun 29 14:27:01 localhost systemd[1]: Detected virtualization kvm.
Jun 29 14:27:01 localhost systemd[1]: Detected architecture x86-64.
Jun 29 14:27:01 localhost systemd[1]: Running in initial RAM disk.
Jun 29 14:27:01 localhost systemd[1]: No hostname configured, using default hostname.
Jun 29 14:27:01 localhost systemd[1]: Hostname set to <localhost>.
Jun 29 14:27:01 localhost systemd[1]: Initializing machine ID from random generator.
Jun 29 14:27:01 localhost systemd[1]: Queued start job for default target Initrd Default Target.
Jun 29 14:27:01 localhost systemd[1]: Reached target Slice Units.
Jun 29 14:27:01 localhost systemd[1]: Reached target Swaps.
Jun 29 14:27:01 localhost systemd[1]: Reached target Timer Units.
Jun 29 14:27:01 localhost systemd[1]: Listening on Journal Socket (/dev/log).
Jun 29 14:27:01 localhost systemd[1]: Listening on Journal Socket.
Jun 29 14:27:01 localhost systemd[1]: Listening on udev Control Socket.
Jun 29 14:27:01 localhost systemd[1]: Listening on udev Kernel Socket.
Jun 29 14:27:01 localhost systemd[1]: Reached target Socket Units.
Jun 29 14:27:01 localhost systemd[1]: Starting Create List of Static Device Nodes...
Jun 29 14:27:01 localhost systemd[1]: Started Hardware RNG Entropy Gatherer Daemon.
Jun 29 14:27:01 localhost systemd[1]: systemd-journald.service: unit configures an IP firewall, but the local system does not support BPF/cgroup firewalling.
Jun 29 14:27:01 localhost systemd[1]: (This warning is only shown for the first unit using IP firewalling.)
Jun 29 14:27:01 localhost systemd[1]: Starting Journal Service...
Jun 29 14:27:01 localhost systemd[1]: Starting Load Kernel Modules...
Jun 29 14:27:01 localhost systemd[1]: Starting Setup Virtual Console...
Jun 29 14:27:01 localhost systemd[1]: Finished Create List of Static Device Nodes.
Jun 29 14:27:01 localhost systemd[1]: Finished Load Kernel Modules.
Jun 29 14:27:01 localhost systemd-journald[223]: Journal started
░░ Subject: The journal has been started
░░ Defined-By: systemd
░░ Support: https://lists.freedesktop.org/mailman/listinfo/systemd-devel
░░ 
░░ The system journal process has started up, opened the journal
░░ files for writing and is now ready to process requests.
Jun 29 14:27:01 localhost systemd-journald[223]: Runtime Journal (/run/log/journal/e44f228f7d8e4535b4e9b178a288de47) is 8.0M, max 79.5M, 71.5M free.
░░ Subject: Disk space used by the journal
░░ Defined-By: systemd
░░ Support: https://lists.freedesktop.org/mailman/listinfo/systemd-devel
░░ 
░░ Runtime Journal (/run/log/journal/e44f228f7d8e4535b4e9b178a288de47) is currently using 8.0M.
░░ Maximum allowed usage is set to 79.5M.
░░ Leaving at least 39.7M free (of currently available 787.0M of disk space).
░░ Enforced usage limit is thus 79.5M, of which 71.5M are still available.
░░ 
░░ The limits controlling how much disk space is used by the journal may
░░ be configured with SystemMaxUse=, SystemKeepFree=, SystemMaxFileSize=,
░░ RuntimeMaxUse=, RuntimeKeepFree=, RuntimeMaxFileSize= settings in
░░ /etc/systemd/journald.conf. See journald.conf(5) for details.
Jun 29 14:27:01 localhost systemd-modules-load[224]: Module 'msr' is built in
Jun 29 14:27:01 localhost rngd[222]: Initializing available sources
Jun 29 14:27:01 localhost rngd[222]: [hwrng ]: Initialized
Jun 29 14:27:01 localhost rngd[222]: [rdrand]: Initialization Failed
Jun 29 14:27:01 localhost rngd[222]: [jitter]: JITTER timeout set to 5 sec
Jun 29 14:27:01 localhost rngd[222]: [jitter]: Initializing AES buffer
Jun 29 14:27:01 localhost systemd[1]: Started Journal Service.
Jun 29 14:27:01 localhost systemd[1]: Starting Apply Kernel Variables...
░░ Subject: A start job for unit systemd-sysctl.service has begun execution
░░ Defined-By: systemd
░░ Support: https://lists.freedesktop.org/mailman/listinfo/systemd-devel
░░ 
░░ A start job for unit systemd-sysctl.service has begun execution.
░░ 
░░ The job identifier is 17.
Jun 29 14:27:01 localhost systemd[1]: Starting Create Static Device Nodes in /dev...
░░ Subject: A start job for unit systemd-tmpfiles-setup-dev.service has begun execution
░░ Defined-By: systemd
░░ Support: https://lists.freedesktop.org/mailman/listinfo/systemd-devel
░░ 
░░ A start job for unit systemd-tmpfiles-setup-dev.service has begun execution.
░░ 
░░ The job identifier is 22.
Jun 29 14:27:01 localhost systemd[1]: Finished Create Static Device Nodes in /dev.
░░ Subject: A start job for unit systemd-tmpfiles-setup-dev.service has finished successfully
░░ Defined-By: systemd
░░ Support: https://lists.freedesktop.org/mailman/listinfo/systemd-devel
░░ 
░░ A start job for unit systemd-tmpfiles-setup-dev.service has finished successfully.
░░ 
░░ The job identifier is 22.
Jun 29 14:27:01 localhost systemd[1]: Finished Apply Kernel Variables.
░░ Subject: A start job for unit systemd-sysctl.service has finished successfully
░░ Defined-By: systemd
░░ Support: https://lists.freedesktop.org/mailman/listinfo/systemd-devel
░░ 
░░ A start job for unit systemd-sysctl.service has finished successfully.
░░ 
░░ The job identifier is 17.
Jun 29 14:27:01 localhost systemd[1]: Finished Setup Virtual Console.
░░ Subject: A start job for unit systemd-vconsole-setup.service has finished successfully
░░ Defined-By: systemd
░░ Support: https://lists.freedesktop.org/mailman/listinfo/systemd-devel
░░ 
░░ A start job for unit systemd-vconsole-setup.service has finished successfully.
░░ 
░░ The job identifier is 7.
Jun 29 14:27:01 localhost systemd[1]: Starting dracut ask for additional cmdline parameters...
░░ Subject: A start job for unit dracut-cmdline-ask.service has begun execution
░░ Defined-By: systemd
░░ Support: https://lists.freedesktop.org/mailman/listinfo/systemd-devel
░░ 
░░ A start job for unit dracut-cmdline-ask.service has begun execution.
░░ 
░░ The job identifier is 55.
Jun 29 14:27:01 localhost systemd[1]: Finished dracut ask for additional cmdline parameters.
░░ Subject: A start job for unit dracut-cmdline-ask.service has finished successfully
░░ Defined-By: systemd
░░ Support: https://lists.freedesktop.org/mailman/listinfo/systemd-devel
░░ 
░░ A start job for unit dracut-cmdline-ask.service has finished successfully.
░░ 
░░ The job identifier is 55.
Jun 29 14:27:01 localhost systemd[1]: Starting dracut cmdline hook...
░░ Subject: A start job for unit dracut-cmdline.service has begun execution
░░ Defined-By: systemd
░░ Support: https://lists.freedesktop.org/mailman/listinfo/systemd-devel
░░ 
░░ A start job for unit dracut-cmdline.service has begun execution.
░░ 
░░ The job identifier is 41.
Jun 29 14:27:01 localhost dracut-cmdline[260]: dracut-23.03 dracut-059-2.oe2303
Jun 29 14:27:01 localhost dracut-cmdline[260]: Using kernel command line parameters:  rd.driver.pre=btrfs   root=/dev/vda2 rw console=ttyS0 swiotlb=1 loglevel=3 systemd.default_timeout_start_sec=600 selinux=0 highres=off earlycon
Jun 29 14:27:01 localhost dracut-cmdline[260]: Loading openEuler 23.03 x86_64 installer...
Jun 29 14:27:01 localhost systemd[1]: Finished dracut cmdline hook.
░░ Subject: A start job for unit dracut-cmdline.service has finished successfully
░░ Defined-By: systemd
░░ Support: https://lists.freedesktop.org/mailman/listinfo/systemd-devel
░░ 
░░ A start job for unit dracut-cmdline.service has finished successfully.
░░ 
░░ The job identifier is 41.
Jun 29 14:27:01 localhost systemd[1]: Starting dracut pre-udev hook...
░░ Subject: A start job for unit dracut-pre-udev.service has begun execution
░░ Defined-By: systemd
░░ Support: https://lists.freedesktop.org/mailman/listinfo/systemd-devel
░░ 
░░ A start job for unit dracut-pre-udev.service has begun execution.
░░ 
░░ The job identifier is 49.
Jun 29 14:27:01 localhost kernel: squashfs: version 4.0 (2009/01/31) Phillip Lougher
Jun 29 14:27:01 localhost dracut-pre-udev[517]: anaconda-modprobe: Module iscsi_tcp not found
Jun 29 14:27:01 localhost dracut-pre-udev[517]: anaconda-modprobe: Module edd not found
Jun 29 14:27:01 localhost dracut-pre-udev[517]: anaconda-modprobe: Module iscsi_ibft not found
Jun 29 14:27:02 localhost kernel: raid6: sse2x4   gen() 10083 MB/s
Jun 29 14:27:02 localhost kernel: raid6: sse2x2   gen() 10636 MB/s
Jun 29 14:27:02 localhost kernel: raid6: sse2x1   gen()  8481 MB/s
Jun 29 14:27:02 localhost kernel: raid6: using algorithm sse2x2 gen() 10636 MB/s
Jun 29 14:27:02 localhost kernel: raid6: .... xor() 6697 MB/s, rmw enabled
Jun 29 14:27:02 localhost kernel: raid6: using intx1 recovery algorithm
Jun 29 14:27:02 localhost kernel: xor: measuring software checksum speed
Jun 29 14:27:02 localhost kernel:    prefetch64-sse  : 33065 MB/sec
Jun 29 14:27:02 localhost kernel:    generic_sse     : 30908 MB/sec
Jun 29 14:27:02 localhost kernel: xor: using function: prefetch64-sse (33065 MB/sec)
Jun 29 14:27:02 localhost kernel: async_tx: api initialized (async)
Jun 29 14:27:02 localhost kernel: device-mapper: core: CONFIG_IMA_DISABLE_HTABLE is disabled. Duplicate IMA measurements will not be recorded in the IMA log.
Jun 29 14:27:02 localhost kernel: device-mapper: uevent: version 1.0.3
Jun 29 14:27:02 localhost kernel: device-mapper: ioctl: 4.47.0-ioctl (2022-07-28) initialised: dm-devel@redhat.com
Jun 29 14:27:02 localhost kernel: device-mapper: multipath round-robin: version 1.2.0 loaded
Jun 29 14:27:02 localhost kernel: RPC: Registered named UNIX socket transport module.
Jun 29 14:27:02 localhost kernel: RPC: Registered udp transport module.
Jun 29 14:27:02 localhost kernel: RPC: Registered tcp transport module.
Jun 29 14:27:02 localhost kernel: RPC: Registered tcp NFSv4.1 backchannel transport module.
Jun 29 14:27:02 localhost rpc.statd[792]: Version 2.6.2 starting
Jun 29 14:27:02 localhost rpc.statd[792]: Initializing NSM state
Jun 29 14:27:02 localhost rpc.statd[792]: Running as root.  chown /var/lib/nfs/statd to choose different user
Jun 29 14:27:02 localhost rpc.idmapd[797]: Setting log level to 0
Jun 29 14:27:02 localhost kernel: Btrfs loaded, crc32c=crc32c-generic, zoned=yes, fsverity=no
Jun 29 14:27:02 localhost systemd[1]: Finished dracut pre-udev hook.
░░ Subject: A start job for unit dracut-pre-udev.service has finished successfully
░░ Defined-By: systemd
░░ Support: https://lists.freedesktop.org/mailman/listinfo/systemd-devel
░░ 
░░ A start job for unit dracut-pre-udev.service has finished successfully.
░░ 
░░ The job identifier is 49.
Jun 29 14:27:02 localhost systemd[1]: Starting Rule-based Manager for Device Events and Files...
░░ Subject: A start job for unit systemd-udevd.service has begun execution
░░ Defined-By: systemd
░░ Support: https://lists.freedesktop.org/mailman/listinfo/systemd-devel
░░ 
░░ A start job for unit systemd-udevd.service has begun execution.
░░ 
░░ The job identifier is 11.
Jun 29 14:27:02 localhost systemd-udevd[813]: /usr/lib/udev/rules.d/50-udev-default.rules:42 Unknown group 'sgx', ignoring
Jun 29 14:27:02 localhost systemd[1]: Started Rule-based Manager for Device Events and Files.
░░ Subject: A start job for unit systemd-udevd.service has finished successfully
░░ Defined-By: systemd
░░ Support: https://lists.freedesktop.org/mailman/listinfo/systemd-devel
░░ 
░░ A start job for unit systemd-udevd.service has finished successfully.
░░ 
░░ The job identifier is 11.
Jun 29 14:27:02 localhost systemd[1]: Starting dracut pre-trigger hook...
░░ Subject: A start job for unit dracut-pre-trigger.service has begun execution
░░ Defined-By: systemd
░░ Support: https://lists.freedesktop.org/mailman/listinfo/systemd-devel
░░ 
░░ A start job for unit dracut-pre-trigger.service has begun execution.
░░ 
░░ The job identifier is 48.
Jun 29 14:27:02 localhost dracut-pre-trigger[819]: rd.md=0: removing MD RAID activation
Jun 29 14:27:02 localhost systemd[1]: Finished dracut pre-trigger hook.
░░ Subject: A start job for unit dracut-pre-trigger.service has finished successfully
░░ Defined-By: systemd
░░ Support: https://lists.freedesktop.org/mailman/listinfo/systemd-devel
░░ 
░░ A start job for unit dracut-pre-trigger.service has finished successfully.
░░ 
░░ The job identifier is 48.
Jun 29 14:27:02 localhost systemd[1]: Starting Coldplug All udev Devices...
░░ Subject: A start job for unit systemd-udev-trigger.service has begun execution
░░ Defined-By: systemd
░░ Support: https://lists.freedesktop.org/mailman/listinfo/systemd-devel
░░ 
░░ A start job for unit systemd-udev-trigger.service has begun execution.
░░ 
░░ The job identifier is 10.
Jun 29 14:27:02 localhost systemd-udevd[813]: /usr/lib/udev/rules.d/50-udev-default.rules:42 Unknown group 'sgx', ignoring
Jun 29 14:27:03 localhost systemd[1]: Finished Coldplug All udev Devices.
░░ Subject: A start job for unit systemd-udev-trigger.service has finished successfully
░░ Defined-By: systemd
░░ Support: https://lists.freedesktop.org/mailman/listinfo/systemd-devel
░░ 
░░ A start job for unit systemd-udev-trigger.service has finished successfully.
░░ 
░░ The job identifier is 10.
Jun 29 14:27:03 localhost systemd[1]: Starting dracut initqueue hook...
░░ Subject: A start job for unit dracut-initqueue.service has begun execution
░░ Defined-By: systemd
░░ Support: https://lists.freedesktop.org/mailman/listinfo/systemd-devel
░░ 
░░ A start job for unit dracut-initqueue.service has begun execution.
░░ 
░░ The job identifier is 46.
Jun 29 14:27:03 localhost systemd[1]: Starting Show Plymouth Boot Screen...
░░ Subject: A start job for unit plymouth-start.service has begun execution
░░ Defined-By: systemd
░░ Support: https://lists.freedesktop.org/mailman/listinfo/systemd-devel
░░ 
░░ A start job for unit plymouth-start.service has begun execution.
░░ 
░░ The job identifier is 4.
Jun 29 14:27:03 localhost systemd[1]: Starting Wait for udev To Complete Device Initialization...
░░ Subject: A start job for unit systemd-udev-settle.service has begun execution
░░ Defined-By: systemd
░░ Support: https://lists.freedesktop.org/mailman/listinfo/systemd-devel
░░ 
░░ A start job for unit systemd-udev-settle.service has begun execution.
░░ 
░░ The job identifier is 21.
Jun 29 14:27:03 localhost systemd[1]: Received SIGRTMIN+20 from PID 897 (plymouthd).
Jun 29 14:27:03 localhost systemd[1]: Created slice Slice /system/modprobe.
░░ Subject: A start job for unit system-modprobe.slice has finished successfully
░░ Defined-By: systemd
░░ Support: https://lists.freedesktop.org/mailman/listinfo/systemd-devel
░░ 
░░ A start job for unit system-modprobe.slice has finished successfully.
░░ 
░░ The job identifier is 59.
Jun 29 14:27:03 localhost systemd[1]: Starting Load Kernel Module configfs...
░░ Subject: A start job for unit modprobe@configfs.service has begun execution
░░ Defined-By: systemd
░░ Support: https://lists.freedesktop.org/mailman/listinfo/systemd-devel
░░ 
░░ A start job for unit modprobe@configfs.service has begun execution.
░░ 
░░ The job identifier is 58.
Jun 29 14:27:03 localhost systemd[1]: modprobe@configfs.service: Deactivated successfully.
░░ Subject: Unit succeeded
░░ Defined-By: systemd
░░ Support: https://lists.freedesktop.org/mailman/listinfo/systemd-devel
░░ 
░░ The unit modprobe@configfs.service has successfully entered the 'dead' state.
Jun 29 14:27:03 localhost systemd[1]: Finished Load Kernel Module configfs.
░░ Subject: A start job for unit modprobe@configfs.service has finished successfully
░░ Defined-By: systemd
░░ Support: https://lists.freedesktop.org/mailman/listinfo/systemd-devel
░░ 
░░ A start job for unit modprobe@configfs.service has finished successfully.
░░ 
░░ The job identifier is 58.
Jun 29 14:27:03 localhost systemd[1]: Mounting Kernel Configuration File System...
░░ Subject: A start job for unit sys-kernel-config.mount has begun execution
░░ Defined-By: systemd
░░ Support: https://lists.freedesktop.org/mailman/listinfo/systemd-devel
░░ 
░░ A start job for unit sys-kernel-config.mount has begun execution.
░░ 
░░ The job identifier is 57.
Jun 29 14:27:03 localhost systemd[1]: Mounted Kernel Configuration File System.
░░ Subject: A start job for unit sys-kernel-config.mount has finished successfully
░░ Defined-By: systemd
░░ Support: https://lists.freedesktop.org/mailman/listinfo/systemd-devel
░░ 
░░ A start job for unit sys-kernel-config.mount has finished successfully.
░░ 
░░ The job identifier is 57.
Jun 29 14:27:03 localhost systemd[1]: Started Show Plymouth Boot Screen.
░░ Subject: A start job for unit plymouth-start.service has finished successfully
░░ Defined-By: systemd
░░ Support: https://lists.freedesktop.org/mailman/listinfo/systemd-devel
░░ 
░░ A start job for unit plymouth-start.service has finished successfully.
░░ 
░░ The job identifier is 4.
Jun 29 14:27:03 localhost systemd[1]: Condition check resulted in Dispatch Password Requests to Console Directory Watch being skipped.
░░ Subject: A start job for unit systemd-ask-password-console.path has finished successfully
░░ Defined-By: systemd
░░ Support: https://lists.freedesktop.org/mailman/listinfo/systemd-devel
░░ 
░░ A start job for unit systemd-ask-password-console.path has finished successfully.
░░ 
░░ The job identifier is 26.
Jun 29 14:27:03 localhost systemd[1]: Started Forward Password Requests to Plymouth Directory Watch.
░░ Subject: A start job for unit systemd-ask-password-plymouth.path has finished successfully
░░ Defined-By: systemd
░░ Support: https://lists.freedesktop.org/mailman/listinfo/systemd-devel
░░ 
░░ A start job for unit systemd-ask-password-plymouth.path has finished successfully.
░░ 
░░ The job identifier is 8.
Jun 29 14:27:03 localhost systemd[1]: Reached target Path Units.
░░ Subject: A start job for unit paths.target has finished successfully
░░ Defined-By: systemd
░░ Support: https://lists.freedesktop.org/mailman/listinfo/systemd-devel
░░ 
░░ A start job for unit paths.target has finished successfully.
░░ 
░░ The job identifier is 37.
Jun 29 14:27:03 localhost kernel: virtio_blk virtio1: 4/0/0 default/read/poll queues
Jun 29 14:27:03 localhost kernel: virtio_blk virtio1: [vda] 83886080 512-byte logical blocks (42.9 GB/40.0 GiB)
Jun 29 14:27:03 localhost kernel: libata version 3.00 loaded.
Jun 29 14:27:03 localhost kernel:  vda: vda1 vda2
Jun 29 14:27:03 localhost kernel: ata_piix 0000:00:01.1: version 2.13
Jun 29 14:27:03 localhost kernel: scsi host0: ata_piix
Jun 29 14:27:03 localhost kernel: ACPI: bus type drm_connector registered
Jun 29 14:27:03 localhost kernel: scsi host1: ata_piix
Jun 29 14:27:03 localhost kernel: ata1: PATA max MWDMA2 cmd 0x1f0 ctl 0x3f6 bmdma 0xc0e0 irq 14
Jun 29 14:27:03 localhost kernel: ata2: PATA max MWDMA2 cmd 0x170 ctl 0x376 bmdma 0xc0e8 irq 15
Jun 29 14:27:03 localhost udevadm[899]: systemd-udev-settle.service is deprecated. Please fix multipathd-configure.service not to pull it in.
Jun 29 14:27:03 localhost systemd-udevd[930]: Using default interface naming scheme 'v249'.
Jun 29 14:27:03 localhost kernel: virtio_net virtio2 ens6: renamed from eth0
Jun 29 14:27:03 localhost systemd-udevd[930]: eth0: Network interface 2 is renamed from 'eth0' to 'ens6'
Jun 29 14:27:03 localhost systemd-udevd[924]: Using default interface naming scheme 'v249'.
Jun 29 14:27:03 localhost systemd[1]: Found device /dev/vda2.
░░ Subject: A start job for unit dev-vda2.device has finished successfully
░░ Defined-By: systemd
░░ Support: https://lists.freedesktop.org/mailman/listinfo/systemd-devel
░░ 
░░ A start job for unit dev-vda2.device has finished successfully.
░░ 
░░ The job identifier is 40.
Jun 29 14:27:03 localhost kernel: ata2: found unknown device (class 0)
Jun 29 14:27:03 localhost kernel: ata2.00: ATAPI: QEMU DVD-ROM, 2.5+, max UDMA/100
Jun 29 14:27:03 localhost kernel: scsi 1:0:0:0: CD-ROM            QEMU     QEMU DVD-ROM     2.5+ PQ: 0 ANSI: 5
Jun 29 14:27:03 localhost rngd[222]: [jitter]: Enabling JITTER rng support
Jun 29 14:27:03 localhost rngd[222]: [jitter]: Initialized
Jun 29 14:27:03 localhost rngd[222]: [pkcs11]: Unable to load pkcs11 engine: (null)
Jun 29 14:27:03 localhost rngd[222]: [pkcs11]: Initialization Failed
Jun 29 14:27:03 localhost kernel: bochs-drm 0000:00:02.0: vgaarb: deactivate vga console
Jun 29 14:27:03 localhost kernel: sr 1:0:0:0: [sr0] scsi3-mmc drive: 4x/4x cd/rw xa/form2 tray
Jun 29 14:27:03 localhost kernel: cdrom: Uniform CD-ROM driver Revision: 3.20
Jun 29 14:27:03 localhost systemd[1]: Reached target Initrd Root Device.
░░ Subject: A start job for unit initrd-root-device.target has finished successfully
░░ Defined-By: systemd
░░ Support: https://lists.freedesktop.org/mailman/listinfo/systemd-devel
░░ 
░░ A start job for unit initrd-root-device.target has finished successfully.
░░ 
░░ The job identifier is 50.
Jun 29 14:27:03 localhost kernel: Console: switching to colour dummy device 80x25
Jun 29 14:27:03 localhost kernel: [drm] Found bochs VGA, ID 0xb0c5.
Jun 29 14:27:03 localhost kernel: [drm] Framebuffer size 16384 kB @ 0xfd000000, mmio @ 0xfebd4000.
Jun 29 14:27:03 localhost kernel: [drm] Found EDID data blob.
Jun 29 14:27:03 localhost kernel: [drm] Initialized bochs-drm 1.0.0 20130925 for 0000:00:02.0 on minor 0
Jun 29 14:27:03 localhost kernel: fbcon: bochs-drmdrmfb (fb0) is primary device
Jun 29 14:27:03 localhost kernel: sr 1:0:0:0: Attached scsi CD-ROM sr0
Jun 29 14:27:03 localhost kernel: Console: switching to colour frame buffer device 160x50
Jun 29 14:27:03 localhost kernel: bochs-drm 0000:00:02.0: [drm] fb0: bochs-drmdrmfb frame buffer device
Jun 29 14:27:03 localhost systemd[1]: Finished Wait for udev To Complete Device Initialization.
░░ Subject: A start job for unit systemd-udev-settle.service has finished successfully
░░ Defined-By: systemd
░░ Support: https://lists.freedesktop.org/mailman/listinfo/systemd-devel
░░ 
░░ A start job for unit systemd-udev-settle.service has finished successfully.
░░ 
░░ The job identifier is 21.
Jun 29 14:27:03 localhost systemd[1]: Condition check resulted in Device-Mapper Multipath Default Configuration being skipped.
░░ Subject: A start job for unit multipathd-configure.service has finished successfully
░░ Defined-By: systemd
░░ Support: https://lists.freedesktop.org/mailman/listinfo/systemd-devel
░░ 
░░ A start job for unit multipathd-configure.service has finished successfully.
░░ 
░░ The job identifier is 19.
Jun 29 14:27:03 localhost systemd[1]: Starting Device-Mapper Multipath Device Controller...
░░ Subject: A start job for unit multipathd.service has begun execution
░░ Defined-By: systemd
░░ Support: https://lists.freedesktop.org/mailman/listinfo/systemd-devel
░░ 
░░ A start job for unit multipathd.service has begun execution.
░░ 
░░ The job identifier is 15.
Jun 29 14:27:03 localhost multipathd[963]: --------start up--------
Jun 29 14:27:03 localhost multipathd[963]: read /etc/multipath.conf
Jun 29 14:27:03 localhost multipathd[963]: path checkers start up
Jun 29 14:27:03 localhost systemd[1]: Started Device-Mapper Multipath Device Controller.
░░ Subject: A start job for unit multipathd.service has finished successfully
░░ Defined-By: systemd
░░ Support: https://lists.freedesktop.org/mailman/listinfo/systemd-devel
░░ 
░░ A start job for unit multipathd.service has finished successfully.
░░ 
░░ The job identifier is 15.
Jun 29 14:27:03 localhost systemd[1]: Reached target Preparation for Local File Systems.
░░ Subject: A start job for unit local-fs-pre.target has finished successfully
░░ Defined-By: systemd
░░ Support: https://lists.freedesktop.org/mailman/listinfo/systemd-devel
░░ 
░░ A start job for unit local-fs-pre.target has finished successfully.
░░ 
░░ The job identifier is 20.
Jun 29 14:27:03 localhost systemd[1]: Reached target Local File Systems.
░░ Subject: A start job for unit local-fs.target has finished successfully
░░ Defined-By: systemd
░░ Support: https://lists.freedesktop.org/mailman/listinfo/systemd-devel
░░ 
░░ A start job for unit local-fs.target has finished successfully.
░░ 
░░ The job identifier is 32.
Jun 29 14:27:03 localhost systemd[1]: Starting Create Volatile Files and Directories...
░░ Subject: A start job for unit systemd-tmpfiles-setup.service has begun execution
░░ Defined-By: systemd
░░ Support: https://lists.freedesktop.org/mailman/listinfo/systemd-devel
░░ 
░░ A start job for unit systemd-tmpfiles-setup.service has begun execution.
░░ 
░░ The job identifier is 29.
Jun 29 14:27:03 localhost systemd[1]: Finished dracut initqueue hook.
░░ Subject: A start job for unit dracut-initqueue.service has finished successfully
░░ Defined-By: systemd
░░ Support: https://lists.freedesktop.org/mailman/listinfo/systemd-devel
░░ 
░░ A start job for unit dracut-initqueue.service has finished successfully.
░░ 
░░ The job identifier is 46.
Jun 29 14:27:03 localhost systemd[1]: Reached target Preparation for Remote File Systems.
░░ Subject: A start job for unit remote-fs-pre.target has finished successfully
░░ Defined-By: systemd
░░ Support: https://lists.freedesktop.org/mailman/listinfo/systemd-devel
░░ 
░░ A start job for unit remote-fs-pre.target has finished successfully.
░░ 
░░ The job identifier is 47.
Jun 29 14:27:03 localhost systemd[1]: Reached target Remote File Systems.
░░ Subject: A start job for unit remote-fs.target has finished successfully
░░ Defined-By: systemd
░░ Support: https://lists.freedesktop.org/mailman/listinfo/systemd-devel
░░ 
░░ A start job for unit remote-fs.target has finished successfully.
░░ 
░░ The job identifier is 39.
Jun 29 14:27:03 localhost systemd[1]: Starting dracut pre-mount hook...
░░ Subject: A start job for unit dracut-pre-mount.service has begun execution
░░ Defined-By: systemd
░░ Support: https://lists.freedesktop.org/mailman/listinfo/systemd-devel
░░ 
░░ A start job for unit dracut-pre-mount.service has begun execution.
░░ 
░░ The job identifier is 54.
Jun 29 14:27:03 localhost systemd-tmpfiles[994]: /usr/lib/tmpfiles.d/systemd.conf:19: Failed to resolve user 'systemd-network': No such process
Jun 29 14:27:03 localhost systemd-tmpfiles[994]: /usr/lib/tmpfiles.d/systemd.conf:20: Failed to resolve user 'systemd-network': No such process
Jun 29 14:27:03 localhost systemd-tmpfiles[994]: /usr/lib/tmpfiles.d/systemd.conf:21: Failed to resolve user 'systemd-network': No such process
Jun 29 14:27:03 localhost systemd-tmpfiles[994]: /usr/lib/tmpfiles.d/systemd.conf:22: Failed to resolve user 'systemd-network': No such process
Jun 29 14:27:03 localhost systemd[1]: Finished Create Volatile Files and Directories.
░░ Subject: A start job for unit systemd-tmpfiles-setup.service has finished successfully
░░ Defined-By: systemd
░░ Support: https://lists.freedesktop.org/mailman/listinfo/systemd-devel
░░ 
░░ A start job for unit systemd-tmpfiles-setup.service has finished successfully.
░░ 
░░ The job identifier is 29.
Jun 29 14:27:03 localhost systemd[1]: Reached target System Initialization.
░░ Subject: A start job for unit sysinit.target has finished successfully
░░ Defined-By: systemd
░░ Support: https://lists.freedesktop.org/mailman/listinfo/systemd-devel
░░ 
░░ A start job for unit sysinit.target has finished successfully.
░░ 
░░ The job identifier is 3.
Jun 29 14:27:03 localhost systemd[1]: Reached target Basic System.
░░ Subject: A start job for unit basic.target has finished successfully
░░ Defined-By: systemd
░░ Support: https://lists.freedesktop.org/mailman/listinfo/systemd-devel
░░ 
░░ A start job for unit basic.target has finished successfully.
░░ 
░░ The job identifier is 2.
Jun 29 14:27:03 localhost systemd[1]: System is tainted: cgroupsv1
░░ Subject: The system is configured in a way that might cause problems
░░ Defined-By: systemd
░░ Support: https://lists.freedesktop.org/mailman/listinfo/systemd-devel
░░ 
░░ The following "tags" are possible:
░░ - "split-usr" — /usr is a separate file system and was not mounted when systemd
░░   was booted
░░ - "cgroups-missing" — the kernel was compiled without cgroup support or access
░░   to expected interface files is restricted
░░ - "var-run-bad" — /var/run is not a symlink to /run
░░ - "overflowuid-not-65534" — the kernel user ID used for "unknown" users (with
░░   NFS or user namespaces) is not 65534
░░ - "overflowgid-not-65534" — the kernel group ID used for "unknown" users (with
░░   NFS or user namespaces) is not 65534
░░ Current system is tagged as cgroupsv1.
Jun 29 14:27:03 localhost systemd[1]: Finished dracut pre-mount hook.
░░ Subject: A start job for unit dracut-pre-mount.service has finished successfully
░░ Defined-By: systemd
░░ Support: https://lists.freedesktop.org/mailman/listinfo/systemd-devel
░░ 
░░ A start job for unit dracut-pre-mount.service has finished successfully.
░░ 
░░ The job identifier is 54.
Jun 29 14:27:03 localhost systemd[1]: Starting File System Check on /dev/vda2...
░░ Subject: A start job for unit systemd-fsck-root.service has begun execution
░░ Defined-By: systemd
░░ Support: https://lists.freedesktop.org/mailman/listinfo/systemd-devel
░░ 
░░ A start job for unit systemd-fsck-root.service has begun execution.
░░ 
░░ The job identifier is 44.
Jun 29 14:27:03 localhost systemd-fsck[1018]: rootfs: recovering journal
Jun 29 14:27:04 localhost systemd-fsck[1018]: rootfs: clean, 84841/2490368 files, 1606069/9961471 blocks
Jun 29 14:27:04 localhost systemd[1]: Finished File System Check on /dev/vda2.
░░ Subject: A start job for unit systemd-fsck-root.service has finished successfully
░░ Defined-By: systemd
░░ Support: https://lists.freedesktop.org/mailman/listinfo/systemd-devel
░░ 
░░ A start job for unit systemd-fsck-root.service has finished successfully.
░░ 
░░ The job identifier is 44.
Jun 29 14:27:04 localhost systemd[1]: Mounting /sysroot...
░░ Subject: A start job for unit sysroot.mount has begun execution
░░ Defined-By: systemd
░░ Support: https://lists.freedesktop.org/mailman/listinfo/systemd-devel
░░ 
░░ A start job for unit sysroot.mount has begun execution.
░░ 
░░ The job identifier is 43.
Jun 29 14:27:04 localhost kernel: EXT4-fs (vda2): mounted filesystem with ordered data mode. Quota mode: none.
Jun 29 14:27:04 localhost systemd[1]: Mounted /sysroot.
░░ Subject: A start job for unit sysroot.mount has finished successfully
░░ Defined-By: systemd
░░ Support: https://lists.freedesktop.org/mailman/listinfo/systemd-devel
░░ 
░░ A start job for unit sysroot.mount has finished successfully.
░░ 
░░ The job identifier is 43.
Jun 29 14:27:04 localhost systemd[1]: Reached target Initrd Root File System.
░░ Subject: A start job for unit initrd-root-fs.target has finished successfully
░░ Defined-By: systemd
░░ Support: https://lists.freedesktop.org/mailman/listinfo/systemd-devel
░░ 
░░ A start job for unit initrd-root-fs.target has finished successfully.
░░ 
░░ The job identifier is 42.
Jun 29 14:27:04 localhost systemd[1]: Starting Reload Configuration from the Real Root...
░░ Subject: A start job for unit initrd-parse-etc.service has begun execution
░░ Defined-By: systemd
░░ Support: https://lists.freedesktop.org/mailman/listinfo/systemd-devel
░░ 
░░ A start job for unit initrd-parse-etc.service has begun execution.
░░ 
░░ The job identifier is 52.
Jun 29 14:27:04 localhost systemctl[1026]: [systemctl daemon-reload] called by PID 1 (/init)
Jun 29 14:27:04 localhost systemd[1]: Reloading.
Jun 29 14:27:04 localhost systemctl[1093]: [systemctl --no-block start initrd-fs.target] called by PID 1 (/init)
Jun 29 14:27:04 localhost systemctl[1094]: [systemctl --no-block start initrd-cleanup.service] called by PID 1 (/init)
Jun 29 14:27:04 localhost multipathd[963]: exit (signal)
Jun 29 14:27:04 localhost multipathd[963]: --------shut down-------
Jun 29 14:27:04 localhost systemd[1]: Stopping Device-Mapper Multipath Device Controller...
░░ Subject: A stop job for unit multipathd.service has begun execution
░░ Defined-By: systemd
░░ Support: https://lists.freedesktop.org/mailman/listinfo/systemd-devel
░░ 
░░ A stop job for unit multipathd.service has begun execution.
░░ 
░░ The job identifier is 88.
Jun 29 14:27:04 localhost systemd[1]: initrd-parse-etc.service: Deactivated successfully.
░░ Subject: Unit succeeded
░░ Defined-By: systemd
░░ Support: https://lists.freedesktop.org/mailman/listinfo/systemd-devel
░░ 
░░ The unit initrd-parse-etc.service has successfully entered the 'dead' state.
Jun 29 14:27:04 localhost systemd[1]: Finished Reload Configuration from the Real Root.
░░ Subject: A start job for unit initrd-parse-etc.service has finished successfully
░░ Defined-By: systemd
░░ Support: https://lists.freedesktop.org/mailman/listinfo/systemd-devel
░░ 
░░ A start job for unit initrd-parse-etc.service has finished successfully.
░░ 
░░ The job identifier is 52.
Jun 29 14:27:04 localhost systemd[1]: Reached target Initrd File Systems.
░░ Subject: A start job for unit initrd-fs.target has finished successfully
░░ Defined-By: systemd
░░ Support: https://lists.freedesktop.org/mailman/listinfo/systemd-devel
░░ 
░░ A start job for unit initrd-fs.target has finished successfully.
░░ 
░░ The job identifier is 53.
Jun 29 14:27:04 localhost systemd[1]: Reached target Initrd Default Target.
░░ Subject: A start job for unit initrd.target has finished successfully
░░ Defined-By: systemd
░░ Support: https://lists.freedesktop.org/mailman/listinfo/systemd-devel
░░ 
░░ A start job for unit initrd.target has finished successfully.
░░ 
░░ The job identifier is 1.
Jun 29 14:27:04 localhost systemd[1]: Starting dracut mount hook...
░░ Subject: A start job for unit dracut-mount.service has begun execution
░░ Defined-By: systemd
░░ Support: https://lists.freedesktop.org/mailman/listinfo/systemd-devel
░░ 
░░ A start job for unit dracut-mount.service has begun execution.
░░ 
░░ The job identifier is 51.
Jun 29 14:27:04 localhost systemd[1]: Finished dracut mount hook.
░░ Subject: A start job for unit dracut-mount.service has finished successfully
░░ Defined-By: systemd
░░ Support: https://lists.freedesktop.org/mailman/listinfo/systemd-devel
░░ 
░░ A start job for unit dracut-mount.service has finished successfully.
░░ 
░░ The job identifier is 51.
Jun 29 14:27:04 localhost systemd[1]: Starting dracut pre-pivot and cleanup hook...
░░ Subject: A start job for unit dracut-pre-pivot.service has begun execution
░░ Defined-By: systemd
░░ Support: https://lists.freedesktop.org/mailman/listinfo/systemd-devel
░░ 
░░ A start job for unit dracut-pre-pivot.service has begun execution.
░░ 
░░ The job identifier is 38.
Jun 29 14:27:04 localhost systemd[1]: multipathd.service: Deactivated successfully.
░░ Subject: Unit succeeded
░░ Defined-By: systemd
░░ Support: https://lists.freedesktop.org/mailman/listinfo/systemd-devel
░░ 
░░ The unit multipathd.service has successfully entered the 'dead' state.
Jun 29 14:27:04 localhost systemd[1]: Stopped Device-Mapper Multipath Device Controller.
░░ Subject: A stop job for unit multipathd.service has finished
░░ Defined-By: systemd
░░ Support: https://lists.freedesktop.org/mailman/listinfo/systemd-devel
░░ 
░░ A stop job for unit multipathd.service has finished.
░░ 
░░ The job identifier is 88 and the job result is done.
Jun 29 14:27:06 localhost dracut-pre-pivot[1164]: ln: failed to create symbolic link '/sysroot/boot/initramfs-6.1.19-7.0.0.17.oe2303.x86_64.img': File exists
Jun 29 14:27:06 localhost rpc.idmapd[797]: exiting on signal 15
Jun 29 14:27:06 localhost systemd[1]: var-lib-nfs-rpc_pipefs.mount: Deactivated successfully.
░░ Subject: Unit succeeded
░░ Defined-By: systemd
░░ Support: https://lists.freedesktop.org/mailman/listinfo/systemd-devel
░░ 
░░ The unit var-lib-nfs-rpc_pipefs.mount has successfully entered the 'dead' state.
Jun 29 14:27:06 localhost systemd[1]: Finished dracut pre-pivot and cleanup hook.
░░ Subject: A start job for unit dracut-pre-pivot.service has finished successfully
░░ Defined-By: systemd
░░ Support: https://lists.freedesktop.org/mailman/listinfo/systemd-devel
░░ 
░░ A start job for unit dracut-pre-pivot.service has finished successfully.
░░ 
░░ The job identifier is 38.
Jun 29 14:27:06 localhost systemd[1]: Starting Cleaning Up and Shutting Down Daemons...
░░ Subject: A start job for unit initrd-cleanup.service has begun execution
░░ Defined-By: systemd
░░ Support: https://lists.freedesktop.org/mailman/listinfo/systemd-devel
░░ 
░░ A start job for unit initrd-cleanup.service has begun execution.
░░ 
░░ The job identifier is 85.
Jun 29 14:27:06 localhost systemctl[1188]: [systemctl --no-block isolate initrd-switch-root.target] called by PID 1 (/init)
Jun 29 14:27:06 localhost systemd[1]: Stopped target Timer Units.
░░ Subject: A stop job for unit timers.target has finished
░░ Defined-By: systemd
░░ Support: https://lists.freedesktop.org/mailman/listinfo/systemd-devel
░░ 
░░ A stop job for unit timers.target has finished.
░░ 
░░ The job identifier is 148 and the job result is done.
Jun 29 14:27:06 localhost systemd[1]: dracut-pre-pivot.service: Deactivated successfully.
░░ Subject: Unit succeeded
░░ Defined-By: systemd
░░ Support: https://lists.freedesktop.org/mailman/listinfo/systemd-devel
░░ 
░░ The unit dracut-pre-pivot.service has successfully entered the 'dead' state.
Jun 29 14:27:06 localhost systemd[1]: Stopped dracut pre-pivot and cleanup hook.
░░ Subject: A stop job for unit dracut-pre-pivot.service has finished
░░ Defined-By: systemd
░░ Support: https://lists.freedesktop.org/mailman/listinfo/systemd-devel
░░ 
░░ A stop job for unit dracut-pre-pivot.service has finished.
░░ 
░░ The job identifier is 145 and the job result is done.
Jun 29 14:27:06 localhost systemd[1]: Stopped target Initrd Default Target.
░░ Subject: A stop job for unit initrd.target has finished
░░ Defined-By: systemd
░░ Support: https://lists.freedesktop.org/mailman/listinfo/systemd-devel
░░ 
░░ A stop job for unit initrd.target has finished.
░░ 
░░ The job identifier is 125 and the job result is done.
Jun 29 14:27:06 localhost systemd[1]: Stopped target Basic System.
░░ Subject: A stop job for unit basic.target has finished
░░ Defined-By: systemd
░░ Support: https://lists.freedesktop.org/mailman/listinfo/systemd-devel
░░ 
░░ A stop job for unit basic.target has finished.
░░ 
░░ The job identifier is 142 and the job result is done.
Jun 29 14:27:06 localhost systemd[1]: Stopped target Initrd Root Device.
░░ Subject: A stop job for unit initrd-root-device.target has finished
░░ Defined-By: systemd
░░ Support: https://lists.freedesktop.org/mailman/listinfo/systemd-devel
░░ 
░░ A stop job for unit initrd-root-device.target has finished.
░░ 
░░ The job identifier is 147 and the job result is done.
Jun 29 14:27:06 localhost systemd[1]: Stopped target Path Units.
░░ Subject: A stop job for unit paths.target has finished
░░ Defined-By: systemd
░░ Support: https://lists.freedesktop.org/mailman/listinfo/systemd-devel
░░ 
░░ A stop job for unit paths.target has finished.
░░ 
░░ The job identifier is 122 and the job result is done.
Jun 29 14:27:06 localhost systemd[1]: Stopped target Remote File Systems.
░░ Subject: A stop job for unit remote-fs.target has finished
░░ Defined-By: systemd
░░ Support: https://lists.freedesktop.org/mailman/listinfo/systemd-devel
░░ 
░░ A stop job for unit remote-fs.target has finished.
░░ 
░░ The job identifier is 130 and the job result is done.
Jun 29 14:27:06 localhost systemd[1]: Stopped target Preparation for Remote File Systems.
░░ Subject: A stop job for unit remote-fs-pre.target has finished
░░ Defined-By: systemd
░░ Support: https://lists.freedesktop.org/mailman/listinfo/systemd-devel
░░ 
░░ A stop job for unit remote-fs-pre.target has finished.
░░ 
░░ The job identifier is 132 and the job result is done.
Jun 29 14:27:06 localhost systemd[1]: Stopped target Slice Units.
░░ Subject: A stop job for unit slices.target has finished
░░ Defined-By: systemd
░░ Support: https://lists.freedesktop.org/mailman/listinfo/systemd-devel
░░ 
░░ A stop job for unit slices.target has finished.
░░ 
░░ The job identifier is 143 and the job result is done.
Jun 29 14:27:06 localhost systemd[1]: Stopped target Socket Units.
░░ Subject: A stop job for unit sockets.target has finished
░░ Defined-By: systemd
░░ Support: https://lists.freedesktop.org/mailman/listinfo/systemd-devel
░░ 
░░ A stop job for unit sockets.target has finished.
░░ 
░░ The job identifier is 133 and the job result is done.
Jun 29 14:27:06 localhost systemd[1]: Stopped target System Initialization.
░░ Subject: A stop job for unit sysinit.target has finished
░░ Defined-By: systemd
░░ Support: https://lists.freedesktop.org/mailman/listinfo/systemd-devel
░░ 
░░ A stop job for unit sysinit.target has finished.
░░ 
░░ The job identifier is 140 and the job result is done.
Jun 29 14:27:06 localhost systemd[1]: Stopped target Swaps.
░░ Subject: A stop job for unit swap.target has finished
░░ Defined-By: systemd
░░ Support: https://lists.freedesktop.org/mailman/listinfo/systemd-devel
░░ 
░░ A stop job for unit swap.target has finished.
░░ 
░░ The job identifier is 121 and the job result is done.
Jun 29 14:27:06 localhost systemd[1]: dracut-mount.service: Deactivated successfully.
░░ Subject: Unit succeeded
░░ Defined-By: systemd
░░ Support: https://lists.freedesktop.org/mailman/listinfo/systemd-devel
░░ 
░░ The unit dracut-mount.service has successfully entered the 'dead' state.
Jun 29 14:27:06 localhost systemd[1]: Stopped dracut mount hook.
░░ Subject: A stop job for unit dracut-mount.service has finished
░░ Defined-By: systemd
░░ Support: https://lists.freedesktop.org/mailman/listinfo/systemd-devel
░░ 
░░ A stop job for unit dracut-mount.service has finished.
░░ 
░░ The job identifier is 126 and the job result is done.
Jun 29 14:27:06 localhost systemd[1]: dracut-pre-mount.service: Deactivated successfully.
░░ Subject: Unit succeeded
░░ Defined-By: systemd
░░ Support: https://lists.freedesktop.org/mailman/listinfo/systemd-devel
░░ 
░░ The unit dracut-pre-mount.service has successfully entered the 'dead' state.
Jun 29 14:27:06 localhost systemd[1]: Stopped dracut pre-mount hook.
░░ Subject: A stop job for unit dracut-pre-mount.service has finished
░░ Defined-By: systemd
░░ Support: https://lists.freedesktop.org/mailman/listinfo/systemd-devel
░░ 
░░ A stop job for unit dracut-pre-mount.service has finished.
░░ 
░░ The job identifier is 144 and the job result is done.
Jun 29 14:27:06 localhost systemd[1]: dracut-initqueue.service: Deactivated successfully.
░░ Subject: Unit succeeded
░░ Defined-By: systemd
░░ Support: https://lists.freedesktop.org/mailman/listinfo/systemd-devel
░░ 
░░ The unit dracut-initqueue.service has successfully entered the 'dead' state.
Jun 29 14:27:06 localhost systemd[1]: Stopped dracut initqueue hook.
░░ Subject: A stop job for unit dracut-initqueue.service has finished
░░ Defined-By: systemd
░░ Support: https://lists.freedesktop.org/mailman/listinfo/systemd-devel
░░ 
░░ A stop job for unit dracut-initqueue.service has finished.
░░ 
░░ The job identifier is 135 and the job result is done.
Jun 29 14:27:06 localhost systemd[1]: Starting Plymouth switch root service...
░░ Subject: A start job for unit plymouth-switch-root.service has begun execution
░░ Defined-By: systemd
░░ Support: https://lists.freedesktop.org/mailman/listinfo/systemd-devel
░░ 
░░ A start job for unit plymouth-switch-root.service has begun execution.
░░ 
░░ The job identifier is 106.
Jun 29 14:27:06 localhost systemd[1]: systemd-sysctl.service: Deactivated successfully.
░░ Subject: Unit succeeded
░░ Defined-By: systemd
░░ Support: https://lists.freedesktop.org/mailman/listinfo/systemd-devel
░░ 
░░ The unit systemd-sysctl.service has successfully entered the 'dead' state.
Jun 29 14:27:06 localhost systemd[1]: Stopped Apply Kernel Variables.
░░ Subject: A stop job for unit systemd-sysctl.service has finished
░░ Defined-By: systemd
░░ Support: https://lists.freedesktop.org/mailman/listinfo/systemd-devel
░░ 
░░ A stop job for unit systemd-sysctl.service has finished.
░░ 
░░ The job identifier is 127 and the job result is done.
Jun 29 14:27:06 localhost systemd[1]: systemd-modules-load.service: Deactivated successfully.
░░ Subject: Unit succeeded
░░ Defined-By: systemd
░░ Support: https://lists.freedesktop.org/mailman/listinfo/systemd-devel
░░ 
░░ The unit systemd-modules-load.service has successfully entered the 'dead' state.
Jun 29 14:27:06 localhost systemd[1]: Stopped Load Kernel Modules.
░░ Subject: A stop job for unit systemd-modules-load.service has finished
░░ Defined-By: systemd
░░ Support: https://lists.freedesktop.org/mailman/listinfo/systemd-devel
░░ 
░░ A stop job for unit systemd-modules-load.service has finished.
░░ 
░░ The job identifier is 137 and the job result is done.
Jun 29 14:27:06 localhost systemd[1]: systemd-tmpfiles-setup.service: Deactivated successfully.
░░ Subject: Unit succeeded
░░ Defined-By: systemd
░░ Support: https://lists.freedesktop.org/mailman/listinfo/systemd-devel
░░ 
░░ The unit systemd-tmpfiles-setup.service has successfully entered the 'dead' state.
Jun 29 14:27:06 localhost systemd[1]: Stopped Create Volatile Files and Directories.
░░ Subject: A stop job for unit systemd-tmpfiles-setup.service has finished
░░ Defined-By: systemd
░░ Support: https://lists.freedesktop.org/mailman/listinfo/systemd-devel
░░ 
░░ A stop job for unit systemd-tmpfiles-setup.service has finished.
░░ 
░░ The job identifier is 136 and the job result is done.
Jun 29 14:27:06 localhost systemd[1]: Stopped target Local File Systems.
░░ Subject: A stop job for unit local-fs.target has finished
░░ Defined-By: systemd
░░ Support: https://lists.freedesktop.org/mailman/listinfo/systemd-devel
░░ 
░░ A stop job for unit local-fs.target has finished.
░░ 
░░ The job identifier is 138 and the job result is done.
Jun 29 14:27:06 localhost systemd[1]: Stopped target Preparation for Local File Systems.
░░ Subject: A stop job for unit local-fs-pre.target has finished
░░ Defined-By: systemd
░░ Support: https://lists.freedesktop.org/mailman/listinfo/systemd-devel
░░ 
░░ A stop job for unit local-fs-pre.target has finished.
░░ 
░░ The job identifier is 146 and the job result is done.
Jun 29 14:27:06 localhost systemd[1]: systemd-udev-settle.service: Deactivated successfully.
░░ Subject: Unit succeeded
░░ Defined-By: systemd
░░ Support: https://lists.freedesktop.org/mailman/listinfo/systemd-devel
░░ 
░░ The unit systemd-udev-settle.service has successfully entered the 'dead' state.
Jun 29 14:27:06 localhost systemd[1]: Stopped Wait for udev To Complete Device Initialization.
░░ Subject: A stop job for unit systemd-udev-settle.service has finished
░░ Defined-By: systemd
░░ Support: https://lists.freedesktop.org/mailman/listinfo/systemd-devel
░░ 
░░ A stop job for unit systemd-udev-settle.service has finished.
░░ 
░░ The job identifier is 113 and the job result is done.
Jun 29 14:27:06 localhost systemd[1]: systemd-udev-trigger.service: Deactivated successfully.
░░ Subject: Unit succeeded
░░ Defined-By: systemd
░░ Support: https://lists.freedesktop.org/mailman/listinfo/systemd-devel
░░ 
░░ The unit systemd-udev-trigger.service has successfully entered the 'dead' state.
Jun 29 14:27:06 localhost systemd[1]: Stopped Coldplug All udev Devices.
░░ Subject: A stop job for unit systemd-udev-trigger.service has finished
░░ Defined-By: systemd
░░ Support: https://lists.freedesktop.org/mailman/listinfo/systemd-devel
░░ 
░░ A stop job for unit systemd-udev-trigger.service has finished.
░░ 
░░ The job identifier is 112 and the job result is done.
Jun 29 14:27:06 localhost systemd[1]: dracut-pre-trigger.service: Deactivated successfully.
░░ Subject: Unit succeeded
░░ Defined-By: systemd
░░ Support: https://lists.freedesktop.org/mailman/listinfo/systemd-devel
░░ 
░░ The unit dracut-pre-trigger.service has successfully entered the 'dead' state.
Jun 29 14:27:06 localhost systemd[1]: Stopped dracut pre-trigger hook.
░░ Subject: A stop job for unit dracut-pre-trigger.service has finished
░░ Defined-By: systemd
░░ Support: https://lists.freedesktop.org/mailman/listinfo/systemd-devel
░░ 
░░ A stop job for unit dracut-pre-trigger.service has finished.
░░ 
░░ The job identifier is 124 and the job result is done.
Jun 29 14:27:06 localhost systemd[1]: Stopping Rule-based Manager for Device Events and Files...
░░ Subject: A stop job for unit systemd-udevd.service has begun execution
░░ Defined-By: systemd
░░ Support: https://lists.freedesktop.org/mailman/listinfo/systemd-devel
░░ 
░░ A stop job for unit systemd-udevd.service has begun execution.
░░ 
░░ The job identifier is 114.
Jun 29 14:27:06 localhost systemd[1]: initrd-cleanup.service: Deactivated successfully.
░░ Subject: Unit succeeded
░░ Defined-By: systemd
░░ Support: https://lists.freedesktop.org/mailman/listinfo/systemd-devel
░░ 
░░ The unit initrd-cleanup.service has successfully entered the 'dead' state.
Jun 29 14:27:06 localhost systemd[1]: Finished Cleaning Up and Shutting Down Daemons.
░░ Subject: A start job for unit initrd-cleanup.service has finished successfully
░░ Defined-By: systemd
░░ Support: https://lists.freedesktop.org/mailman/listinfo/systemd-devel
░░ 
░░ A start job for unit initrd-cleanup.service has finished successfully.
░░ 
░░ The job identifier is 85.
Jun 29 14:27:06 localhost systemd[1]: Finished Plymouth switch root service.
░░ Subject: A start job for unit plymouth-switch-root.service has finished successfully
░░ Defined-By: systemd
░░ Support: https://lists.freedesktop.org/mailman/listinfo/systemd-devel
░░ 
░░ A start job for unit plymouth-switch-root.service has finished successfully.
░░ 
░░ The job identifier is 106.
Jun 29 14:27:06 localhost systemd[1]: systemd-udevd.service: Deactivated successfully.
░░ Subject: Unit succeeded
░░ Defined-By: systemd
░░ Support: https://lists.freedesktop.org/mailman/listinfo/systemd-devel
░░ 
░░ The unit systemd-udevd.service has successfully entered the 'dead' state.
Jun 29 14:27:06 localhost rngd[222]: [hwrng ]: Shutting down
Jun 29 14:27:06 localhost rngd[222]: [jitter]: Shutting down
Jun 29 14:27:06 localhost systemd[1]: Stopped Rule-based Manager for Device Events and Files.
░░ Subject: A stop job for unit systemd-udevd.service has finished
░░ Defined-By: systemd
░░ Support: https://lists.freedesktop.org/mailman/listinfo/systemd-devel
░░ 
░░ A stop job for unit systemd-udevd.service has finished.
░░ 
░░ The job identifier is 114 and the job result is done.
Jun 29 14:27:06 localhost systemd[1]: systemd-udevd-control.socket: Deactivated successfully.
░░ Subject: Unit succeeded
░░ Defined-By: systemd
░░ Support: https://lists.freedesktop.org/mailman/listinfo/systemd-devel
░░ 
░░ The unit systemd-udevd-control.socket has successfully entered the 'dead' state.
Jun 29 14:27:06 localhost systemd[1]: Closed udev Control Socket.
░░ Subject: A stop job for unit systemd-udevd-control.socket has finished
░░ Defined-By: systemd
░░ Support: https://lists.freedesktop.org/mailman/listinfo/systemd-devel
░░ 
░░ A stop job for unit systemd-udevd-control.socket has finished.
░░ 
░░ The job identifier is 111 and the job result is done.
Jun 29 14:27:06 localhost systemd[1]: systemd-udevd-kernel.socket: Deactivated successfully.
░░ Subject: Unit succeeded
░░ Defined-By: systemd
░░ Support: https://lists.freedesktop.org/mailman/listinfo/systemd-devel
░░ 
░░ The unit systemd-udevd-kernel.socket has successfully entered the 'dead' state.
Jun 29 14:27:06 localhost systemd[1]: Closed udev Kernel Socket.
░░ Subject: A stop job for unit systemd-udevd-kernel.socket has finished
░░ Defined-By: systemd
░░ Support: https://lists.freedesktop.org/mailman/listinfo/systemd-devel
░░ 
░░ A stop job for unit systemd-udevd-kernel.socket has finished.
░░ 
░░ The job identifier is 115 and the job result is done.
Jun 29 14:27:06 localhost systemd[1]: dracut-pre-udev.service: Deactivated successfully.
░░ Subject: Unit succeeded
░░ Defined-By: systemd
░░ Support: https://lists.freedesktop.org/mailman/listinfo/systemd-devel
░░ 
░░ The unit dracut-pre-udev.service has successfully entered the 'dead' state.
Jun 29 14:27:06 localhost systemd[1]: Stopped dracut pre-udev hook.
░░ Subject: A stop job for unit dracut-pre-udev.service has finished
░░ Defined-By: systemd
░░ Support: https://lists.freedesktop.org/mailman/listinfo/systemd-devel
░░ 
░░ A stop job for unit dracut-pre-udev.service has finished.
░░ 
░░ The job identifier is 123 and the job result is done.
Jun 29 14:27:06 localhost systemd[1]: dracut-cmdline.service: Deactivated successfully.
░░ Subject: Unit succeeded
░░ Defined-By: systemd
░░ Support: https://lists.freedesktop.org/mailman/listinfo/systemd-devel
░░ 
░░ The unit dracut-cmdline.service has successfully entered the 'dead' state.
Jun 29 14:27:06 localhost systemd[1]: Stopped dracut cmdline hook.
░░ Subject: A stop job for unit dracut-cmdline.service has finished
░░ Defined-By: systemd
░░ Support: https://lists.freedesktop.org/mailman/listinfo/systemd-devel
░░ 
░░ A stop job for unit dracut-cmdline.service has finished.
░░ 
░░ The job identifier is 134 and the job result is done.
Jun 29 14:27:06 localhost systemd[1]: dracut-cmdline-ask.service: Deactivated successfully.
░░ Subject: Unit succeeded
░░ Defined-By: systemd
░░ Support: https://lists.freedesktop.org/mailman/listinfo/systemd-devel
░░ 
░░ The unit dracut-cmdline-ask.service has successfully entered the 'dead' state.
Jun 29 14:27:06 localhost systemd[1]: Stopped dracut ask for additional cmdline parameters.
░░ Subject: A stop job for unit dracut-cmdline-ask.service has finished
░░ Defined-By: systemd
░░ Support: https://lists.freedesktop.org/mailman/listinfo/systemd-devel
░░ 
░░ A stop job for unit dracut-cmdline-ask.service has finished.
░░ 
░░ The job identifier is 131 and the job result is done.
Jun 29 14:27:06 localhost systemd[1]: Starting Cleanup udev Database...
░░ Subject: A start job for unit initrd-udevadm-cleanup-db.service has begun execution
░░ Defined-By: systemd
░░ Support: https://lists.freedesktop.org/mailman/listinfo/systemd-devel
░░ 
░░ A start job for unit initrd-udevadm-cleanup-db.service has begun execution.
░░ 
░░ The job identifier is 110.
Jun 29 14:27:06 localhost systemd[1]: Stopping Hardware RNG Entropy Gatherer Daemon...
░░ Subject: A stop job for unit rngd.service has begun execution
░░ Defined-By: systemd
░░ Support: https://lists.freedesktop.org/mailman/listinfo/systemd-devel
░░ 
░░ A stop job for unit rngd.service has begun execution.
░░ 
░░ The job identifier is 129.
Jun 29 14:27:06 localhost systemd[1]: systemd-tmpfiles-setup-dev.service: Deactivated successfully.
░░ Subject: Unit succeeded
░░ Defined-By: systemd
░░ Support: https://lists.freedesktop.org/mailman/listinfo/systemd-devel
░░ 
░░ The unit systemd-tmpfiles-setup-dev.service has successfully entered the 'dead' state.
Jun 29 14:27:06 localhost systemd[1]: Stopped Create Static Device Nodes in /dev.
░░ Subject: A stop job for unit systemd-tmpfiles-setup-dev.service has finished
░░ Defined-By: systemd
░░ Support: https://lists.freedesktop.org/mailman/listinfo/systemd-devel
░░ 
░░ A stop job for unit systemd-tmpfiles-setup-dev.service has finished.
░░ 
░░ The job identifier is 139 and the job result is done.
Jun 29 14:27:06 localhost systemd[1]: kmod-static-nodes.service: Deactivated successfully.
░░ Subject: Unit succeeded
░░ Defined-By: systemd
░░ Support: https://lists.freedesktop.org/mailman/listinfo/systemd-devel
░░ 
░░ The unit kmod-static-nodes.service has successfully entered the 'dead' state.
Jun 29 14:27:06 localhost systemd[1]: Stopped Create List of Static Device Nodes.
░░ Subject: A stop job for unit kmod-static-nodes.service has finished
░░ Defined-By: systemd
░░ Support: https://lists.freedesktop.org/mailman/listinfo/systemd-devel
░░ 
░░ A stop job for unit kmod-static-nodes.service has finished.
░░ 
░░ The job identifier is 128 and the job result is done.
Jun 29 14:27:06 localhost systemd[1]: initrd-udevadm-cleanup-db.service: Deactivated successfully.
░░ Subject: Unit succeeded
░░ Defined-By: systemd
░░ Support: https://lists.freedesktop.org/mailman/listinfo/systemd-devel
░░ 
░░ The unit initrd-udevadm-cleanup-db.service has successfully entered the 'dead' state.
Jun 29 14:27:06 localhost systemd[1]: Finished Cleanup udev Database.
░░ Subject: A start job for unit initrd-udevadm-cleanup-db.service has finished successfully
░░ Defined-By: systemd
░░ Support: https://lists.freedesktop.org/mailman/listinfo/systemd-devel
░░ 
░░ A start job for unit initrd-udevadm-cleanup-db.service has finished successfully.
░░ 
░░ The job identifier is 110.
Jun 29 14:27:06 localhost systemd[1]: Reached target Switch Root.
░░ Subject: A start job for unit initrd-switch-root.target has finished successfully
░░ Defined-By: systemd
░░ Support: https://lists.freedesktop.org/mailman/listinfo/systemd-devel
░░ 
░░ A start job for unit initrd-switch-root.target has finished successfully.
░░ 
░░ The job identifier is 89.
Jun 29 14:27:06 localhost systemd[1]: Starting Switch Root...
░░ Subject: A start job for unit initrd-switch-root.service has begun execution
░░ Defined-By: systemd
░░ Support: https://lists.freedesktop.org/mailman/listinfo/systemd-devel
░░ 
░░ A start job for unit initrd-switch-root.service has begun execution.
░░ 
░░ The job identifier is 104.
Jun 29 14:27:06 localhost systemctl[1196]: [systemctl --no-block switch-root /sysroot] called by PID 1 (/init)
Jun 29 14:27:06 localhost systemd[1]: Switching root.
Jun 29 14:27:06 localhost systemd-journald[223]: Journal stopped
░░ Subject: The journal has been stopped
░░ Defined-By: systemd
░░ Support: https://lists.freedesktop.org/mailman/listinfo/systemd-devel
░░ 
░░ The system journal process has shut down and closed all currently
░░ active journal files.
Jun 29 14:27:07 localhost systemd-journald[223]: Received SIGTERM from PID 1 (systemd).
Jun 29 14:27:07 localhost systemd[1]: systemd v249-49.oe2303 running in system mode (+PAM +AUDIT +SELINUX -APPARMOR +IMA -SMACK +SECCOMP +GCRYPT +GNUTLS -OPENSSL +ACL +BLKID -CURL -ELFUTILS -FIDO2 +IDN2 -IDN -IPTC +KMOD -LIBCRYPTSETUP +LIBFDISK +PCRE2 -PWQUALITY +P11KIT -QRENCODE +BZIP2 +LZ4 +XZ +ZLIB -ZSTD +XKBCOMMON +UTMP +SYSVINIT default-hierarchy=legacy)
Jun 29 14:27:07 localhost systemd[1]: Detected virtualization kvm.
Jun 29 14:27:07 localhost systemd[1]: Detected architecture x86-64.
Jun 29 14:27:07 localhost systemd-rc-local-generator[1207]: /etc/rc.d/rc.local is not marked executable, skipping.
Jun 29 14:27:07 localhost systemd[1]: /usr/lib/systemd/system/dbus.socket:5: ListenStream= references a path below legacy directory /var/run/, updating /var/run/dbus/system_bus_socket → /run/dbus/system_bus_socket; please update the unit file accordingly.
Jun 29 14:27:07 localhost systemd[1]: rngd.service: Current command vanished from the unit file, execution of the command list won't be resumed.
Jun 29 14:27:07 localhost systemd[1]: initrd-switch-root.service: Deactivated successfully.
Jun 29 14:27:07 localhost systemd[1]: Stopped Switch Root.
Jun 29 14:27:07 localhost systemd[1]: systemd-journald.service: Scheduled restart job, restart counter is at 1.
Jun 29 14:27:07 localhost systemd[1]: Created slice Slice /system/getty.
Jun 29 14:27:07 localhost systemd[1]: Created slice Slice /system/serial-getty.
Jun 29 14:27:07 localhost systemd[1]: Created slice Slice /system/sshd-keygen.
Jun 29 14:27:07 localhost systemd[1]: Created slice User and Session Slice.
Jun 29 14:27:07 localhost systemd[1]: systemd-ask-password-plymouth.path: Deactivated successfully.
Jun 29 14:27:07 localhost systemd[1]: Stopped systemd-ask-password-plymouth.path.
Jun 29 14:27:07 localhost systemd[1]: Started Forward Password Requests to Wall Directory Watch.
Jun 29 14:27:07 localhost systemd[1]: Set up automount Arbitrary Executable File Formats File System Automount Point.
Jun 29 14:27:07 localhost systemd[1]: Stopped target Switch Root.
Jun 29 14:27:07 localhost systemd[1]: Stopped target Initrd File Systems.
Jun 29 14:27:07 localhost systemd[1]: Stopped target Initrd Root File System.
Jun 29 14:27:07 localhost systemd[1]: Reached target Remote File Systems.
Jun 29 14:27:07 localhost systemd[1]: Reached target Slice Units.
Jun 29 14:27:07 localhost systemd[1]: Reached target Swaps.
Jun 29 14:27:07 localhost systemd[1]: Listening on Device-mapper event daemon FIFOs.
Jun 29 14:27:07 localhost systemd[1]: Listening on LVM2 poll daemon socket.
Jun 29 14:27:07 localhost systemd[1]: Listening on Process Core Dump Socket.
Jun 29 14:27:07 localhost systemd[1]: Listening on initctl Compatibility Named Pipe.
Jun 29 14:27:07 localhost systemd[1]: Listening on udev Control Socket.
Jun 29 14:27:07 localhost systemd[1]: Listening on udev Kernel Socket.
Jun 29 14:27:07 localhost systemd[1]: Mounting Huge Pages File System...
Jun 29 14:27:07 localhost systemd[1]: Mounting POSIX Message Queue File System...
Jun 29 14:27:07 localhost systemd[1]: Mounting Kernel Debug File System...
Jun 29 14:27:07 localhost systemd[1]: Mounting Kernel Trace File System...
Jun 29 14:27:07 localhost systemd[1]: Mounting Temporary Directory /tmp...
Jun 29 14:27:07 localhost systemd[1]: Starting Create List of Static Device Nodes...
Jun 29 14:27:07 localhost systemd[1]: Starting Monitoring of LVM2 mirrors, snapshots etc. using dmeventd or progress polling...
Jun 29 14:27:07 localhost systemd[1]: Starting Load Kernel Module configfs...
Jun 29 14:27:07 localhost systemd[1]: Starting Load Kernel Module drm...
Jun 29 14:27:07 localhost systemd[1]: Starting Load Kernel Module fuse...
Jun 29 14:27:07 localhost systemd[1]: Stopping plymouth-start.service...
Jun 29 14:27:07 localhost systemd[1]: plymouth-switch-root.service: Deactivated successfully.
Jun 29 14:27:07 localhost systemd[1]: Stopped plymouth-switch-root.service.
Jun 29 14:27:07 localhost systemd[1]: Condition check resulted in Set Up Additional Binary Formats being skipped.
Jun 29 14:27:07 localhost systemd[1]: systemd-fsck-root.service: Deactivated successfully.
Jun 29 14:27:07 localhost systemd[1]: Stopped File System Check on Root Device.
Jun 29 14:27:07 localhost systemd[1]: Stopped Journal Service.
Jun 29 14:27:07 localhost systemd[1]: Starting Journal Service...
Jun 29 14:27:07 localhost systemd[1]: Condition check resulted in Load Kernel Modules being skipped.
Jun 29 14:27:07 localhost systemd[1]: Starting Remount Root and Kernel File Systems...
Jun 29 14:27:07 localhost systemd[1]: Starting Apply Kernel Variables...
Jun 29 14:27:07 localhost systemd[1]: Starting Coldplug All udev Devices...
Jun 29 14:27:07 localhost systemd[1]: systemd-vconsole-setup.service: Deactivated successfully.
Jun 29 14:27:07 localhost systemd[1]: Stopped Setup Virtual Console.
Jun 29 14:27:07 localhost systemd-journald[1229]: Journal started
░░ Subject: The journal has been started
░░ Defined-By: systemd
░░ Support: https://lists.freedesktop.org/mailman/listinfo/systemd-devel
░░ 
░░ The system journal process has started up, opened the journal
░░ files for writing and is now ready to process requests.
Jun 29 14:27:07 localhost systemd-journald[1229]: Runtime Journal (/run/log/journal/c78e8c10bbba4687b4aa7ab68adfb5e8) is 8.0M, max 79.5M, 71.5M free.
░░ Subject: Disk space used by the journal
░░ Defined-By: systemd
░░ Support: https://lists.freedesktop.org/mailman/listinfo/systemd-devel
░░ 
░░ Runtime Journal (/run/log/journal/c78e8c10bbba4687b4aa7ab68adfb5e8) is currently using 8.0M.
░░ Maximum allowed usage is set to 79.5M.
░░ Leaving at least 39.7M free (of currently available 742.6M of disk space).
░░ Enforced usage limit is thus 79.5M, of which 71.5M are still available.
░░ 
░░ The limits controlling how much disk space is used by the journal may
░░ be configured with SystemMaxUse=, SystemKeepFree=, SystemMaxFileSize=,
░░ RuntimeMaxUse=, RuntimeKeepFree=, RuntimeMaxFileSize= settings in
░░ /etc/systemd/journald.conf. See journald.conf(5) for details.
Jun 29 14:27:07 localhost systemd[1]: Queued start job for default target Multi-User System.
Jun 29 14:27:07 localhost systemd[1]: systemd-journald.service: unit configures an IP firewall, but the local system does not support BPF/cgroup firewalling.
Jun 29 14:27:07 localhost systemd[1]: (This warning is only shown for the first unit using IP firewalling.)
Jun 29 14:27:07 localhost systemd[1]: rngd.service: Deactivated successfully.
░░ Subject: Unit succeeded
░░ Defined-By: systemd
░░ Support: https://lists.freedesktop.org/mailman/listinfo/systemd-devel
░░ 
░░ The unit rngd.service has successfully entered the 'dead' state.
Jun 29 14:27:07 localhost systemd[1]: Stopped rngd.service.
░░ Subject: A stop job for unit rngd.service has finished
░░ Defined-By: systemd
░░ Support: https://lists.freedesktop.org/mailman/listinfo/systemd-devel
░░ 
░░ A stop job for unit rngd.service has finished.
░░ 
░░ The job identifier is 261 and the job result is done.
Jun 29 14:27:07 localhost systemd[1]: systemd-journald.service: Deactivated successfully.
░░ Subject: Unit succeeded
░░ Defined-By: systemd
░░ Support: https://lists.freedesktop.org/mailman/listinfo/systemd-devel
░░ 
░░ The unit systemd-journald.service has successfully entered the 'dead' state.
Jun 29 14:27:07 localhost systemd[1]: Started Journal Service.
Jun 29 14:27:07 localhost systemd[1]: plymouth-start.service: Deactivated successfully.
░░ Subject: Unit succeeded
░░ Defined-By: systemd
░░ Support: https://lists.freedesktop.org/mailman/listinfo/systemd-devel
░░ 
░░ The unit plymouth-start.service has successfully entered the 'dead' state.
Jun 29 14:27:07 localhost systemd[1]: Stopped plymouth-start.service.
░░ Subject: A stop job for unit plymouth-start.service has finished
░░ Defined-By: systemd
░░ Support: https://lists.freedesktop.org/mailman/listinfo/systemd-devel
░░ 
░░ A stop job for unit plymouth-start.service has finished.
░░ 
░░ The job identifier is 255 and the job result is done.
Jun 29 14:27:07 localhost systemd[1]: Mounted Huge Pages File System.
░░ Subject: A start job for unit dev-hugepages.mount has finished successfully
░░ Defined-By: systemd
░░ Support: https://lists.freedesktop.org/mailman/listinfo/systemd-devel
░░ 
░░ A start job for unit dev-hugepages.mount has finished successfully.
░░ 
░░ The job identifier is 195.
Jun 29 14:27:07 localhost systemd[1]: Mounted POSIX Message Queue File System.
░░ Subject: A start job for unit dev-mqueue.mount has finished successfully
░░ Defined-By: systemd
░░ Support: https://lists.freedesktop.org/mailman/listinfo/systemd-devel
░░ 
░░ A start job for unit dev-mqueue.mount has finished successfully.
░░ 
░░ The job identifier is 185.
Jun 29 14:27:07 localhost systemd[1]: Mounted Kernel Debug File System.
░░ Subject: A start job for unit sys-kernel-debug.mount has finished successfully
░░ Defined-By: systemd
░░ Support: https://lists.freedesktop.org/mailman/listinfo/systemd-devel
░░ 
░░ A start job for unit sys-kernel-debug.mount has finished successfully.
░░ 
░░ The job identifier is 182.
Jun 29 14:27:07 localhost systemd[1]: Mounted Kernel Trace File System.
░░ Subject: A start job for unit sys-kernel-tracing.mount has finished successfully
░░ Defined-By: systemd
