Jul 06 13:33:04 openeuler-riscv64 systemd[1]: Starting D-Bus System Message Bus...
░░ Subject: A start job for unit dbus.service has begun execution
░░ Defined-By: systemd
░░ Support: https://lists.freedesktop.org/mailman/listinfo/systemd-devel
░░ 
░░ A start job for unit dbus.service has begun execution.
░░ 
░░ The job identifier is 80.
Jul 06 13:33:04 openeuler-riscv64 systemd[1]: Starting Update RTC With System Clock...
░░ Subject: A start job for unit hwclock-save.service has begun execution
░░ Defined-By: systemd
░░ Support: https://lists.freedesktop.org/mailman/listinfo/systemd-devel
░░ 
░░ A start job for unit hwclock-save.service has begun execution.
░░ 
░░ The job identifier is 22.
Jul 06 13:33:04 openeuler-riscv64 systemd[1]: Started resize rootfs.
░░ Subject: A start job for unit resize-rootfs.service has finished successfully
░░ Defined-By: systemd
░░ Support: https://lists.freedesktop.org/mailman/listinfo/systemd-devel
░░ 
░░ A start job for unit resize-rootfs.service has finished successfully.
░░ 
░░ The job identifier is 100.
Jul 06 13:33:04 openeuler-riscv64 systemd[1]: Condition check resulted in OpenSSH ecdsa Server Key Generation being skipped.
░░ Subject: A start job for unit sshd-keygen@ecdsa.service has finished successfully
░░ Defined-By: systemd
░░ Support: https://lists.freedesktop.org/mailman/listinfo/systemd-devel
░░ 
░░ A start job for unit sshd-keygen@ecdsa.service has finished successfully.
░░ 
░░ The job identifier is 85.
Jul 06 13:33:04 openeuler-riscv64 systemd[1]: Condition check resulted in OpenSSH ed25519 Server Key Generation being skipped.
░░ Subject: A start job for unit sshd-keygen@ed25519.service has finished successfully
░░ Defined-By: systemd
░░ Support: https://lists.freedesktop.org/mailman/listinfo/systemd-devel
░░ 
░░ A start job for unit sshd-keygen@ed25519.service has finished successfully.
░░ 
░░ The job identifier is 86.
Jul 06 13:33:04 openeuler-riscv64 systemd[1]: Condition check resulted in OpenSSH rsa Server Key Generation being skipped.
░░ Subject: A start job for unit sshd-keygen@rsa.service has finished successfully
░░ Defined-By: systemd
░░ Support: https://lists.freedesktop.org/mailman/listinfo/systemd-devel
░░ 
░░ A start job for unit sshd-keygen@rsa.service has finished successfully.
░░ 
░░ The job identifier is 83.
Jul 06 13:33:04 openeuler-riscv64 systemd[1]: Reached target sshd-keygen.target.
░░ Subject: A start job for unit sshd-keygen.target has finished successfully
░░ Defined-By: systemd
░░ Support: https://lists.freedesktop.org/mailman/listinfo/systemd-devel
░░ 
░░ A start job for unit sshd-keygen.target has finished successfully.
░░ 
░░ The job identifier is 82.
Jul 06 13:33:04 openeuler-riscv64 systemd[1]: Starting User Login Management...
░░ Subject: A start job for unit systemd-logind.service has begun execution
░░ Defined-By: systemd
░░ Support: https://lists.freedesktop.org/mailman/listinfo/systemd-devel
░░ 
░░ A start job for unit systemd-logind.service has begun execution.
░░ 
░░ The job identifier is 77.
Jul 06 13:33:04 openeuler-riscv64 systemd[1]: Finished Update RTC With System Clock.
░░ Subject: A start job for unit hwclock-save.service has finished successfully
░░ Defined-By: systemd
░░ Support: https://lists.freedesktop.org/mailman/listinfo/systemd-devel
░░ 
░░ A start job for unit hwclock-save.service has finished successfully.
░░ 
░░ The job identifier is 22.
Jul 06 13:33:05 openeuler-riscv64 systemd[1]: Started D-Bus System Message Bus.
░░ Subject: A start job for unit dbus.service has finished successfully
░░ Defined-By: systemd
░░ Support: https://lists.freedesktop.org/mailman/listinfo/systemd-devel
░░ 
░░ A start job for unit dbus.service has finished successfully.
░░ 
░░ The job identifier is 80.
Jul 06 13:33:05 openeuler-riscv64 systemd[1]: Starting Network Manager...
░░ Subject: A start job for unit NetworkManager.service has begun execution
░░ Defined-By: systemd
░░ Support: https://lists.freedesktop.org/mailman/listinfo/systemd-devel
░░ 
░░ A start job for unit NetworkManager.service has begun execution.
░░ 
░░ The job identifier is 71.
Jul 06 13:33:06 openeuler-riscv64 systemd-logind[311]: New seat seat0.
░░ Subject: A new seat seat0 is now available
░░ Defined-By: systemd
░░ Support: https://lists.freedesktop.org/mailman/listinfo/systemd-devel
░░ Documentation: sd-login(3)
░░ 
░░ A new seat seat0 has been configured and is now available.
Jul 06 13:33:06 openeuler-riscv64 systemd-logind[311]: Watching system buttons on /dev/input/event0 (QEMU QEMU USB Keyboard)
Jul 06 13:33:06 openeuler-riscv64 systemd[1]: Started User Login Management.
░░ Subject: A start job for unit systemd-logind.service has finished successfully
░░ Defined-By: systemd
░░ Support: https://lists.freedesktop.org/mailman/listinfo/systemd-devel
░░ 
░░ A start job for unit systemd-logind.service has finished successfully.
░░ 
░░ The job identifier is 77.
Jul 06 13:33:06 openeuler-riscv64 NetworkManager[313]: <info>  [1688621586.5200] NetworkManager (version 1.32.12-16.oe2303) is starting... (for the first time)
Jul 06 13:33:06 openeuler-riscv64 NetworkManager[313]: <info>  [1688621586.5263] Read config: /etc/NetworkManager/NetworkManager.conf
Jul 06 13:33:06 openeuler-riscv64 systemd[1]: Started Network Manager.
░░ Subject: A start job for unit NetworkManager.service has finished successfully
░░ Defined-By: systemd
░░ Support: https://lists.freedesktop.org/mailman/listinfo/systemd-devel
░░ 
░░ A start job for unit NetworkManager.service has finished successfully.
░░ 
░░ The job identifier is 71.
Jul 06 13:33:06 openeuler-riscv64 NetworkManager[313]: <info>  [1688621586.6244] bus-manager: acquired D-Bus service "org.freedesktop.NetworkManager"
Jul 06 13:33:06 openeuler-riscv64 systemd[1]: Reached target Network.
░░ Subject: A start job for unit network.target has finished successfully
░░ Defined-By: systemd
░░ Support: https://lists.freedesktop.org/mailman/listinfo/systemd-devel
░░ 
░░ A start job for unit network.target has finished successfully.
░░ 
░░ The job identifier is 72.
Jul 06 13:33:06 openeuler-riscv64 systemd[1]: Starting Network Manager Wait Online...
░░ Subject: A start job for unit NetworkManager-wait-online.service has begun execution
░░ Defined-By: systemd
░░ Support: https://lists.freedesktop.org/mailman/listinfo/systemd-devel
░░ 
░░ A start job for unit NetworkManager-wait-online.service has begun execution.
░░ 
░░ The job identifier is 70.
Jul 06 13:33:06 openeuler-riscv64 systemd[1]: Starting OpenSSH server daemon...
░░ Subject: A start job for unit sshd.service has begun execution
░░ Defined-By: systemd
░░ Support: https://lists.freedesktop.org/mailman/listinfo/systemd-devel
░░ 
░░ A start job for unit sshd.service has begun execution.
░░ 
░░ The job identifier is 81.
Jul 06 13:33:06 openeuler-riscv64 systemd[1]: Starting Permit User Sessions...
░░ Subject: A start job for unit systemd-user-sessions.service has begun execution
░░ Defined-By: systemd
░░ Support: https://lists.freedesktop.org/mailman/listinfo/systemd-devel
░░ 
░░ A start job for unit systemd-user-sessions.service has begun execution.
░░ 
░░ The job identifier is 97.
Jul 06 13:33:06 openeuler-riscv64 NetworkManager[313]: <info>  [1688621586.8685] manager[0x2ac9a530b0]: monitoring kernel firmware directory '/lib/firmware'.
Jul 06 13:33:06 openeuler-riscv64 dbus-daemon[307]: [system] Activating via systemd: service name='org.freedesktop.hostname1' unit='dbus-org.freedesktop.hostname1.service' requested by ':1.3' (uid=0 pid=313 comm="/usr/sbin/NetworkManager --no-daemon")
Jul 06 13:33:07 openeuler-riscv64 systemd[1]: Starting Hostname Service...
░░ Subject: A start job for unit systemd-hostnamed.service has begun execution
░░ Defined-By: systemd
░░ Support: https://lists.freedesktop.org/mailman/listinfo/systemd-devel
░░ 
░░ A start job for unit systemd-hostnamed.service has begun execution.
░░ 
░░ The job identifier is 107.
Jul 06 13:33:07 openeuler-riscv64 systemd[1]: Finished Permit User Sessions.
░░ Subject: A start job for unit systemd-user-sessions.service has finished successfully
░░ Defined-By: systemd
░░ Support: https://lists.freedesktop.org/mailman/listinfo/systemd-devel
░░ 
░░ A start job for unit systemd-user-sessions.service has finished successfully.
░░ 
░░ The job identifier is 97.
Jul 06 13:33:07 openeuler-riscv64 systemd[1]: Started Command Scheduler.
░░ Subject: A start job for unit crond.service has finished successfully
░░ Defined-By: systemd
░░ Support: https://lists.freedesktop.org/mailman/listinfo/systemd-devel
░░ 
░░ A start job for unit crond.service has finished successfully.
░░ 
░░ The job identifier is 76.
Jul 06 13:33:07 openeuler-riscv64 systemd[1]: Started Getty on tty1.
░░ Subject: A start job for unit getty@tty1.service has finished successfully
░░ Defined-By: systemd
░░ Support: https://lists.freedesktop.org/mailman/listinfo/systemd-devel
░░ 
░░ A start job for unit getty@tty1.service has finished successfully.
░░ 
░░ The job identifier is 93.
Jul 06 13:33:07 openeuler-riscv64 crond[324]: (CRON) STARTUP (1.6.1)
Jul 06 13:33:07 openeuler-riscv64 crond[324]: (CRON) INFO (Syslog will be used instead of sendmail.)
Jul 06 13:33:07 openeuler-riscv64 crond[324]: (CRON) INFO (RANDOM_DELAY will be scaled with factor 80% if used.)
Jul 06 13:33:07 openeuler-riscv64 crond[324]: (CRON) INFO (running with inotify support)
Jul 06 13:33:07 openeuler-riscv64 systemd[1]: Started Serial Getty on ttyS0.
░░ Subject: A start job for unit serial-getty@ttyS0.service has finished successfully
░░ Defined-By: systemd
░░ Support: https://lists.freedesktop.org/mailman/listinfo/systemd-devel
░░ 
░░ A start job for unit serial-getty@ttyS0.service has finished successfully.
░░ 
░░ The job identifier is 88.
Jul 06 13:33:07 openeuler-riscv64 systemd[1]: Reached target Login Prompts.
░░ Subject: A start job for unit getty.target has finished successfully
░░ Defined-By: systemd
░░ Support: https://lists.freedesktop.org/mailman/listinfo/systemd-devel
░░ 
░░ A start job for unit getty.target has finished successfully.
░░ 
░░ The job identifier is 87.
Jul 06 13:33:07 openeuler-riscv64 sshd[317]: Server listening on 0.0.0.0 port 22.
Jul 06 13:33:07 openeuler-riscv64 sshd[317]: Server listening on :: port 22.
Jul 06 13:33:07 openeuler-riscv64 systemd[1]: Started OpenSSH server daemon.
░░ Subject: A start job for unit sshd.service has finished successfully
░░ Defined-By: systemd
░░ Support: https://lists.freedesktop.org/mailman/listinfo/systemd-devel
░░ 
░░ A start job for unit sshd.service has finished successfully.
░░ 
░░ The job identifier is 81.
Jul 06 13:33:07 openeuler-riscv64 systemd[1]: Reached target Multi-User System.
░░ Subject: A start job for unit multi-user.target has finished successfully
░░ Defined-By: systemd
░░ Support: https://lists.freedesktop.org/mailman/listinfo/systemd-devel
░░ 
░░ A start job for unit multi-user.target has finished successfully.
░░ 
░░ The job identifier is 2.
Jul 06 13:33:07 openeuler-riscv64 systemd[1]: Reached target Graphical Interface.
░░ Subject: A start job for unit graphical.target has finished successfully
░░ Defined-By: systemd
░░ Support: https://lists.freedesktop.org/mailman/listinfo/systemd-devel
░░ 
░░ A start job for unit graphical.target has finished successfully.
░░ 
░░ The job identifier is 1.
Jul 06 13:33:07 openeuler-riscv64 systemd[1]: Starting Record Runlevel Change in UTMP...
░░ Subject: A start job for unit systemd-update-utmp-runlevel.service has begun execution
░░ Defined-By: systemd
░░ Support: https://lists.freedesktop.org/mailman/listinfo/systemd-devel
░░ 
░░ A start job for unit systemd-update-utmp-runlevel.service has begun execution.
░░ 
░░ The job identifier is 98.
Jul 06 13:33:07 openeuler-riscv64 systemd[1]: systemd-update-utmp-runlevel.service: Deactivated successfully.
░░ Subject: Unit succeeded
░░ Defined-By: systemd
░░ Support: https://lists.freedesktop.org/mailman/listinfo/systemd-devel
░░ 
░░ The unit systemd-update-utmp-runlevel.service has successfully entered the 'dead' state.
Jul 06 13:33:07 openeuler-riscv64 systemd[1]: Finished Record Runlevel Change in UTMP.
░░ Subject: A start job for unit systemd-update-utmp-runlevel.service has finished successfully
░░ Defined-By: systemd
░░ Support: https://lists.freedesktop.org/mailman/listinfo/systemd-devel
░░ 
░░ A start job for unit systemd-update-utmp-runlevel.service has finished successfully.
░░ 
░░ The job identifier is 98.
Jul 06 13:33:08 openeuler-riscv64 dbus-daemon[307]: [system] Successfully activated service 'org.freedesktop.hostname1'
Jul 06 13:33:08 openeuler-riscv64 systemd[1]: Started Hostname Service.
░░ Subject: A start job for unit systemd-hostnamed.service has finished successfully
░░ Defined-By: systemd
░░ Support: https://lists.freedesktop.org/mailman/listinfo/systemd-devel
░░ 
░░ A start job for unit systemd-hostnamed.service has finished successfully.
░░ 
░░ The job identifier is 107.
Jul 06 13:33:08 openeuler-riscv64 NetworkManager[313]: <info>  [1688621588.7268] hostname: hostname: using hostnamed
Jul 06 13:33:08 openeuler-riscv64 NetworkManager[313]: <info>  [1688621588.7279] hostname: hostname changed from (none) to "openeuler-riscv64"
Jul 06 13:33:08 openeuler-riscv64 NetworkManager[313]: <info>  [1688621588.7401] dns-mgr[0x2ac9a37250]: init: dns=default rc-manager=symlink
Jul 06 13:33:08 openeuler-riscv64 NetworkManager[313]: <info>  [1688621588.8632] Loaded device plugin: NMAtmManager (/usr/lib64/NetworkManager/1.32.12-16.oe2303/libnm-device-plugin-adsl.so)
Jul 06 13:33:08 openeuler-riscv64 NetworkManager[313]: <info>  [1688621588.8858] Loaded device plugin: NMTeamFactory (/usr/lib64/NetworkManager/1.32.12-16.oe2303/libnm-device-plugin-team.so)
Jul 06 13:33:08 openeuler-riscv64 NetworkManager[313]: <info>  [1688621588.8977] Loaded device plugin: NMWifiFactory (/usr/lib64/NetworkManager/1.32.12-16.oe2303/libnm-device-plugin-wifi.so)
Jul 06 13:33:08 openeuler-riscv64 NetworkManager[313]: <info>  [1688621588.9018] manager: rfkill: Wi-Fi enabled by radio killswitch; enabled by state file
Jul 06 13:33:08 openeuler-riscv64 NetworkManager[313]: <info>  [1688621588.9041] manager: rfkill: WWAN enabled by radio killswitch; enabled by state file
Jul 06 13:33:08 openeuler-riscv64 NetworkManager[313]: <info>  [1688621588.9052] manager: Networking is enabled by state file
Jul 06 13:33:08 openeuler-riscv64 dbus-daemon[307]: [system] Activating via systemd: service name='org.freedesktop.nm_dispatcher' unit='dbus-org.freedesktop.nm-dispatcher.service' requested by ':1.3' (uid=0 pid=313 comm="/usr/sbin/NetworkManager --no-daemon")
Jul 06 13:33:08 openeuler-riscv64 NetworkManager[313]: <info>  [1688621588.9133] dhcp-init: default DHCP client 'dhclient' is not available
Jul 06 13:33:08 openeuler-riscv64 NetworkManager[313]: <info>  [1688621588.9145] dhcp-init: Using DHCP client 'internal'
Jul 06 13:33:08 openeuler-riscv64 NetworkManager[313]: <info>  [1688621588.9397] settings: Loaded settings plugin: ifcfg-rh ("/usr/lib64/NetworkManager/1.32.12-16.oe2303/libnm-settings-plugin-ifcfg-rh.so")
Jul 06 13:33:08 openeuler-riscv64 NetworkManager[313]: <info>  [1688621588.9422] settings: Loaded settings plugin: keyfile (internal)
Jul 06 13:33:08 openeuler-riscv64 systemd[1]: Starting Network Manager Script Dispatcher Service...
░░ Subject: A start job for unit NetworkManager-dispatcher.service has begun execution
░░ Defined-By: systemd
░░ Support: https://lists.freedesktop.org/mailman/listinfo/systemd-devel
░░ 
░░ A start job for unit NetworkManager-dispatcher.service has begun execution.
░░ 
░░ The job identifier is 173.
Jul 06 13:33:08 openeuler-riscv64 NetworkManager[313]: <info>  [1688621588.9907] device (lo): carrier: link connected
Jul 06 13:33:09 openeuler-riscv64 NetworkManager[313]: <info>  [1688621589.0008] manager: (lo): new Generic device (/org/freedesktop/NetworkManager/Devices/1)
Jul 06 13:33:09 openeuler-riscv64 NetworkManager[313]: <info>  [1688621589.0305] manager: (eth0): new Ethernet device (/org/freedesktop/NetworkManager/Devices/2)
Jul 06 13:33:09 openeuler-riscv64 NetworkManager[313]: <info>  [1688621589.1331] settings: (eth0): created default wired connection 'Wired connection 1'
Jul 06 13:33:09 openeuler-riscv64 NetworkManager[313]: <info>  [1688621589.1558] device (eth0): state change: unmanaged -> unavailable (reason 'managed', sys-iface-state: 'external')
Jul 06 13:33:09 openeuler-riscv64 NetworkManager[313]: <info>  [1688621589.1794] device (eth0): carrier: link connected
Jul 06 13:33:09 openeuler-riscv64 NetworkManager[313]: <info>  [1688621589.2327] manager: (sit0): new IPTunnel device (/org/freedesktop/NetworkManager/Devices/3)
Jul 06 13:33:09 openeuler-riscv64 dbus-daemon[307]: [system] Successfully activated service 'org.freedesktop.nm_dispatcher'
Jul 06 13:33:09 openeuler-riscv64 systemd[1]: Started Network Manager Script Dispatcher Service.
░░ Subject: A start job for unit NetworkManager-dispatcher.service has finished successfully
░░ Defined-By: systemd
░░ Support: https://lists.freedesktop.org/mailman/listinfo/systemd-devel
░░ 
░░ A start job for unit NetworkManager-dispatcher.service has finished successfully.
░░ 
░░ The job identifier is 173.
Jul 06 13:33:09 openeuler-riscv64 NetworkManager[313]: <info>  [1688621589.2997] device (eth0): state change: unavailable -> disconnected (reason 'none', sys-iface-state: 'managed')
Jul 06 13:33:09 openeuler-riscv64 NetworkManager[313]: <info>  [1688621589.3189] policy: auto-activating connection 'Wired connection 1' (c1c54ef0-a1fe-3e7a-9c77-29995cc0060d)
Jul 06 13:33:09 openeuler-riscv64 NetworkManager[313]: <info>  [1688621589.3380] device (eth0): Activation: starting connection 'Wired connection 1' (c1c54ef0-a1fe-3e7a-9c77-29995cc0060d)
Jul 06 13:33:09 openeuler-riscv64 NetworkManager[313]: <info>  [1688621589.3409] device (eth0): state change: disconnected -> prepare (reason 'none', sys-iface-state: 'managed')
Jul 06 13:33:09 openeuler-riscv64 NetworkManager[313]: <info>  [1688621589.3464] manager: NetworkManager state is now CONNECTING
Jul 06 13:33:09 openeuler-riscv64 NetworkManager[313]: <info>  [1688621589.3773] device (eth0): state change: prepare -> config (reason 'none', sys-iface-state: 'managed')
Jul 06 13:33:09 openeuler-riscv64 NetworkManager[313]: <info>  [1688621589.4211] device (eth0): state change: config -> ip-config (reason 'none', sys-iface-state: 'managed')
Jul 06 13:33:09 openeuler-riscv64 NetworkManager[313]: <info>  [1688621589.4493] dhcp4 (eth0): activation: beginning transaction (timeout in 45 seconds)
Jul 06 13:33:09 openeuler-riscv64 NetworkManager[313]: <info>  [1688621589.5675] dhcp4 (eth0): state changed unknown -> bound, address=10.0.2.15
Jul 06 13:33:09 openeuler-riscv64 NetworkManager[313]: <info>  [1688621589.6134] device (eth0): state change: ip-config -> ip-check (reason 'none', sys-iface-state: 'managed')
Jul 06 13:33:09 openeuler-riscv64 NetworkManager[313]: <info>  [1688621589.7677] device (eth0): state change: ip-check -> secondaries (reason 'none', sys-iface-state: 'managed')
Jul 06 13:33:09 openeuler-riscv64 NetworkManager[313]: <info>  [1688621589.7707] device (eth0): state change: secondaries -> activated (reason 'none', sys-iface-state: 'managed')
Jul 06 13:33:09 openeuler-riscv64 NetworkManager[313]: <info>  [1688621589.7790] manager: NetworkManager state is now CONNECTED_LOCAL
Jul 06 13:33:09 openeuler-riscv64 NetworkManager[313]: <info>  [1688621589.7916] manager: NetworkManager state is now CONNECTED_SITE
Jul 06 13:33:09 openeuler-riscv64 NetworkManager[313]: <info>  [1688621589.7943] policy: set 'Wired connection 1' (eth0) as default for IPv4 routing and DNS
Jul 06 13:33:09 openeuler-riscv64 NetworkManager[313]: <info>  [1688621589.8333] device (eth0): Activation: successful, device activated.
Jul 06 13:33:09 openeuler-riscv64 NetworkManager[313]: <info>  [1688621589.8479] manager: NetworkManager state is now CONNECTED_GLOBAL
Jul 06 13:33:09 openeuler-riscv64 NetworkManager[313]: <info>  [1688621589.8626] manager: startup complete
Jul 06 13:33:09 openeuler-riscv64 systemd[1]: Finished Network Manager Wait Online.
░░ Subject: A start job for unit NetworkManager-wait-online.service has finished successfully
░░ Defined-By: systemd
░░ Support: https://lists.freedesktop.org/mailman/listinfo/systemd-devel
░░ 
░░ A start job for unit NetworkManager-wait-online.service has finished successfully.
░░ 
░░ The job identifier is 70.
Jul 06 13:33:09 openeuler-riscv64 systemd[1]: Reached target Network is Online.
░░ Subject: A start job for unit network-online.target has finished successfully
░░ Defined-By: systemd
░░ Support: https://lists.freedesktop.org/mailman/listinfo/systemd-devel
░░ 
░░ A start job for unit network-online.target has finished successfully.
░░ 
░░ The job identifier is 69.
Jul 06 13:33:09 openeuler-riscv64 systemd[1]: Startup finished in 2.798s (kernel) + 16.771s (userspace) = 19.570s.
░░ Subject: System start-up is now complete
░░ Defined-By: systemd
░░ Support: https://lists.freedesktop.org/mailman/listinfo/systemd-devel
░░ 
░░ All system services necessary queued for starting at boot have been
░░ started. Note that this does not mean that the machine is now idle as services
░░ might still be busy with completing start-up.
░░ 
░░ Kernel start-up required 2798753 microseconds.
░░ 
░░ Initial RAM disk start-up required INITRD_USEC microseconds.
░░ 
░░ Userspace start-up required 16771658 microseconds.
Jul 06 13:33:10 openeuler-riscv64 NetworkManager[313]: <info>  [1688621590.9910] policy: set 'Wired connection 1' (eth0) as default for IPv6 routing and DNS
Jul 06 13:33:20 openeuler-riscv64 systemd[1]: NetworkManager-dispatcher.service: Deactivated successfully.
░░ Subject: Unit succeeded
░░ Defined-By: systemd
░░ Support: https://lists.freedesktop.org/mailman/listinfo/systemd-devel
░░ 
░░ The unit NetworkManager-dispatcher.service has successfully entered the 'dead' state.
Jul 06 13:33:27 openeuler-riscv64 login[327]: pam_unix(login:session): session opened for user root(uid=0) by LOGIN(uid=0)
Jul 06 13:33:27 openeuler-riscv64 login[327]: DIALUP AT ttyS0 BY root
Jul 06 13:33:27 openeuler-riscv64 login[327]: ROOT LOGIN ON ttyS0
Jul 06 13:33:36 openeuler-riscv64 systemd[1]: Time has been changed
░░ Subject: Time change
░░ Defined-By: systemd
░░ Support: https://lists.freedesktop.org/mailman/listinfo/systemd-devel
░░ 
░░ The system clock has been changed to REALTIME microseconds after January 1st, 1970.
Jul 06 13:33:36 openeuler-riscv64 systemd-timesyncd[302]: Initial synchronization to time server 203.107.6.88:123 (ntp.aliyun.com).
Jul 06 13:33:37 openeuler-riscv64 sudo[408]:     root : TTY=ttyS0 ; PWD=/root ; USER=root ; COMMAND=/usr/bin/dnf install lshq
Jul 06 13:33:37 openeuler-riscv64 sudo[408]: pam_unix(sudo:session): session opened for user root(uid=0) by root(uid=0)
Jul 06 13:33:38 openeuler-riscv64 sudo[408]: pam_unix(sudo:session): session closed for user root
Jul 06 13:33:39 openeuler-riscv64 sudo[410]:     root : TTY=ttyS0 ; PWD=/root ; USER=root ; COMMAND=/usr/bin/dnf install lshw
Jul 06 13:33:39 openeuler-riscv64 sudo[410]: pam_unix(sudo:session): session opened for user root(uid=0) by root(uid=0)
Jul 06 13:33:59 openeuler-riscv64 [RPM][411]: Transaction ID 64a65247 started
Jul 06 13:33:59 openeuler-riscv64 systemd[1]: systemd-hostnamed.service: Deactivated successfully.
░░ Subject: Unit succeeded
░░ Defined-By: systemd
░░ Support: https://lists.freedesktop.org/mailman/listinfo/systemd-devel
░░ 
░░ The unit systemd-hostnamed.service has successfully entered the 'dead' state.
Jul 06 13:34:03 openeuler-riscv64 [RPM][411]: install hwdata-0.366-1.oe2303.noarch: success
Jul 06 13:34:04 openeuler-riscv64 [RPM][411]: install lshw-B.02.19.2-2.oe2303.riscv64: success
Jul 06 13:34:04 openeuler-riscv64 [RPM][411]: install hwdata-0.366-1.oe2303.noarch: success
Jul 06 13:34:04 openeuler-riscv64 [RPM][411]: install lshw-B.02.19.2-2.oe2303.riscv64: success
Jul 06 13:34:04 openeuler-riscv64 [RPM][411]: Transaction ID 64a65247 finished: 0
Jul 06 13:34:07 openeuler-riscv64 sudo[410]: pam_unix(sudo:session): session closed for user root
Jul 06 13:34:35 openeuler-riscv64 sudo[425]:     root : TTY=ttyS0 ; PWD=/root ; USER=root ; COMMAND=/usr/bin/dnf upgrade
Jul 06 13:34:35 openeuler-riscv64 sudo[425]: pam_unix(sudo:session): session opened for user root(uid=0) by root(uid=0)
Jul 06 13:34:44 openeuler-riscv64 sudo[425]: pam_unix(sudo:session): session closed for user root
Jul 06 13:34:48 openeuler-riscv64 poweroff[427]: [poweroff] called by PID 347 (-bash)
Jul 06 13:34:48 openeuler-riscv64 systemd[1]: Removed slice Slice /system/modprobe.
░░ Subject: A stop job for unit system-modprobe.slice has finished
░░ Defined-By: systemd
░░ Support: https://lists.freedesktop.org/mailman/listinfo/systemd-devel
░░ 
░░ A stop job for unit system-modprobe.slice has finished.
░░ 
░░ The job identifier is 288 and the job result is done.
Jul 06 13:34:48 openeuler-riscv64 systemd[1]: Removed slice Slice /system/sshd-keygen.
░░ Subject: A stop job for unit system-sshd\x2dkeygen.slice has finished
░░ Defined-By: systemd
░░ Support: https://lists.freedesktop.org/mailman/listinfo/systemd-devel
░░ 
░░ A stop job for unit system-sshd\x2dkeygen.slice has finished.
░░ 
░░ The job identifier is 332 and the job result is done.
Jul 06 13:34:48 openeuler-riscv64 systemd[1]: Stopped target Graphical Interface.
░░ Subject: A stop job for unit graphical.target has finished
░░ Defined-By: systemd
░░ Support: https://lists.freedesktop.org/mailman/listinfo/systemd-devel
░░ 
░░ A stop job for unit graphical.target has finished.
░░ 
░░ The job identifier is 316 and the job result is done.
Jul 06 13:34:48 openeuler-riscv64 systemd[1]: Stopped target Multi-User System.
░░ Subject: A stop job for unit multi-user.target has finished
░░ Defined-By: systemd
░░ Support: https://lists.freedesktop.org/mailman/listinfo/systemd-devel
░░ 
░░ A stop job for unit multi-user.target has finished.
░░ 
░░ The job identifier is 315 and the job result is done.
Jul 06 13:34:48 openeuler-riscv64 systemd[1]: Stopped target Login Prompts.
░░ Subject: A stop job for unit getty.target has finished
░░ Defined-By: systemd
░░ Support: https://lists.freedesktop.org/mailman/listinfo/systemd-devel
░░ 
░░ A stop job for unit getty.target has finished.
░░ 
░░ The job identifier is 325 and the job result is done.
Jul 06 13:34:48 openeuler-riscv64 systemd[1]: Stopped target Network is Online.
░░ Subject: A stop job for unit network-online.target has finished
░░ Defined-By: systemd
░░ Support: https://lists.freedesktop.org/mailman/listinfo/systemd-devel
░░ 
░░ A stop job for unit network-online.target has finished.
░░ 
░░ The job identifier is 277 and the job result is done.
Jul 06 13:34:48 openeuler-riscv64 systemd[1]: Stopped target System Time Set.
░░ Subject: A stop job for unit time-set.target has finished
░░ Defined-By: systemd
░░ Support: https://lists.freedesktop.org/mailman/listinfo/systemd-devel
░░ 
░░ A stop job for unit time-set.target has finished.
░░ 
░░ The job identifier is 296 and the job result is done.
Jul 06 13:34:48 openeuler-riscv64 systemd[1]: Stopped target Timer Units.
░░ Subject: A stop job for unit timers.target has finished
░░ Defined-By: systemd
░░ Support: https://lists.freedesktop.org/mailman/listinfo/systemd-devel
░░ 
░░ A stop job for unit timers.target has finished.
░░ 
░░ The job identifier is 329 and the job result is done.
Jul 06 13:34:48 openeuler-riscv64 systemd[1]: dnf-makecache.timer: Deactivated successfully.
░░ Subject: Unit succeeded
░░ Defined-By: systemd
░░ Support: https://lists.freedesktop.org/mailman/listinfo/systemd-devel
░░ 
░░ The unit dnf-makecache.timer has successfully entered the 'dead' state.
Jul 06 13:34:48 openeuler-riscv64 systemd[1]: Stopped dnf makecache --timer.
░░ Subject: A stop job for unit dnf-makecache.timer has finished
░░ Defined-By: systemd
░░ Support: https://lists.freedesktop.org/mailman/listinfo/systemd-devel
░░ 
░░ A stop job for unit dnf-makecache.timer has finished.
░░ 
░░ The job identifier is 295 and the job result is done.
Jul 06 13:34:48 openeuler-riscv64 systemd[1]: systemd-tmpfiles-clean.timer: Deactivated successfully.
░░ Subject: Unit succeeded
░░ Defined-By: systemd
░░ Support: https://lists.freedesktop.org/mailman/listinfo/systemd-devel
░░ 
░░ The unit systemd-tmpfiles-clean.timer has successfully entered the 'dead' state.
Jul 06 13:34:48 openeuler-riscv64 systemd[1]: Stopped Daily Cleanup of Temporary Directories.
░░ Subject: A stop job for unit systemd-tmpfiles-clean.timer has finished
░░ Defined-By: systemd
░░ Support: https://lists.freedesktop.org/mailman/listinfo/systemd-devel
░░ 
░░ A stop job for unit systemd-tmpfiles-clean.timer has finished.
░░ 
░░ The job identifier is 308 and the job result is done.
Jul 06 13:34:48 openeuler-riscv64 systemd[1]: lvm2-lvmpolld.socket: Deactivated successfully.
░░ Subject: Unit succeeded
░░ Defined-By: systemd
░░ Support: https://lists.freedesktop.org/mailman/listinfo/systemd-devel
░░ 
░░ The unit lvm2-lvmpolld.socket has successfully entered the 'dead' state.
Jul 06 13:34:48 openeuler-riscv64 systemd[1]: Closed LVM2 poll daemon socket.
░░ Subject: A stop job for unit lvm2-lvmpolld.socket has finished
░░ Defined-By: systemd
░░ Support: https://lists.freedesktop.org/mailman/listinfo/systemd-devel
░░ 
░░ A stop job for unit lvm2-lvmpolld.socket has finished.
░░ 
░░ The job identifier is 336 and the job result is done.
Jul 06 13:34:48 openeuler-riscv64 systemd[1]: systemd-coredump.socket: Deactivated successfully.
░░ Subject: Unit succeeded
░░ Defined-By: systemd
░░ Support: https://lists.freedesktop.org/mailman/listinfo/systemd-devel
░░ 
░░ The unit systemd-coredump.socket has successfully entered the 'dead' state.
Jul 06 13:34:48 openeuler-riscv64 systemd[1]: Closed Process Core Dump Socket.
░░ Subject: A stop job for unit systemd-coredump.socket has finished
░░ Defined-By: systemd
░░ Support: https://lists.freedesktop.org/mailman/listinfo/systemd-devel
░░ 
░░ A stop job for unit systemd-coredump.socket has finished.
░░ 
░░ The job identifier is 259 and the job result is done.
Jul 06 13:34:48 openeuler-riscv64 systemd[1]: NetworkManager-wait-online.service: Deactivated successfully.
░░ Subject: Unit succeeded
░░ Defined-By: systemd
░░ Support: https://lists.freedesktop.org/mailman/listinfo/systemd-devel
░░ 
░░ The unit NetworkManager-wait-online.service has successfully entered the 'dead' state.
Jul 06 13:34:48 openeuler-riscv64 systemd[1]: Stopped Network Manager Wait Online.
░░ Subject: A stop job for unit NetworkManager-wait-online.service has finished
░░ Defined-By: systemd
░░ Support: https://lists.freedesktop.org/mailman/listinfo/systemd-devel
░░ 
░░ A stop job for unit NetworkManager-wait-online.service has finished.
░░ 
░░ The job identifier is 268 and the job result is done.
Jul 06 13:34:48 openeuler-riscv64 systemd[1]: Stopping Command Scheduler...
░░ Subject: A stop job for unit crond.service has begun execution
░░ Defined-By: systemd
░░ Support: https://lists.freedesktop.org/mailman/listinfo/systemd-devel
░░ 
░░ A stop job for unit crond.service has begun execution.
░░ 
░░ The job identifier is 313.
Jul 06 13:34:48 openeuler-riscv64 crond[324]: (CRON) INFO (Shutting down)
Jul 06 13:34:48 openeuler-riscv64 systemd[1]: Stopping Getty on tty1...
░░ Subject: A stop job for unit getty@tty1.service has begun execution
░░ Defined-By: systemd
░░ Support: https://lists.freedesktop.org/mailman/listinfo/systemd-devel
░░ 
░░ A stop job for unit getty@tty1.service has begun execution.
░░ 
░░ The job identifier is 307.
Jul 06 13:34:48 openeuler-riscv64 systemd[1]: Stopping Update RTC With System Clock...
░░ Subject: A stop job for unit hwclock-save.service has begun execution
░░ Defined-By: systemd
░░ Support: https://lists.freedesktop.org/mailman/listinfo/systemd-devel
░░ 
░░ A stop job for unit hwclock-save.service has begun execution.
░░ 
░░ The job identifier is 306.
Jul 06 13:34:48 openeuler-riscv64 systemd[1]: resize-rootfs.service: Deactivated successfully.
░░ Subject: Unit succeeded
░░ Defined-By: systemd
░░ Support: https://lists.freedesktop.org/mailman/listinfo/systemd-devel
░░ 
░░ The unit resize-rootfs.service has successfully entered the 'dead' state.
Jul 06 13:34:48 openeuler-riscv64 systemd[1]: Stopped resize rootfs.
░░ Subject: A stop job for unit resize-rootfs.service has finished
░░ Defined-By: systemd
░░ Support: https://lists.freedesktop.org/mailman/listinfo/systemd-devel
░░ 
░░ A stop job for unit resize-rootfs.service has finished.
░░ 
░░ The job identifier is 251 and the job result is done.
Jul 06 13:34:48 openeuler-riscv64 systemd[1]: Stopping Serial Getty on ttyS0...
░░ Subject: A stop job for unit serial-getty@ttyS0.service has begun execution
░░ Defined-By: systemd
░░ Support: https://lists.freedesktop.org/mailman/listinfo/systemd-devel
░░ 
░░ A stop job for unit serial-getty@ttyS0.service has begun execution.
░░ 
░░ The job identifier is 257.
Jul 06 13:34:48 openeuler-riscv64 sshd[317]: Received signal 15; terminating.
Jul 06 13:34:48 openeuler-riscv64 login[327]: pam_unix(login:session): session closed for user root
Jul 06 13:34:48 openeuler-riscv64 systemd[1]: Stopping OpenSSH server daemon...
░░ Subject: A stop job for unit sshd.service has begun execution
░░ Defined-By: systemd
░░ Support: https://lists.freedesktop.org/mailman/listinfo/systemd-devel
░░ 
░░ A stop job for unit sshd.service has begun execution.
░░ 
░░ The job identifier is 317.
Jul 06 13:34:48 openeuler-riscv64 systemd[1]: Stopping User Login Management...
░░ Subject: A stop job for unit systemd-logind.service has begun execution
░░ Defined-By: systemd
░░ Support: https://lists.freedesktop.org/mailman/listinfo/systemd-devel
░░ 
░░ A stop job for unit systemd-logind.service has begun execution.
░░ 
░░ The job identifier is 312.
Jul 06 13:34:48 openeuler-riscv64 systemd[1]: Stopping Load/Save Random Seed...
░░ Subject: A stop job for unit systemd-random-seed.service has begun execution
░░ Defined-By: systemd
░░ Support: https://lists.freedesktop.org/mailman/listinfo/systemd-devel
░░ 
░░ A stop job for unit systemd-random-seed.service has begun execution.
░░ 
░░ The job identifier is 281.
Jul 06 13:34:48 openeuler-riscv64 systemd[1]: systemd-logind.service: Deactivated successfully.
░░ Subject: Unit succeeded
░░ Defined-By: systemd
░░ Support: https://lists.freedesktop.org/mailman/listinfo/systemd-devel
░░ 
░░ The unit systemd-logind.service has successfully entered the 'dead' state.
Jul 06 13:34:48 openeuler-riscv64 systemd[1]: Stopped User Login Management.
░░ Subject: A stop job for unit systemd-logind.service has finished
░░ Defined-By: systemd
░░ Support: https://lists.freedesktop.org/mailman/listinfo/systemd-devel
░░ 
░░ A stop job for unit systemd-logind.service has finished.
░░ 
░░ The job identifier is 312 and the job result is done.
Jul 06 13:34:48 openeuler-riscv64 systemd[1]: sshd.service: Deactivated successfully.
░░ Subject: Unit succeeded
░░ Defined-By: systemd
░░ Support: https://lists.freedesktop.org/mailman/listinfo/systemd-devel
░░ 
░░ The unit sshd.service has successfully entered the 'dead' state.
Jul 06 13:34:48 openeuler-riscv64 systemd[1]: Stopped OpenSSH server daemon.
░░ Subject: A stop job for unit sshd.service has finished
░░ Defined-By: systemd
░░ Support: https://lists.freedesktop.org/mailman/listinfo/systemd-devel
░░ 
░░ A stop job for unit sshd.service has finished.
░░ 
░░ The job identifier is 317 and the job result is done.
Jul 06 13:34:48 openeuler-riscv64 systemd[1]: crond.service: Deactivated successfully.
░░ Subject: Unit succeeded
░░ Defined-By: systemd
░░ Support: https://lists.freedesktop.org/mailman/listinfo/systemd-devel
░░ 
░░ The unit crond.service has successfully entered the 'dead' state.
Jul 06 13:34:48 openeuler-riscv64 systemd[1]: Stopped Command Scheduler.
░░ Subject: A stop job for unit crond.service has finished
░░ Defined-By: systemd
░░ Support: https://lists.freedesktop.org/mailman/listinfo/systemd-devel
░░ 
░░ A stop job for unit crond.service has finished.
░░ 
░░ The job identifier is 313 and the job result is done.
Jul 06 13:34:48 openeuler-riscv64 systemd[1]: getty@tty1.service: Deactivated successfully.
░░ Subject: Unit succeeded
░░ Defined-By: systemd
░░ Support: https://lists.freedesktop.org/mailman/listinfo/systemd-devel
░░ 
░░ The unit getty@tty1.service has successfully entered the 'dead' state.
Jul 06 13:34:48 openeuler-riscv64 systemd[1]: Stopped Getty on tty1.
░░ Subject: A stop job for unit getty@tty1.service has finished
░░ Defined-By: systemd
░░ Support: https://lists.freedesktop.org/mailman/listinfo/systemd-devel
░░ 
░░ A stop job for unit getty@tty1.service has finished.
░░ 
░░ The job identifier is 307 and the job result is done.
Jul 06 13:34:48 openeuler-riscv64 systemd[1]: serial-getty@ttyS0.service: Deactivated successfully.
░░ Subject: Unit succeeded
░░ Defined-By: systemd
░░ Support: https://lists.freedesktop.org/mailman/listinfo/systemd-devel
░░ 
░░ The unit serial-getty@ttyS0.service has successfully entered the 'dead' state.
Jul 06 13:34:48 openeuler-riscv64 systemd[1]: Stopped Serial Getty on ttyS0.
░░ Subject: A stop job for unit serial-getty@ttyS0.service has finished
░░ Defined-By: systemd
░░ Support: https://lists.freedesktop.org/mailman/listinfo/systemd-devel
░░ 
░░ A stop job for unit serial-getty@ttyS0.service has finished.
░░ 
░░ The job identifier is 257 and the job result is done.
Jul 06 13:34:48 openeuler-riscv64 systemd[1]: systemd-random-seed.service: Deactivated successfully.
░░ Subject: Unit succeeded
░░ Defined-By: systemd
░░ Support: https://lists.freedesktop.org/mailman/listinfo/systemd-devel
░░ 
░░ The unit systemd-random-seed.service has successfully entered the 'dead' state.
Jul 06 13:34:48 openeuler-riscv64 systemd[1]: Stopped Load/Save Random Seed.
░░ Subject: A stop job for unit systemd-random-seed.service has finished
░░ Defined-By: systemd
░░ Support: https://lists.freedesktop.org/mailman/listinfo/systemd-devel
░░ 
░░ A stop job for unit systemd-random-seed.service has finished.
░░ 
░░ The job identifier is 281 and the job result is done.
Jul 06 13:34:49 openeuler-riscv64 systemd[1]: hwclock-save.service: Deactivated successfully.
░░ Subject: Unit succeeded
░░ Defined-By: systemd
░░ Support: https://lists.freedesktop.org/mailman/listinfo/systemd-devel
░░ 
░░ The unit hwclock-save.service has successfully entered the 'dead' state.
Jul 06 13:34:49 openeuler-riscv64 systemd[1]: Stopped Update RTC With System Clock.
░░ Subject: A stop job for unit hwclock-save.service has finished
░░ Defined-By: systemd
░░ Support: https://lists.freedesktop.org/mailman/listinfo/systemd-devel
░░ 
░░ A stop job for unit hwclock-save.service has finished.
░░ 
░░ The job identifier is 306 and the job result is done.
Jul 06 13:34:49 openeuler-riscv64 systemd[1]: Removed slice Slice /system/getty.
░░ Subject: A stop job for unit system-getty.slice has finished
░░ Defined-By: systemd
░░ Support: https://lists.freedesktop.org/mailman/listinfo/systemd-devel
░░ 
░░ A stop job for unit system-getty.slice has finished.
░░ 
░░ The job identifier is 331 and the job result is done.
Jul 06 13:34:49 openeuler-riscv64 systemd[1]: Removed slice Slice /system/serial-getty.
░░ Subject: A stop job for unit system-serial\x2dgetty.slice has finished
░░ Defined-By: systemd
░░ Support: https://lists.freedesktop.org/mailman/listinfo/systemd-devel
░░ 
░░ A stop job for unit system-serial\x2dgetty.slice has finished.
░░ 
░░ The job identifier is 261 and the job result is done.
Jul 06 13:34:49 openeuler-riscv64 systemd[1]: Stopped target sshd-keygen.target.
░░ Subject: A stop job for unit sshd-keygen.target has finished
░░ Defined-By: systemd
░░ Support: https://lists.freedesktop.org/mailman/listinfo/systemd-devel
░░ 
░░ A stop job for unit sshd-keygen.target has finished.
░░ 
░░ The job identifier is 318 and the job result is done.
Jul 06 13:34:49 openeuler-riscv64 systemd[1]: Stopping Permit User Sessions...
░░ Subject: A stop job for unit systemd-user-sessions.service has begun execution
░░ Defined-By: systemd
░░ Support: https://lists.freedesktop.org/mailman/listinfo/systemd-devel
░░ 
░░ A stop job for unit systemd-user-sessions.service has begun execution.
░░ 
░░ The job identifier is 267.
Jul 06 13:34:49 openeuler-riscv64 systemd[1]: systemd-user-sessions.service: Deactivated successfully.
░░ Subject: Unit succeeded
░░ Defined-By: systemd
░░ Support: https://lists.freedesktop.org/mailman/listinfo/systemd-devel
░░ 
░░ The unit systemd-user-sessions.service has successfully entered the 'dead' state.
Jul 06 13:34:49 openeuler-riscv64 systemd[1]: Stopped Permit User Sessions.
░░ Subject: A stop job for unit systemd-user-sessions.service has finished
░░ Defined-By: systemd
░░ Support: https://lists.freedesktop.org/mailman/listinfo/systemd-devel
░░ 
░░ A stop job for unit systemd-user-sessions.service has finished.
░░ 
░░ The job identifier is 267 and the job result is done.
Jul 06 13:34:49 openeuler-riscv64 systemd[1]: Stopped target Network.
░░ Subject: A stop job for unit network.target has finished
░░ Defined-By: systemd
░░ Support: https://lists.freedesktop.org/mailman/listinfo/systemd-devel
░░ 
░░ A stop job for unit network.target has finished.
░░ 
░░ The job identifier is 262 and the job result is done.
Jul 06 13:34:49 openeuler-riscv64 systemd[1]: Stopped target Remote File Systems.
░░ Subject: A stop job for unit remote-fs.target has finished
░░ Defined-By: systemd
░░ Support: https://lists.freedesktop.org/mailman/listinfo/systemd-devel
░░ 
░░ A stop job for unit remote-fs.target has finished.
░░ 
░░ The job identifier is 263 and the job result is done.
Jul 06 13:34:49 openeuler-riscv64 systemd[1]: Stopping Network Manager...
░░ Subject: A stop job for unit NetworkManager.service has begun execution
░░ Defined-By: systemd
░░ Support: https://lists.freedesktop.org/mailman/listinfo/systemd-devel
░░ 
░░ A stop job for unit NetworkManager.service has begun execution.
░░ 
░░ The job identifier is 311.
Jul 06 13:34:49 openeuler-riscv64 NetworkManager[313]: <info>  [1688621689.3270] caught SIGTERM, shutting down normally.
Jul 06 13:34:49 openeuler-riscv64 NetworkManager[313]: <info>  [1688621689.3716] dhcp4 (eth0): canceled DHCP transaction
Jul 06 13:34:49 openeuler-riscv64 NetworkManager[313]: <info>  [1688621689.3722] dhcp4 (eth0): state changed bound -> terminated
Jul 06 13:34:49 openeuler-riscv64 NetworkManager[313]: <info>  [1688621689.3746] manager: NetworkManager state is now CONNECTED_SITE
Jul 06 13:34:49 openeuler-riscv64 dbus-daemon[307]: [system] Activating via systemd: service name='org.freedesktop.nm_dispatcher' unit='dbus-org.freedesktop.nm-dispatcher.service' requested by ':1.3' (uid=0 pid=313 comm="/usr/sbin/NetworkManager --no-daemon")
Jul 06 13:34:49 openeuler-riscv64 dbus-daemon[307]: [system] Activation via systemd failed for unit 'dbus-org.freedesktop.nm-dispatcher.service': Refusing activation, D-Bus is shutting down.
Jul 06 13:34:49 openeuler-riscv64 NetworkManager[313]: <info>  [1688621689.4366] exiting (success)
Jul 06 13:34:49 openeuler-riscv64 systemd[1]: NetworkManager.service: Deactivated successfully.
░░ Subject: Unit succeeded
░░ Defined-By: systemd
░░ Support: https://lists.freedesktop.org/mailman/listinfo/systemd-devel
░░ 
░░ The unit NetworkManager.service has successfully entered the 'dead' state.
Jul 06 13:34:49 openeuler-riscv64 systemd[1]: Stopped Network Manager.
░░ Subject: A stop job for unit NetworkManager.service has finished
░░ Defined-By: systemd
░░ Support: https://lists.freedesktop.org/mailman/listinfo/systemd-devel
░░ 
░░ A stop job for unit NetworkManager.service has finished.
░░ 
░░ The job identifier is 311 and the job result is done.
Jul 06 13:34:49 openeuler-riscv64 systemd[1]: Stopping D-Bus System Message Bus...
░░ Subject: A stop job for unit dbus.service has begun execution
░░ Defined-By: systemd
░░ Support: https://lists.freedesktop.org/mailman/listinfo/systemd-devel
░░ 
░░ A stop job for unit dbus.service has begun execution.
░░ 
░░ The job identifier is 310.
Jul 06 13:34:49 openeuler-riscv64 systemd[1]: dbus.service: Deactivated successfully.
░░ Subject: Unit succeeded
░░ Defined-By: systemd
░░ Support: https://lists.freedesktop.org/mailman/listinfo/systemd-devel
░░ 
░░ The unit dbus.service has successfully entered the 'dead' state.
Jul 06 13:34:49 openeuler-riscv64 systemd[1]: Stopped D-Bus System Message Bus.
░░ Subject: A stop job for unit dbus.service has finished
░░ Defined-By: systemd
░░ Support: https://lists.freedesktop.org/mailman/listinfo/systemd-devel
░░ 
░░ A stop job for unit dbus.service has finished.
░░ 
░░ The job identifier is 310 and the job result is done.
Jul 06 13:34:49 openeuler-riscv64 systemd[1]: Stopped target Basic System.
░░ Subject: A stop job for unit basic.target has finished
░░ Defined-By: systemd
░░ Support: https://lists.freedesktop.org/mailman/listinfo/systemd-devel
░░ 
░░ A stop job for unit basic.target has finished.
░░ 
░░ The job identifier is 314 and the job result is done.
Jul 06 13:34:49 openeuler-riscv64 systemd[1]: Stopped target Path Units.
░░ Subject: A stop job for unit paths.target has finished
░░ Defined-By: systemd
░░ Support: https://lists.freedesktop.org/mailman/listinfo/systemd-devel
░░ 
░░ A stop job for unit paths.target has finished.
░░ 
░░ The job identifier is 278 and the job result is done.
Jul 06 13:34:49 openeuler-riscv64 systemd[1]: systemd-ask-password-console.path: Deactivated successfully.
░░ Subject: Unit succeeded
░░ Defined-By: systemd
░░ Support: https://lists.freedesktop.org/mailman/listinfo/systemd-devel
░░ 
░░ The unit systemd-ask-password-console.path has successfully entered the 'dead' state.
Jul 06 13:34:49 openeuler-riscv64 systemd[1]: Stopped Dispatch Password Requests to Console Directory Watch.
░░ Subject: A stop job for unit systemd-ask-password-console.path has finished
░░ Defined-By: systemd
░░ Support: https://lists.freedesktop.org/mailman/listinfo/systemd-devel
░░ 
░░ A stop job for unit systemd-ask-password-console.path has finished.
░░ 
░░ The job identifier is 322 and the job result is done.
Jul 06 13:34:49 openeuler-riscv64 systemd[1]: systemd-ask-password-wall.path: Deactivated successfully.
░░ Subject: Unit succeeded
░░ Defined-By: systemd
░░ Support: https://lists.freedesktop.org/mailman/listinfo/systemd-devel
░░ 
░░ The unit systemd-ask-password-wall.path has successfully entered the 'dead' state.
Jul 06 13:34:49 openeuler-riscv64 systemd[1]: Stopped Forward Password Requests to Wall Directory Watch.
░░ Subject: A stop job for unit systemd-ask-password-wall.path has finished
░░ Defined-By: systemd
░░ Support: https://lists.freedesktop.org/mailman/listinfo/systemd-devel
░░ 
░░ A stop job for unit systemd-ask-password-wall.path has finished.
░░ 
░░ The job identifier is 260 and the job result is done.
Jul 06 13:34:49 openeuler-riscv64 systemd[1]: Stopped target Slice Units.
░░ Subject: A stop job for unit slices.target has finished
░░ Defined-By: systemd
░░ Support: https://lists.freedesktop.org/mailman/listinfo/systemd-devel
░░ 
░░ A stop job for unit slices.target has finished.
░░ 
░░ The job identifier is 273 and the job result is done.
Jul 06 13:34:49 openeuler-riscv64 systemd[1]: Removed slice User and Session Slice.
░░ Subject: A stop job for unit user.slice has finished
░░ Defined-By: systemd
░░ Support: https://lists.freedesktop.org/mailman/listinfo/systemd-devel
░░ 
░░ A stop job for unit user.slice has finished.
░░ 
░░ The job identifier is 328 and the job result is done.
Jul 06 13:34:49 openeuler-riscv64 systemd[1]: Stopped target Socket Units.
░░ Subject: A stop job for unit sockets.target has finished
░░ Defined-By: systemd
░░ Support: https://lists.freedesktop.org/mailman/listinfo/systemd-devel
░░ 
░░ A stop job for unit sockets.target has finished.
░░ 
░░ The job identifier is 265 and the job result is done.
Jul 06 13:34:49 openeuler-riscv64 systemd[1]: dbus.socket: Deactivated successfully.
░░ Subject: Unit succeeded
░░ Defined-By: systemd
░░ Support: https://lists.freedesktop.org/mailman/listinfo/systemd-devel
░░ 
░░ The unit dbus.socket has successfully entered the 'dead' state.
Jul 06 13:34:49 openeuler-riscv64 systemd[1]: Closed D-Bus System Message Bus Socket.
░░ Subject: A stop job for unit dbus.socket has finished
░░ Defined-By: systemd
░░ Support: https://lists.freedesktop.org/mailman/listinfo/systemd-devel
░░ 
░░ A stop job for unit dbus.socket has finished.
░░ 
░░ The job identifier is 309 and the job result is done.
Jul 06 13:34:49 openeuler-riscv64 systemd[1]: Stopped target System Initialization.
░░ Subject: A stop job for unit sysinit.target has finished
░░ Defined-By: systemd
░░ Support: https://lists.freedesktop.org/mailman/listinfo/systemd-devel
░░ 
░░ A stop job for unit sysinit.target has finished.
░░ 
░░ The job identifier is 305 and the job result is done.
Jul 06 13:34:49 openeuler-riscv64 systemd[1]: proc-sys-fs-binfmt_misc.automount: Deactivated successfully.
░░ Subject: Unit succeeded
░░ Defined-By: systemd
░░ Support: https://lists.freedesktop.org/mailman/listinfo/systemd-devel
░░ 
░░ The unit proc-sys-fs-binfmt_misc.automount has successfully entered the 'dead' state.
Jul 06 13:34:49 openeuler-riscv64 systemd[1]: Unset automount Arbitrary Executable File Formats File System Automount Point.
░░ Subject: A stop job for unit proc-sys-fs-binfmt_misc.automount has finished
░░ Defined-By: systemd
░░ Support: https://lists.freedesktop.org/mailman/listinfo/systemd-devel
░░ 
░░ A stop job for unit proc-sys-fs-binfmt_misc.automount has finished.
░░ 
░░ The job identifier is 272 and the job result is done.
Jul 06 13:34:49 openeuler-riscv64 systemd[1]: systemd-sysctl.service: Deactivated successfully.
░░ Subject: Unit succeeded
░░ Defined-By: systemd
░░ Support: https://lists.freedesktop.org/mailman/listinfo/systemd-devel
░░ 
░░ The unit systemd-sysctl.service has successfully entered the 'dead' state.
Jul 06 13:34:49 openeuler-riscv64 systemd[1]: Stopped Apply Kernel Variables.
░░ Subject: A stop job for unit systemd-sysctl.service has finished
░░ Defined-By: systemd
░░ Support: https://lists.freedesktop.org/mailman/listinfo/systemd-devel
░░ 
░░ A stop job for unit systemd-sysctl.service has finished.
░░ 
░░ The job identifier is 294 and the job result is done.
Jul 06 13:34:49 openeuler-riscv64 systemd[1]: Stopping Network Time Synchronization...
░░ Subject: A stop job for unit systemd-timesyncd.service has begun execution
░░ Defined-By: systemd
░░ Support: https://lists.freedesktop.org/mailman/listinfo/systemd-devel
░░ 
░░ A stop job for unit systemd-timesyncd.service has begun execution.
░░ 
░░ The job identifier is 323.
Jul 06 13:34:49 openeuler-riscv64 systemd[1]: Stopping Record System Boot/Shutdown in UTMP...
░░ Subject: A stop job for unit systemd-update-utmp.service has begun execution
░░ Defined-By: systemd
░░ Support: https://lists.freedesktop.org/mailman/listinfo/systemd-devel
░░ 
░░ A stop job for unit systemd-update-utmp.service has begun execution.
░░ 
░░ The job identifier is 300.
Jul 06 13:34:49 openeuler-riscv64 systemd[1]: systemd-timesyncd.service: Deactivated successfully.
░░ Subject: Unit succeeded
░░ Defined-By: systemd
░░ Support: https://lists.freedesktop.org/mailman/listinfo/systemd-devel
░░ 
░░ The unit systemd-timesyncd.service has successfully entered the 'dead' state.
Jul 06 13:34:49 openeuler-riscv64 systemd[1]: Stopped Network Time Synchronization.
░░ Subject: A stop job for unit systemd-timesyncd.service has finished
░░ Defined-By: systemd
░░ Support: https://lists.freedesktop.org/mailman/listinfo/systemd-devel
░░ 
░░ A stop job for unit systemd-timesyncd.service has finished.
░░ 
░░ The job identifier is 323 and the job result is done.
Jul 06 13:34:49 openeuler-riscv64 systemd[1]: systemd-update-utmp.service: Deactivated successfully.
░░ Subject: Unit succeeded
░░ Defined-By: systemd
░░ Support: https://lists.freedesktop.org/mailman/listinfo/systemd-devel
░░ 
░░ The unit systemd-update-utmp.service has successfully entered the 'dead' state.
Jul 06 13:34:49 openeuler-riscv64 systemd[1]: Stopped Record System Boot/Shutdown in UTMP.
░░ Subject: A stop job for unit systemd-update-utmp.service has finished
░░ Defined-By: systemd
░░ Support: https://lists.freedesktop.org/mailman/listinfo/systemd-devel
░░ 
░░ A stop job for unit systemd-update-utmp.service has finished.
░░ 
░░ The job identifier is 300 and the job result is done.
Jul 06 13:34:49 openeuler-riscv64 systemd[1]: systemd-tmpfiles-setup.service: Deactivated successfully.
░░ Subject: Unit succeeded
░░ Defined-By: systemd
░░ Support: https://lists.freedesktop.org/mailman/listinfo/systemd-devel
░░ 
░░ The unit systemd-tmpfiles-setup.service has successfully entered the 'dead' state.
Jul 06 13:34:49 openeuler-riscv64 systemd[1]: Stopped Create Volatile Files and Directories.
░░ Subject: A stop job for unit systemd-tmpfiles-setup.service has finished
░░ Defined-By: systemd
░░ Support: https://lists.freedesktop.org/mailman/listinfo/systemd-devel
░░ 
░░ A stop job for unit systemd-tmpfiles-setup.service has finished.
░░ 
░░ The job identifier is 303 and the job result is done.
Jul 06 13:34:49 openeuler-riscv64 systemd[1]: Stopped target Local File Systems.
░░ Subject: A stop job for unit local-fs.target has finished
░░ Defined-By: systemd
░░ Support: https://lists.freedesktop.org/mailman/listinfo/systemd-devel
░░ 
░░ A stop job for unit local-fs.target has finished.
░░ 
░░ The job identifier is 244 and the job result is done.
Jul 06 13:34:49 openeuler-riscv64 systemd[1]: Unmounting /boot...
░░ Subject: A stop job for unit boot.mount has begun execution
░░ Defined-By: systemd
░░ Support: https://lists.freedesktop.org/mailman/listinfo/systemd-devel
░░ 
░░ A stop job for unit boot.mount has begun execution.
░░ 
░░ The job identifier is 243.
Jul 06 13:34:49 openeuler-riscv64 systemd[1]: Unmounting Temporary Directory /tmp...
░░ Subject: A stop job for unit tmp.mount has begun execution
░░ Defined-By: systemd
░░ Support: https://lists.freedesktop.org/mailman/listinfo/systemd-devel
░░ 
░░ A stop job for unit tmp.mount has begun execution.
░░ 
░░ The job identifier is 242.
Jul 06 13:34:49 openeuler-riscv64 kernel: EXT4-fs (vda1): unmounting filesystem.
Jul 06 13:34:49 openeuler-riscv64 systemd[1]: boot.mount: Deactivated successfully.
░░ Subject: Unit succeeded
░░ Defined-By: systemd
░░ Support: https://lists.freedesktop.org/mailman/listinfo/systemd-devel
░░ 
░░ The unit boot.mount has successfully entered the 'dead' state.
Jul 06 13:34:50 openeuler-riscv64 systemd[1]: Unmounted /boot.
░░ Subject: A stop job for unit boot.mount has finished
░░ Defined-By: systemd
░░ Support: https://lists.freedesktop.org/mailman/listinfo/systemd-devel
░░ 
░░ A stop job for unit boot.mount has finished.
░░ 
░░ The job identifier is 243 and the job result is done.
Jul 06 13:34:50 openeuler-riscv64 systemd[1]: tmp.mount: Deactivated successfully.
░░ Subject: Unit succeeded
░░ Defined-By: systemd
░░ Support: https://lists.freedesktop.org/mailman/listinfo/systemd-devel
░░ 
░░ The unit tmp.mount has successfully entered the 'dead' state.
Jul 06 13:34:50 openeuler-riscv64 systemd[1]: Unmounted Temporary Directory /tmp.
░░ Subject: A stop job for unit tmp.mount has finished
░░ Defined-By: systemd
░░ Support: https://lists.freedesktop.org/mailman/listinfo/systemd-devel
░░ 
░░ A stop job for unit tmp.mount has finished.
░░ 
░░ The job identifier is 242 and the job result is done.
Jul 06 13:34:50 openeuler-riscv64 systemd[1]: Stopped target Swaps.
░░ Subject: A stop job for unit swap.target has finished
░░ Defined-By: systemd
░░ Support: https://lists.freedesktop.org/mailman/listinfo/systemd-devel
░░ 
░░ A stop job for unit swap.target has finished.
░░ 
░░ The job identifier is 304 and the job result is done.
Jul 06 13:34:50 openeuler-riscv64 systemd[1]: Reached target Unmount All Filesystems.
░░ Subject: A start job for unit umount.target has finished successfully
░░ Defined-By: systemd
░░ Support: https://lists.freedesktop.org/mailman/listinfo/systemd-devel
░░ 
░░ A start job for unit umount.target has finished successfully.
░░ 
░░ The job identifier is 241.
Jul 06 13:34:50 openeuler-riscv64 systemd[1]: systemd-fsck@dev-disk-by\x2duuid-3f323731\x2da06b\x2d4cd1\x2daa6c\x2df0647a95f6e6.service: Deactivated successfully.
░░ Subject: Unit succeeded
░░ Defined-By: systemd
░░ Support: https://lists.freedesktop.org/mailman/listinfo/systemd-devel
░░ 
░░ The unit systemd-fsck@dev-disk-by\x2duuid-3f323731\x2da06b\x2d4cd1\x2daa6c\x2df0647a95f6e6.service has successfully entered the 'dead' state.
Jul 06 13:34:50 openeuler-riscv64 systemd[1]: Stopped File System Check on /dev/disk/by-uuid/3f323731-a06b-4cd1-aa6c-f0647a95f6e6.
░░ Subject: A stop job for unit systemd-fsck@dev-disk-by\x2duuid-3f323731\x2da06b\x2d4cd1\x2daa6c\x2df0647a95f6e6.service has finished
░░ Defined-By: systemd
░░ Support: https://lists.freedesktop.org/mailman/listinfo/systemd-devel
░░ 
░░ A stop job for unit systemd-fsck@dev-disk-by\x2duuid-3f323731\x2da06b\x2d4cd1\x2daa6c\x2df0647a95f6e6.service has finished.
░░ 
░░ The job identifier is 298 and the job result is done.
Jul 06 13:34:50 openeuler-riscv64 systemd[1]: Removed slice Slice /system/systemd-fsck.
░░ Subject: A stop job for unit system-systemd\x2dfsck.slice has finished
░░ Defined-By: systemd
░░ Support: https://lists.freedesktop.org/mailman/listinfo/systemd-devel
░░ 
░░ A stop job for unit system-systemd\x2dfsck.slice has finished.
░░ 
░░ The job identifier is 335 and the job result is done.
Jul 06 13:34:50 openeuler-riscv64 systemd[1]: Stopped target Preparation for Local File Systems.
░░ Subject: A stop job for unit local-fs-pre.target has finished
░░ Defined-By: systemd
░░ Support: https://lists.freedesktop.org/mailman/listinfo/systemd-devel
░░ 
░░ A stop job for unit local-fs-pre.target has finished.
░░ 
░░ The job identifier is 279 and the job result is done.
Jul 06 13:34:50 openeuler-riscv64 systemd[1]: Stopping Monitoring of LVM2 mirrors, snapshots etc. using dmeventd or progress polling...
░░ Subject: A stop job for unit lvm2-monitor.service has begun execution
░░ Defined-By: systemd
░░ Support: https://lists.freedesktop.org/mailman/listinfo/systemd-devel
░░ 
░░ A stop job for unit lvm2-monitor.service has begun execution.
░░ 
░░ The job identifier is 284.
Jul 06 13:34:50 openeuler-riscv64 systemd[1]: systemd-remount-fs.service: Deactivated successfully.
░░ Subject: Unit succeeded
░░ Defined-By: systemd
░░ Support: https://lists.freedesktop.org/mailman/listinfo/systemd-devel
░░ 
░░ The unit systemd-remount-fs.service has successfully entered the 'dead' state.
Jul 06 13:34:50 openeuler-riscv64 systemd[1]: Stopped Remount Root and Kernel File Systems.
░░ Subject: A stop job for unit systemd-remount-fs.service has finished
░░ Defined-By: systemd
░░ Support: https://lists.freedesktop.org/mailman/listinfo/systemd-devel
░░ 
░░ A stop job for unit systemd-remount-fs.service has finished.
░░ 
░░ The job identifier is 320 and the job result is done.
Jul 06 13:34:50 openeuler-riscv64 systemd[1]: systemd-tmpfiles-setup-dev.service: Deactivated successfully.
░░ Subject: Unit succeeded
░░ Defined-By: systemd
░░ Support: https://lists.freedesktop.org/mailman/listinfo/systemd-devel
░░ 
░░ The unit systemd-tmpfiles-setup-dev.service has successfully entered the 'dead' state.
Jul 06 13:34:50 openeuler-riscv64 systemd[1]: Stopped Create Static Device Nodes in /dev.
░░ Subject: A stop job for unit systemd-tmpfiles-setup-dev.service has finished
░░ Defined-By: systemd
░░ Support: https://lists.freedesktop.org/mailman/listinfo/systemd-devel
░░ 
░░ A stop job for unit systemd-tmpfiles-setup-dev.service has finished.
░░ 
░░ The job identifier is 339 and the job result is done.
Jul 06 13:34:50 openeuler-riscv64 systemd[1]: lvm2-monitor.service: Deactivated successfully.
░░ Subject: Unit succeeded
░░ Defined-By: systemd
░░ Support: https://lists.freedesktop.org/mailman/listinfo/systemd-devel
░░ 
░░ The unit lvm2-monitor.service has successfully entered the 'dead' state.
Jul 06 13:34:50 openeuler-riscv64 systemd[1]: Stopped Monitoring of LVM2 mirrors, snapshots etc. using dmeventd or progress polling.
░░ Subject: A stop job for unit lvm2-monitor.service has finished
░░ Defined-By: systemd
░░ Support: https://lists.freedesktop.org/mailman/listinfo/systemd-devel
░░ 
░░ A stop job for unit lvm2-monitor.service has finished.
░░ 
░░ The job identifier is 284 and the job result is done.
Jul 06 13:34:50 openeuler-riscv64 systemd[1]: Reached target System Shutdown.
░░ Subject: A start job for unit shutdown.target has finished successfully
░░ Defined-By: systemd
░░ Support: https://lists.freedesktop.org/mailman/listinfo/systemd-devel
░░ 
░░ A start job for unit shutdown.target has finished successfully.
░░ 
░░ The job identifier is 245.
Jul 06 13:34:50 openeuler-riscv64 systemd[1]: Reached target Late Shutdown Services.
░░ Subject: A start job for unit final.target has finished successfully
░░ Defined-By: systemd
░░ Support: https://lists.freedesktop.org/mailman/listinfo/systemd-devel
░░ 
░░ A start job for unit final.target has finished successfully.
░░ 
░░ The job identifier is 340.
Jul 06 13:34:50 openeuler-riscv64 systemd[1]: systemd-poweroff.service: Deactivated successfully.
░░ Subject: Unit succeeded
░░ Defined-By: systemd
░░ Support: https://lists.freedesktop.org/mailman/listinfo/systemd-devel
░░ 
░░ The unit systemd-poweroff.service has successfully entered the 'dead' state.
Jul 06 13:34:50 openeuler-riscv64 systemd[1]: Finished System Power Off.
░░ Subject: A start job for unit systemd-poweroff.service has finished successfully
░░ Defined-By: systemd
░░ Support: https://lists.freedesktop.org/mailman/listinfo/systemd-devel
░░ 
░░ A start job for unit systemd-poweroff.service has finished successfully.
░░ 
░░ The job identifier is 240.
Jul 06 13:34:50 openeuler-riscv64 systemd[1]: Reached target System Power Off.
░░ Subject: A start job for unit poweroff.target has finished successfully
░░ Defined-By: systemd
░░ Support: https://lists.freedesktop.org/mailman/listinfo/systemd-devel
░░ 
░░ A start job for unit poweroff.target has finished successfully.
░░ 
░░ The job identifier is 239.
Jul 06 13:34:50 openeuler-riscv64 systemd[1]: Shutting down.
Jul 06 13:34:51 openeuler-riscv64 systemd-shutdown[1]: Syncing filesystems and block devices.
Jul 06 13:34:51 openeuler-riscv64 systemd-shutdown[1]: Sending SIGTERM to remaining processes...
Jul 06 13:34:51 openeuler-riscv64 systemd-journald[221]: Journal stopped
░░ Subject: The journal has been stopped
░░ Defined-By: systemd
░░ Support: https://lists.freedesktop.org/mailman/listinfo/systemd-devel
░░ 
░░ The system journal process has shut down and closed all currently
░░ active journal files.
-- Boot 725eec91bd83451bb1718efcf06d2b5f --
Jul 12 13:08:53 openeuler-riscv64 kernel: Linux version 6.1.8-3.oe2303.riscv64 (abuild@oerv-obs-worker-06) (gcc_old (GCC) 10.3.1, GNU ld (GNU Binutils) 2.37) #1 SMP Wed Mar 29 16:00:08 UTC 2023
Jul 12 13:08:53 openeuler-riscv64 kernel: random: crng init done
Jul 12 13:08:53 openeuler-riscv64 kernel: OF: fdt: Ignoring memory range 0x80000000 - 0x80200000
Jul 12 13:08:53 openeuler-riscv64 kernel: Machine model: riscv-virtio,qemu
Jul 12 13:08:53 openeuler-riscv64 kernel: Memory limited to 4096MB
Jul 12 13:08:53 openeuler-riscv64 kernel: earlycon: ns16550a0 at MMIO 0x0000000010000000 (options '')
Jul 12 13:08:53 openeuler-riscv64 kernel: printk: bootconsole [ns16550a0] enabled
Jul 12 13:08:53 openeuler-riscv64 kernel: efi: UEFI not found.
Jul 12 13:08:53 openeuler-riscv64 kernel: Zone ranges:
Jul 12 13:08:53 openeuler-riscv64 kernel:   DMA32    [mem 0x0000000080200000-0x00000000ffffffff]
Jul 12 13:08:53 openeuler-riscv64 kernel:   Normal   [mem 0x0000000100000000-0x000000017fffffff]
Jul 12 13:08:53 openeuler-riscv64 kernel: Movable zone start for each node
Jul 12 13:08:53 openeuler-riscv64 kernel: Early memory node ranges
Jul 12 13:08:53 openeuler-riscv64 kernel:   node   0: [mem 0x0000000080200000-0x000000017fffffff]
Jul 12 13:08:53 openeuler-riscv64 kernel: Initmem setup node 0 [mem 0x0000000080200000-0x000000017fffffff]
Jul 12 13:08:53 openeuler-riscv64 kernel: SBI specification v1.0 detected
Jul 12 13:08:53 openeuler-riscv64 kernel: SBI implementation ID=0x1 Version=0x10002
Jul 12 13:08:53 openeuler-riscv64 kernel: SBI TIME extension detected
Jul 12 13:08:53 openeuler-riscv64 kernel: SBI IPI extension detected
Jul 12 13:08:53 openeuler-riscv64 kernel: SBI RFENCE extension detected
Jul 12 13:08:53 openeuler-riscv64 kernel: SBI SRST extension detected
Jul 12 13:08:53 openeuler-riscv64 kernel: SBI HSM extension detected
Jul 12 13:08:53 openeuler-riscv64 kernel: riscv: base ISA extensions acdfhim
Jul 12 13:08:53 openeuler-riscv64 kernel: riscv: ELF capabilities acdfim
Jul 12 13:08:53 openeuler-riscv64 kernel: percpu: Embedded 27 pages/cpu s71544 r8192 d30856 u110592
Jul 12 13:08:53 openeuler-riscv64 kernel: pcpu-alloc: s71544 r8192 d30856 u110592 alloc=27*4096
Jul 12 13:08:53 openeuler-riscv64 kernel: pcpu-alloc: [0] 0 [0] 1 [0] 2 [0] 3 
Jul 12 13:08:53 openeuler-riscv64 kernel: Built 1 zonelists, mobility grouping on.  Total pages: 1031688
Jul 12 13:08:53 openeuler-riscv64 kernel: Kernel command line: root=/dev/vda2 rw console=ttyS0 systemd.default_timeout_start_sec=600 selinux=0 highres=off mem=4096M earlycon
Jul 12 13:08:53 openeuler-riscv64 kernel: Unknown kernel command line parameters "selinux=0", will be passed to user space.
Jul 12 13:08:53 openeuler-riscv64 kernel: Dentry cache hash table entries: 524288 (order: 10, 4194304 bytes, linear)
Jul 12 13:08:53 openeuler-riscv64 kernel: Inode-cache hash table entries: 262144 (order: 9, 2097152 bytes, linear)
Jul 12 13:08:53 openeuler-riscv64 kernel: mem auto-init: stack:off, heap alloc:off, heap free:off
Jul 12 13:08:53 openeuler-riscv64 kernel: software IO TLB: area num 4.
Jul 12 13:08:53 openeuler-riscv64 kernel: software IO TLB: mapped [mem 0x00000000fb72f000-0x00000000ff72f000] (64MB)
Jul 12 13:08:53 openeuler-riscv64 kernel: Virtual kernel memory layout:
Jul 12 13:08:53 openeuler-riscv64 kernel:       fixmap : 0xff1bfffffee00000 - 0xff1bffffff000000   (2048 kB)
Jul 12 13:08:53 openeuler-riscv64 kernel:       pci io : 0xff1bffffff000000 - 0xff1c000000000000   (  16 MB)
Jul 12 13:08:53 openeuler-riscv64 kernel:      vmemmap : 0xff1c000000000000 - 0xff20000000000000   (1024 TB)
Jul 12 13:08:53 openeuler-riscv64 kernel:      vmalloc : 0xff20000000000000 - 0xff60000000000000   (16384 TB)
Jul 12 13:08:53 openeuler-riscv64 kernel:      modules : 0xffffffff01652000 - 0xffffffff80000000   (2025 MB)
Jul 12 13:08:53 openeuler-riscv64 kernel:       lowmem : 0xff60000000000000 - 0xff600000ffe00000   (4094 MB)
Jul 12 13:08:53 openeuler-riscv64 kernel:       kernel : 0xffffffff80000000 - 0xffffffffffffffff   (2047 MB)
Jul 12 13:08:53 openeuler-riscv64 kernel: Memory: 4029180K/4192256K available (8779K kernel code, 5775K rwdata, 4096K rodata, 2248K init, 493K bss, 163076K reserved, 0K cma-reserved)
Jul 12 13:08:53 openeuler-riscv64 kernel: SLUB: HWalign=64, Order=0-3, MinObjects=0, CPUs=4, Nodes=1
Jul 12 13:08:53 openeuler-riscv64 kernel: trace event string verifier disabled
Jul 12 13:08:53 openeuler-riscv64 kernel: rcu: Hierarchical RCU implementation.
Jul 12 13:08:53 openeuler-riscv64 kernel: rcu:         RCU restricting CPUs from NR_CPUS=64 to nr_cpu_ids=4.
Jul 12 13:08:53 openeuler-riscv64 kernel: rcu:         RCU debug extended QS entry/exit.
Jul 12 13:08:53 openeuler-riscv64 kernel:         Tracing variant of Tasks RCU enabled.
Jul 12 13:08:53 openeuler-riscv64 kernel: rcu: RCU calculated value of scheduler-enlistment delay is 25 jiffies.
Jul 12 13:08:53 openeuler-riscv64 kernel: rcu: Adjusting geometry for rcu_fanout_leaf=16, nr_cpu_ids=4
Jul 12 13:08:53 openeuler-riscv64 kernel: NR_IRQS: 64, nr_irqs: 64, preallocated irqs: 0
Jul 12 13:08:53 openeuler-riscv64 kernel: riscv-intc: 64 local interrupts mapped
Jul 12 13:08:53 openeuler-riscv64 kernel: plic: plic@c000000: mapped 95 interrupts with 4 handlers for 8 contexts.
Jul 12 13:08:53 openeuler-riscv64 kernel: rcu: srcu_init: Setting srcu_struct sizes based on contention.
Jul 12 13:08:53 openeuler-riscv64 kernel: riscv-timer: riscv_timer_init_dt: Registering clocksource cpuid [0] hartid [3]
Jul 12 13:08:53 openeuler-riscv64 kernel: clocksource: riscv_clocksource: mask: 0xffffffffffffffff max_cycles: 0x24e6a1710, max_idle_ns: 440795202120 ns
Jul 12 13:08:53 openeuler-riscv64 kernel: sched_clock: 64 bits at 10MHz, resolution 100ns, wraps every 4398046511100ns
Jul 12 13:08:53 openeuler-riscv64 kernel: riscv-timer: Timer interrupt in S-mode is available via sstc extension
Jul 12 13:08:53 openeuler-riscv64 kernel: Console: colour dummy device 80x25
Jul 12 13:08:53 openeuler-riscv64 kernel: Calibrating delay loop (skipped), value calculated using timer frequency.. 20.00 BogoMIPS (lpj=40000)
Jul 12 13:08:53 openeuler-riscv64 kernel: pid_max: default: 32768 minimum: 301
Jul 12 13:08:53 openeuler-riscv64 kernel: LSM: Security Framework initializing
Jul 12 13:08:53 openeuler-riscv64 kernel: Mount-cache hash table entries: 8192 (order: 4, 65536 bytes, linear)
Jul 12 13:08:53 openeuler-riscv64 kernel: Mountpoint-cache hash table entries: 8192 (order: 4, 65536 bytes, linear)
Jul 12 13:08:53 openeuler-riscv64 kernel: cblist_init_generic: Setting adjustable number of callback queues.
Jul 12 13:08:53 openeuler-riscv64 kernel: cblist_init_generic: Setting shift to 2 and lim to 1.
Jul 12 13:08:53 openeuler-riscv64 kernel: riscv: ELF compat mode supported
Jul 12 13:08:53 openeuler-riscv64 kernel: ASID allocator using 16 bits (65536 entries)
Jul 12 13:08:53 openeuler-riscv64 kernel: rcu: Hierarchical SRCU implementation.
Jul 12 13:08:53 openeuler-riscv64 kernel: rcu:         Max phase no-delay instances is 1000.
Jul 12 13:08:53 openeuler-riscv64 kernel: EFI services will not be available.
Jul 12 13:08:53 openeuler-riscv64 kernel: smp: Bringing up secondary CPUs ...
Jul 12 13:08:53 openeuler-riscv64 kernel: smp: Brought up 1 node, 4 CPUs
Jul 12 13:08:53 openeuler-riscv64 kernel: devtmpfs: initialized
Jul 12 13:08:53 openeuler-riscv64 kernel: clocksource: jiffies: mask: 0xffffffff max_cycles: 0xffffffff, max_idle_ns: 7645041785100000 ns
Jul 12 13:08:53 openeuler-riscv64 kernel: futex hash table entries: 1024 (order: 4, 65536 bytes, linear)
Jul 12 13:08:53 openeuler-riscv64 kernel: pinctrl core: initialized pinctrl subsystem
Jul 12 13:08:53 openeuler-riscv64 kernel: NET: Registered PF_NETLINK/PF_ROUTE protocol family
Jul 12 13:08:53 openeuler-riscv64 kernel: audit: initializing netlink subsys (disabled)
Jul 12 13:08:53 openeuler-riscv64 kernel: audit: type=2000 audit(0.096:1): state=initialized audit_enabled=0 res=1
Jul 12 13:08:53 openeuler-riscv64 kernel: cpuidle: using governor menu
Jul 12 13:08:53 openeuler-riscv64 kernel: HugeTLB: registered 2.00 MiB page size, pre-allocated 0 pages
Jul 12 13:08:53 openeuler-riscv64 kernel: HugeTLB: 0 KiB vmemmap can be freed for a 2.00 MiB page
Jul 12 13:08:53 openeuler-riscv64 kernel: cryptd: max_cpu_qlen set to 1000
Jul 12 13:08:53 openeuler-riscv64 kernel: iommu: Default domain type: Translated 
Jul 12 13:08:53 openeuler-riscv64 kernel: iommu: DMA domain TLB invalidation policy: strict mode 
Jul 12 13:08:53 openeuler-riscv64 kernel: SCSI subsystem initialized
Jul 12 13:08:53 openeuler-riscv64 kernel: libata version 3.00 loaded.
Jul 12 13:08:53 openeuler-riscv64 kernel: usbcore: registered new interface driver usbfs
Jul 12 13:08:53 openeuler-riscv64 kernel: usbcore: registered new interface driver hub
Jul 12 13:08:53 openeuler-riscv64 kernel: usbcore: registered new device driver usb
Jul 12 13:08:53 openeuler-riscv64 kernel: vgaarb: loaded
Jul 12 13:08:53 openeuler-riscv64 kernel: clocksource: Switched to clocksource riscv_clocksource
Jul 12 13:08:53 openeuler-riscv64 kernel: NET: Registered PF_INET protocol family
Jul 12 13:08:53 openeuler-riscv64 kernel: IP idents hash table entries: 65536 (order: 7, 524288 bytes, linear)
Jul 12 13:08:53 openeuler-riscv64 kernel: tcp_listen_portaddr_hash hash table entries: 2048 (order: 4, 65536 bytes, linear)
Jul 12 13:08:53 openeuler-riscv64 kernel: Table-perturb hash table entries: 65536 (order: 6, 262144 bytes, linear)
Jul 12 13:08:53 openeuler-riscv64 kernel: TCP established hash table entries: 32768 (order: 6, 262144 bytes, linear)
Jul 12 13:08:53 openeuler-riscv64 kernel: TCP bind hash table entries: 32768 (order: 9, 2097152 bytes, linear)
Jul 12 13:08:53 openeuler-riscv64 kernel: TCP: Hash tables configured (established 32768 bind 32768)
Jul 12 13:08:53 openeuler-riscv64 kernel: UDP hash table entries: 2048 (order: 5, 196608 bytes, linear)
Jul 12 13:08:53 openeuler-riscv64 kernel: UDP-Lite hash table entries: 2048 (order: 5, 196608 bytes, linear)
Jul 12 13:08:53 openeuler-riscv64 kernel: NET: Registered PF_UNIX/PF_LOCAL protocol family
Jul 12 13:08:53 openeuler-riscv64 kernel: RPC: Registered named UNIX socket transport module.
Jul 12 13:08:53 openeuler-riscv64 kernel: RPC: Registered udp transport module.
Jul 12 13:08:53 openeuler-riscv64 kernel: RPC: Registered tcp transport module.
Jul 12 13:08:53 openeuler-riscv64 kernel: RPC: Registered tcp NFSv4.1 backchannel transport module.
Jul 12 13:08:53 openeuler-riscv64 kernel: PCI: CLS 0 bytes, default 64
Jul 12 13:08:53 openeuler-riscv64 kernel: kvm [1]: hypervisor extension available
Jul 12 13:08:53 openeuler-riscv64 kernel: kvm [1]: using Sv57x4 G-stage page table format
Jul 12 13:08:53 openeuler-riscv64 kernel: kvm [1]: VMID 14 bits available
Jul 12 13:08:53 openeuler-riscv64 kernel: workingset: timestamp_bits=46 max_order=20 bucket_order=0
Jul 12 13:08:53 openeuler-riscv64 kernel: NFS: Registering the id_resolver key type
Jul 12 13:08:53 openeuler-riscv64 kernel: Key type id_resolver registered
Jul 12 13:08:53 openeuler-riscv64 kernel: Key type id_legacy registered
Jul 12 13:08:53 openeuler-riscv64 kernel: nfs4filelayout_init: NFSv4 File Layout Driver Registering...
Jul 12 13:08:53 openeuler-riscv64 kernel: nfs4flexfilelayout_init: NFSv4 Flexfile Layout Driver Registering...
Jul 12 13:08:53 openeuler-riscv64 kernel: 9p: Installing v9fs 9p2000 file system support
Jul 12 13:08:53 openeuler-riscv64 kernel: NET: Registered PF_ALG protocol family
Jul 12 13:08:53 openeuler-riscv64 kernel: Key type asymmetric registered
Jul 12 13:08:53 openeuler-riscv64 kernel: Asymmetric key parser 'x509' registered
Jul 12 13:08:53 openeuler-riscv64 kernel: Asymmetric key parser 'pkcs8' registered
Jul 12 13:08:53 openeuler-riscv64 kernel: Block layer SCSI generic (bsg) driver version 0.4 loaded (major 250)
Jul 12 13:08:53 openeuler-riscv64 kernel: io scheduler mq-deadline registered
Jul 12 13:08:53 openeuler-riscv64 kernel: io scheduler kyber registered
Jul 12 13:08:53 openeuler-riscv64 kernel: pci-host-generic 30000000.pci: host bridge /soc/pci@30000000 ranges:
Jul 12 13:08:53 openeuler-riscv64 kernel: pci-host-generic 30000000.pci:       IO 0x0003000000..0x000300ffff -> 0x0000000000
Jul 12 13:08:53 openeuler-riscv64 kernel: pci-host-generic 30000000.pci:      MEM 0x0040000000..0x007fffffff -> 0x0040000000
Jul 12 13:08:53 openeuler-riscv64 kernel: pci-host-generic 30000000.pci:      MEM 0x0400000000..0x07ffffffff -> 0x0400000000
Jul 12 13:08:53 openeuler-riscv64 kernel: pci-host-generic 30000000.pci: Memory resource size exceeds max for 32 bits
Jul 12 13:08:53 openeuler-riscv64 kernel: pci-host-generic 30000000.pci: ECAM at [mem 0x30000000-0x3fffffff] for [bus 00-ff]
Jul 12 13:08:53 openeuler-riscv64 kernel: pci-host-generic 30000000.pci: PCI host bridge to bus 0000:00
Jul 12 13:08:53 openeuler-riscv64 kernel: pci_bus 0000:00: root bus resource [bus 00-ff]
Jul 12 13:08:53 openeuler-riscv64 kernel: pci_bus 0000:00: root bus resource [io  0x0000-0xffff]
Jul 12 13:08:53 openeuler-riscv64 kernel: pci_bus 0000:00: root bus resource [mem 0x40000000-0x7fffffff]
Jul 12 13:08:53 openeuler-riscv64 kernel: pci_bus 0000:00: root bus resource [mem 0x400000000-0x7ffffffff]
Jul 12 13:08:53 openeuler-riscv64 kernel: pci 0000:00:00.0: [1b36:0008] type 00 class 0x060000
Jul 12 13:08:53 openeuler-riscv64 kernel: pci 0000:00:01.0: [1b36:000d] type 00 class 0x0c0330
Jul 12 13:08:53 openeuler-riscv64 kernel: pci 0000:00:01.0: reg 0x10: [mem 0x40000000-0x40003fff 64bit]
Jul 12 13:08:53 openeuler-riscv64 kernel: pci 0000:00:02.0: [1af4:1001] type 00 class 0x010000
Jul 12 13:08:53 openeuler-riscv64 kernel: pci 0000:00:02.0: reg 0x10: [io  0x1000-0x107f]
Jul 12 13:08:53 openeuler-riscv64 kernel: pci 0000:00:02.0: reg 0x14: [mem 0x40004000-0x40004fff]
Jul 12 13:08:53 openeuler-riscv64 kernel: pci 0000:00:02.0: reg 0x20: [mem 0x40008000-0x4000bfff 64bit pref]
Jul 12 13:08:53 openeuler-riscv64 kernel: pci 0000:00:03.0: [1af4:1001] type 00 class 0x010000
Jul 12 13:08:53 openeuler-riscv64 kernel: pci 0000:00:03.0: reg 0x10: [io  0x1080-0x10ff]
Jul 12 13:08:53 openeuler-riscv64 kernel: pci 0000:00:03.0: reg 0x14: [mem 0x4000c000-0x4000cfff]
Jul 12 13:08:53 openeuler-riscv64 kernel: pci 0000:00:03.0: reg 0x20: [mem 0x40010000-0x40013fff 64bit pref]
Jul 12 13:08:53 openeuler-riscv64 kernel: pci 0000:00:04.0: [1af4:1001] type 00 class 0x010000
Jul 12 13:08:53 openeuler-riscv64 kernel: pci 0000:00:04.0: reg 0x10: [io  0x1100-0x117f]
Jul 12 13:08:53 openeuler-riscv64 kernel: pci 0000:00:04.0: reg 0x14: [mem 0x40014000-0x40014fff]
Jul 12 13:08:53 openeuler-riscv64 kernel: pci 0000:00:04.0: reg 0x20: [mem 0x40018000-0x4001bfff 64bit pref]
Jul 12 13:08:53 openeuler-riscv64 kernel: pci 0000:00:05.0: [1af4:1000] type 00 class 0x020000
Jul 12 13:08:53 openeuler-riscv64 kernel: pci 0000:00:05.0: reg 0x10: [io  0x1180-0x119f]
Jul 12 13:08:53 openeuler-riscv64 kernel: pci 0000:00:05.0: reg 0x14: [mem 0x4001c000-0x4001cfff]
Jul 12 13:08:53 openeuler-riscv64 kernel: pci 0000:00:05.0: reg 0x20: [mem 0x40020000-0x40023fff 64bit pref]
Jul 12 13:08:53 openeuler-riscv64 kernel: pci 0000:00:05.0: reg 0x30: [mem 0x40040000-0x4007ffff pref]
Jul 12 13:08:53 openeuler-riscv64 kernel: pci 0000:00:06.0: [1af4:1000] type 00 class 0x020000
Jul 12 13:08:53 openeuler-riscv64 kernel: pci 0000:00:06.0: reg 0x10: [io  0x11a0-0x11bf]
Jul 12 13:08:53 openeuler-riscv64 kernel: pci 0000:00:06.0: reg 0x14: [mem 0x40080000-0x40080fff]
Jul 12 13:08:53 openeuler-riscv64 kernel: pci 0000:00:06.0: reg 0x20: [mem 0x40084000-0x40087fff 64bit pref]
Jul 12 13:08:53 openeuler-riscv64 kernel: pci 0000:00:06.0: reg 0x30: [mem 0x400c0000-0x400fffff pref]
Jul 12 13:08:53 openeuler-riscv64 kernel: pci 0000:00:05.0: BAR 6: assigned [mem 0x40000000-0x4003ffff pref]
Jul 12 13:08:53 openeuler-riscv64 kernel: pci 0000:00:06.0: BAR 6: assigned [mem 0x40040000-0x4007ffff pref]
Jul 12 13:08:53 openeuler-riscv64 kernel: pci 0000:00:01.0: BAR 0: assigned [mem 0x400000000-0x400003fff 64bit]
Jul 12 13:08:53 openeuler-riscv64 kernel: pci 0000:00:02.0: BAR 4: assigned [mem 0x400004000-0x400007fff 64bit pref]
Jul 12 13:08:53 openeuler-riscv64 kernel: pci 0000:00:03.0: BAR 4: assigned [mem 0x400008000-0x40000bfff 64bit pref]
Jul 12 13:08:53 openeuler-riscv64 kernel: pci 0000:00:04.0: BAR 4: assigned [mem 0x40000c000-0x40000ffff 64bit pref]
Jul 12 13:08:53 openeuler-riscv64 kernel: pci 0000:00:05.0: BAR 4: assigned [mem 0x400010000-0x400013fff 64bit pref]
Jul 12 13:08:53 openeuler-riscv64 kernel: pci 0000:00:06.0: BAR 4: assigned [mem 0x400014000-0x400017fff 64bit pref]
Jul 12 13:08:53 openeuler-riscv64 kernel: pci 0000:00:02.0: BAR 1: assigned [mem 0x40080000-0x40080fff]
Jul 12 13:08:53 openeuler-riscv64 kernel: pci 0000:00:03.0: BAR 1: assigned [mem 0x40081000-0x40081fff]
Jul 12 13:08:53 openeuler-riscv64 kernel: pci 0000:00:04.0: BAR 1: assigned [mem 0x40082000-0x40082fff]
Jul 12 13:08:53 openeuler-riscv64 kernel: pci 0000:00:05.0: BAR 1: assigned [mem 0x40083000-0x40083fff]
Jul 12 13:08:53 openeuler-riscv64 kernel: pci 0000:00:06.0: BAR 1: assigned [mem 0x40084000-0x40084fff]
Jul 12 13:08:53 openeuler-riscv64 kernel: pci 0000:00:02.0: BAR 0: assigned [io  0x0080-0x00ff]
Jul 12 13:08:53 openeuler-riscv64 kernel: pci 0000:00:03.0: BAR 0: assigned [io  0x0100-0x017f]
Jul 12 13:08:53 openeuler-riscv64 kernel: pci 0000:00:04.0: BAR 0: assigned [io  0x0180-0x01ff]
Jul 12 13:08:53 openeuler-riscv64 kernel: pci 0000:00:05.0: BAR 0: assigned [io  0x0020-0x003f]
Jul 12 13:08:53 openeuler-riscv64 kernel: pci 0000:00:06.0: BAR 0: assigned [io  0x0040-0x005f]
Jul 12 13:08:53 openeuler-riscv64 kernel: Serial: 8250/16550 driver, 4 ports, IRQ sharing disabled
Jul 12 13:08:53 openeuler-riscv64 kernel: printk: console [ttyS0] disabled
Jul 12 13:08:53 openeuler-riscv64 kernel: 10000000.serial: ttyS0 at MMIO 0x10000000 (irq = 6, base_baud = 230400) is a 16550A
Jul 12 13:08:53 openeuler-riscv64 kernel: printk: console [ttyS0] enabled
Jul 12 13:08:53 openeuler-riscv64 kernel: printk: bootconsole [ns16550a0] disabled
Jul 12 13:08:53 openeuler-riscv64 kernel: loop: module loaded
Jul 12 13:08:53 openeuler-riscv64 kernel: virtio_blk virtio1: 1/0/0 default/read/poll queues
Jul 12 13:08:53 openeuler-riscv64 kernel: virtio_blk virtio1: [vda] 41943040 512-byte logical blocks (21.5 GB/20.0 GiB)
Jul 12 13:08:53 openeuler-riscv64 kernel:  vda: vda1 vda2
Jul 12 13:08:53 openeuler-riscv64 kernel: virtio_blk virtio2: 4/0/0 default/read/poll queues
Jul 12 13:08:53 openeuler-riscv64 kernel: virtio_blk virtio2: [vdb] 1024000 512-byte logical blocks (524 MB/500 MiB)
Jul 12 13:08:53 openeuler-riscv64 kernel: virtio_blk virtio3: 4/0/0 default/read/poll queues
Jul 12 13:08:53 openeuler-riscv64 kernel: virtio_blk virtio3: [vdc] 1024000 512-byte logical blocks (524 MB/500 MiB)
Jul 12 13:08:53 openeuler-riscv64 kernel: virtio_blk virtio4: 4/0/0 default/read/poll queues
Jul 12 13:08:53 openeuler-riscv64 kernel: virtio_blk virtio4: [vdd] 1024000 512-byte logical blocks (524 MB/500 MiB)
Jul 12 13:08:53 openeuler-riscv64 kernel: e1000e: Intel(R) PRO/1000 Network Driver
Jul 12 13:08:53 openeuler-riscv64 kernel: e1000e: Copyright(c) 1999 - 2015 Intel Corporation.
Jul 12 13:08:53 openeuler-riscv64 kernel: xhci_hcd 0000:00:01.0: xHCI Host Controller
Jul 12 13:08:53 openeuler-riscv64 kernel: xhci_hcd 0000:00:01.0: new USB bus registered, assigned bus number 1
Jul 12 13:08:53 openeuler-riscv64 kernel: xhci_hcd 0000:00:01.0: hcc params 0x00087001 hci version 0x100 quirks 0x0000000000000010
Jul 12 13:08:53 openeuler-riscv64 kernel: xhci_hcd 0000:00:01.0: xHCI Host Controller
Jul 12 13:08:53 openeuler-riscv64 kernel: xhci_hcd 0000:00:01.0: new USB bus registered, assigned bus number 2
Jul 12 13:08:53 openeuler-riscv64 kernel: xhci_hcd 0000:00:01.0: Host supports USB 3.0 SuperSpeed
Jul 12 13:08:53 openeuler-riscv64 kernel: hub 1-0:1.0: USB hub found
Jul 12 13:08:53 openeuler-riscv64 kernel: hub 1-0:1.0: 4 ports detected
Jul 12 13:08:53 openeuler-riscv64 kernel: usb usb2: We don't know the algorithms for LPM for this host, disabling LPM.
Jul 12 13:08:53 openeuler-riscv64 kernel: hub 2-0:1.0: USB hub found
Jul 12 13:08:53 openeuler-riscv64 kernel: hub 2-0:1.0: 4 ports detected
Jul 12 13:08:53 openeuler-riscv64 kernel: usbcore: registered new interface driver uas
Jul 12 13:08:53 openeuler-riscv64 kernel: usbcore: registered new interface driver usb-storage
Jul 12 13:08:53 openeuler-riscv64 kernel: mousedev: PS/2 mouse device common for all mice
Jul 12 13:08:53 openeuler-riscv64 kernel: goldfish_rtc 101000.rtc: registered as rtc0
Jul 12 13:08:53 openeuler-riscv64 kernel: goldfish_rtc 101000.rtc: setting system clock to 2023-07-12T05:08:49 UTC (1689138529)
Jul 12 13:08:53 openeuler-riscv64 kernel: syscon-poweroff poweroff: pm_power_off already claimed for sbi_srst_power_off
Jul 12 13:08:54 openeuler-riscv64 kernel: syscon-poweroff: probe of poweroff failed with error -16
Jul 12 13:08:54 openeuler-riscv64 kernel: sdhci: Secure Digital Host Controller Interface driver
Jul 12 13:08:54 openeuler-riscv64 kernel: sdhci: Copyright(c) Pierre Ossman
Jul 12 13:08:54 openeuler-riscv64 kernel: sdhci-pltfm: SDHCI platform and OF driver helper
Jul 12 13:08:54 openeuler-riscv64 kernel: usbcore: registered new interface driver usbhid
Jul 12 13:08:54 openeuler-riscv64 kernel: usbhid: USB HID core driver
Jul 12 13:08:54 openeuler-riscv64 kernel: riscv-pmu-sbi: SBI PMU extension is available
Jul 12 13:08:54 openeuler-riscv64 kernel: riscv-pmu-sbi: 16 firmware and 18 hardware counters
Jul 12 13:08:54 openeuler-riscv64 kernel: riscv-pmu-sbi: Perf sampling/filtering is not supported as sscof extension is not available
Jul 12 13:08:54 openeuler-riscv64 kernel: NET: Registered PF_INET6 protocol family
Jul 12 13:08:54 openeuler-riscv64 kernel: Segment Routing with IPv6
Jul 12 13:08:54 openeuler-riscv64 kernel: In-situ OAM (IOAM) with IPv6
Jul 12 13:08:54 openeuler-riscv64 kernel: sit: IPv6, IPv4 and MPLS over IPv4 tunneling driver
Jul 12 13:08:54 openeuler-riscv64 kernel: NET: Registered PF_PACKET protocol family
Jul 12 13:08:54 openeuler-riscv64 kernel: 9pnet: Installing 9P2000 support
Jul 12 13:08:54 openeuler-riscv64 kernel: Key type dns_resolver registered
Jul 12 13:08:54 openeuler-riscv64 kernel: start plist test
Jul 12 13:08:54 openeuler-riscv64 kernel: end plist test
Jul 12 13:08:54 openeuler-riscv64 kernel: debug_vm_pgtable: [debug_vm_pgtable         ]: Validating architecture page table helpers
Jul 12 13:08:54 openeuler-riscv64 kernel: EXT4-fs (vda2): mounted filesystem with ordered data mode. Quota mode: disabled.
Jul 12 13:08:54 openeuler-riscv64 kernel: VFS: Mounted root (ext4 filesystem) on device 254:2.
Jul 12 13:08:54 openeuler-riscv64 kernel: devtmpfs: mounted
Jul 12 13:08:54 openeuler-riscv64 kernel: Freeing unused kernel image (initmem) memory: 2248K
Jul 12 13:08:54 openeuler-riscv64 kernel: Run /sbin/init as init process
Jul 12 13:08:54 openeuler-riscv64 kernel:   with arguments:
Jul 12 13:08:54 openeuler-riscv64 kernel:     /sbin/init
Jul 12 13:08:54 openeuler-riscv64 kernel:   with environment:
Jul 12 13:08:54 openeuler-riscv64 kernel:     HOME=/
Jul 12 13:08:54 openeuler-riscv64 kernel:     TERM=linux
Jul 12 13:08:54 openeuler-riscv64 kernel:     selinux=0
Jul 12 13:08:54 openeuler-riscv64 kernel: usb 1-1: new high-speed USB device number 2 using xhci_hcd
Jul 12 13:08:54 openeuler-riscv64 kernel: input: QEMU QEMU USB Keyboard as /devices/platform/soc/30000000.pci/pci0000:00/0000:00:01.0/usb1/1-1/1-1:1.0/0003:0627:0001.0001/input/input0
Jul 12 13:08:54 openeuler-riscv64 kernel: hid-generic 0003:0627:0001.0001: input: USB HID v1.11 Keyboard [QEMU QEMU USB Keyboard] on usb-0000:00:01.0-1/input0
Jul 12 13:08:54 openeuler-riscv64 kernel: usb 1-2: new high-speed USB device number 3 using xhci_hcd
Jul 12 13:08:54 openeuler-riscv64 systemd[1]: systemd v249-49.oe2303 running in system mode (+PAM +AUDIT +SELINUX -APPARMOR +IMA -SMACK +SECCOMP +GCRYPT +GNUTLS -OPENSSL +ACL +BLKID -CURL -ELFUTILS -FIDO2 +IDN2 -IDN -IPTC +KMOD -LIBCRYPTSETUP +LIBFDISK +PCRE2 -PWQUALITY +P11KIT -QRENCODE +BZIP2 +LZ4 +XZ +ZLIB -ZSTD +XKBCOMMON +UTMP +SYSVINIT default-hierarchy=legacy)
Jul 12 13:08:54 openeuler-riscv64 systemd[1]: Detected architecture riscv64.
Jul 12 13:08:54 openeuler-riscv64 kernel: input: QEMU QEMU USB Tablet as /devices/platform/soc/30000000.pci/pci0000:00/0000:00:01.0/usb1/1-2/1-2:1.0/0003:0627:0001.0002/input/input1
Jul 12 13:08:54 openeuler-riscv64 kernel: hid-generic 0003:0627:0001.0002: input: USB HID v0.01 Mouse [QEMU QEMU USB Tablet] on usb-0000:00:01.0-2/input0
Jul 12 13:08:54 openeuler-riscv64 systemd[1]: Hostname set to <openeuler-riscv64>.
Jul 12 13:08:54 openeuler-riscv64 kernel: usb 1-3: new full-speed USB device number 4 using xhci_hcd
Jul 12 13:08:54 openeuler-riscv64 systemd-rc-local-generator[173]: /etc/rc.d/rc.local is not marked executable, skipping.
Jul 12 13:08:54 openeuler-riscv64 systemd[1]: /usr/lib/systemd/system/dbus.socket:5: ListenStream= references a path below legacy directory /var/run/, updating /var/run/dbus/system_bus_socket → /run/dbus/system_bus_socket; please update the unit file accordingly.
Jul 12 13:08:54 openeuler-riscv64 systemd[1]: Queued start job for default target Graphical Interface.
Jul 12 13:08:54 openeuler-riscv64 systemd[1]: Created slice Slice /system/getty.
Jul 12 13:08:54 openeuler-riscv64 systemd[1]: Created slice Slice /system/modprobe.
Jul 12 13:08:54 openeuler-riscv64 systemd[1]: Created slice Slice /system/serial-getty.
Jul 12 13:08:54 openeuler-riscv64 systemd[1]: Created slice Slice /system/sshd-keygen.
Jul 12 13:08:54 openeuler-riscv64 systemd[1]: Created slice Slice /system/systemd-fsck.
Jul 12 13:08:54 openeuler-riscv64 systemd[1]: Created slice User and Session Slice.
Jul 12 13:08:54 openeuler-riscv64 systemd[1]: Started Dispatch Password Requests to Console Directory Watch.
Jul 12 13:08:54 openeuler-riscv64 systemd[1]: Started Forward Password Requests to Wall Directory Watch.
Jul 12 13:08:54 openeuler-riscv64 systemd[1]: Set up automount Arbitrary Executable File Formats File System Automount Point.
Jul 12 13:08:54 openeuler-riscv64 systemd[1]: Reached target Path Units.
Jul 12 13:08:54 openeuler-riscv64 systemd[1]: Reached target Remote File Systems.
Jul 12 13:08:54 openeuler-riscv64 systemd[1]: Reached target Slice Units.
Jul 12 13:08:54 openeuler-riscv64 systemd[1]: Reached target Swaps.
Jul 12 13:08:54 openeuler-riscv64 systemd[1]: Listening on Device-mapper event daemon FIFOs.
Jul 12 13:08:54 openeuler-riscv64 systemd[1]: Listening on LVM2 poll daemon socket.
Jul 12 13:08:54 openeuler-riscv64 systemd[1]: Listening on Process Core Dump Socket.
Jul 12 13:08:54 openeuler-riscv64 systemd[1]: Listening on initctl Compatibility Named Pipe.
Jul 12 13:08:54 openeuler-riscv64 systemd[1]: Listening on Journal Socket (/dev/log).
Jul 12 13:08:54 openeuler-riscv64 systemd[1]: Listening on Journal Socket.
Jul 12 13:08:54 openeuler-riscv64 systemd[1]: Listening on udev Control Socket.
Jul 12 13:08:54 openeuler-riscv64 systemd[1]: Listening on udev Kernel Socket.
Jul 12 13:08:54 openeuler-riscv64 systemd[1]: Mounting Huge Pages File System...
Jul 12 13:08:54 openeuler-riscv64 systemd[1]: Mounting POSIX Message Queue File System...
Jul 12 13:08:54 openeuler-riscv64 systemd[1]: Mounting Kernel Debug File System...
Jul 12 13:08:54 openeuler-riscv64 systemd[1]: Mounting Kernel Trace File System...
Jul 12 13:08:54 openeuler-riscv64 systemd[1]: Mounting Temporary Directory /tmp...
Jul 12 13:08:54 openeuler-riscv64 systemd[1]: Starting Create List of Static Device Nodes...
Jul 12 13:08:54 openeuler-riscv64 systemd[1]: Starting Monitoring of LVM2 mirrors, snapshots etc. using dmeventd or progress polling...
Jul 12 13:08:54 openeuler-riscv64 systemd[1]: Starting Load Kernel Module configfs...
Jul 12 13:08:54 openeuler-riscv64 systemd[1]: Starting Load Kernel Module drm...
Jul 12 13:08:54 openeuler-riscv64 systemd[1]: Starting Load Kernel Module fuse...
Jul 12 13:08:54 openeuler-riscv64 systemd[1]: Condition check resulted in Set Up Additional Binary Formats being skipped.
Jul 12 13:08:54 openeuler-riscv64 systemd[1]: Condition check resulted in File System Check on Root Device being skipped.
Jul 12 13:08:54 openeuler-riscv64 systemd[1]: systemd-journald.service: unit configures an IP firewall, but the local system does not support BPF/cgroup firewalling.
Jul 12 13:08:54 openeuler-riscv64 systemd[1]: (This warning is only shown for the first unit using IP firewalling.)
Jul 12 13:08:54 openeuler-riscv64 systemd[1]: Starting Journal Service...
Jul 12 13:08:54 openeuler-riscv64 systemd[1]: Condition check resulted in Load Kernel Modules being skipped.
Jul 12 13:08:54 openeuler-riscv64 systemd[1]: Starting Remount Root and Kernel File Systems...
Jul 12 13:08:54 openeuler-riscv64 systemd[1]: Starting Apply Kernel Variables...
Jul 12 13:08:54 openeuler-riscv64 systemd[1]: Starting Coldplug All udev Devices...
Jul 12 13:08:54 openeuler-riscv64 systemd[1]: Mounted Huge Pages File System.
Jul 12 13:08:54 openeuler-riscv64 systemd[1]: Mounted POSIX Message Queue File System.
Jul 12 13:08:54 openeuler-riscv64 systemd[1]: Mounted Kernel Debug File System.
Jul 12 13:08:54 openeuler-riscv64 systemd[1]: Mounted Kernel Trace File System.
Jul 12 13:08:54 openeuler-riscv64 systemd[1]: Mounted Temporary Directory /tmp.
Jul 12 13:08:54 openeuler-riscv64 systemd[1]: Finished Create List of Static Device Nodes.
Jul 12 13:08:54 openeuler-riscv64 systemd[1]: modprobe@configfs.service: Deactivated successfully.
Jul 12 13:08:54 openeuler-riscv64 systemd[1]: Finished Load Kernel Module configfs.
Jul 12 13:08:54 openeuler-riscv64 systemd[1]: modprobe@drm.service: Deactivated successfully.
Jul 12 13:08:54 openeuler-riscv64 systemd[1]: Finished Load Kernel Module drm.
Jul 12 13:08:54 openeuler-riscv64 systemd[1]: modprobe@fuse.service: Deactivated successfully.
Jul 12 13:08:54 openeuler-riscv64 systemd[1]: Finished Load Kernel Module fuse.
Jul 12 13:08:54 openeuler-riscv64 systemd[1]: Condition check resulted in FUSE Control File System being skipped.
Jul 12 13:08:54 openeuler-riscv64 systemd[1]: Condition check resulted in Kernel Configuration File System being skipped.
Jul 12 13:08:54 openeuler-riscv64 systemd[1]: Finished Apply Kernel Variables.
Jul 12 13:08:54 openeuler-riscv64 systemd[1]: Finished Monitoring of LVM2 mirrors, snapshots etc. using dmeventd or progress polling.
Jul 12 13:08:54 openeuler-riscv64 kernel: EXT4-fs (vda2): re-mounted. Quota mode: disabled.
Jul 12 13:08:54 openeuler-riscv64 systemd[1]: Finished Remount Root and Kernel File Systems.
Jul 12 13:08:54 openeuler-riscv64 systemd[1]: Condition check resulted in Rebuild Hardware Database being skipped.
Jul 12 13:08:54 openeuler-riscv64 systemd[1]: Starting Load/Save Random Seed...
Jul 12 13:08:54 openeuler-riscv64 systemd[1]: Condition check resulted in Create System Users being skipped.
Jul 12 13:08:54 openeuler-riscv64 systemd[1]: Starting Create Static Device Nodes in /dev...
Jul 12 13:08:54 openeuler-riscv64 systemd-journald[195]: Journal started
░░ Subject: The journal has been started
░░ Defined-By: systemd
░░ Support: https://lists.freedesktop.org/mailman/listinfo/systemd-devel
░░ 
░░ The system journal process has started up, opened the journal
░░ files for writing and is now ready to process requests.
Jul 12 13:08:54 openeuler-riscv64 systemd-journald[195]: Runtime Journal (/run/log/journal/7102c13a6be44f418d1f09210bcfbfd9) is 8.0M, max 78.7M, 70.7M free.
░░ Subject: Disk space used by the journal
░░ Defined-By: systemd
░░ Support: https://lists.freedesktop.org/mailman/listinfo/systemd-devel
░░ 
░░ Runtime Journal (/run/log/journal/7102c13a6be44f418d1f09210bcfbfd9) is currently using 8.0M.
░░ Maximum allowed usage is set to 78.7M.
░░ Leaving at least 39.3M free (of currently available 779.3M of disk space).
░░ Enforced usage limit is thus 78.7M, of which 70.7M are still available.
░░ 
░░ The limits controlling how much disk space is used by the journal may
░░ be configured with SystemMaxUse=, SystemKeepFree=, SystemMaxFileSize=,
░░ RuntimeMaxUse=, RuntimeKeepFree=, RuntimeMaxFileSize= settings in
░░ /etc/systemd/journald.conf. See journald.conf(5) for details.
Jul 12 13:08:53 openeuler-riscv64 systemd-sysctl[199]: Couldn't write '0' to 'kernel/yama/ptrace_scope', ignoring: No such file or directory
Jul 12 13:08:54 openeuler-riscv64 systemd[1]: Started Journal Service.
Jul 12 13:08:54 openeuler-riscv64 systemd-tmpfiles[214]: /usr/lib/tmpfiles.d/dbus.conf:13: Line references path below legacy directory /var/run/, updating /var/run/dbus/containers → /run/dbus/containers; please update the tmpfiles.d/ drop-in file accordingly.
Jul 12 13:08:54 openeuler-riscv64 systemd[1]: Starting Flush Journal to Persistent Storage...
░░ Subject: A start job for unit systemd-journal-flush.service has begun execution
░░ Defined-By: systemd
░░ Support: https://lists.freedesktop.org/mailman/listinfo/systemd-devel
░░ 
░░ A start job for unit systemd-journal-flush.service has begun execution.
░░ 
░░ The job identifier is 51.
Jul 12 13:08:54 openeuler-riscv64 systemd[1]: Finished Load/Save Random Seed.
░░ Subject: A start job for unit systemd-random-seed.service has finished successfully
░░ Defined-By: systemd
░░ Support: https://lists.freedesktop.org/mailman/listinfo/systemd-devel
░░ 
░░ A start job for unit systemd-random-seed.service has finished successfully.
░░ 
░░ The job identifier is 49.
Jul 12 13:08:54 openeuler-riscv64 systemd[1]: Condition check resulted in First Boot Complete being skipped.
░░ Subject: A start job for unit first-boot-complete.target has finished successfully
░░ Defined-By: systemd
░░ Support: https://lists.freedesktop.org/mailman/listinfo/systemd-devel
░░ 
░░ A start job for unit first-boot-complete.target has finished successfully.
░░ 
░░ The job identifier is 50.
Jul 12 13:08:54 openeuler-riscv64 systemd[1]: Finished Create Static Device Nodes in /dev.
░░ Subject: A start job for unit systemd-tmpfiles-setup-dev.service has finished successfully
░░ Defined-By: systemd
░░ Support: https://lists.freedesktop.org/mailman/listinfo/systemd-devel
░░ 
░░ A start job for unit systemd-tmpfiles-setup-dev.service has finished successfully.
░░ 
░░ The job identifier is 12.
Jul 12 13:08:54 openeuler-riscv64 systemd[1]: Reached target Preparation for Local File Systems.
░░ Subject: A start job for unit local-fs-pre.target has finished successfully
░░ Defined-By: systemd
░░ Support: https://lists.freedesktop.org/mailman/listinfo/systemd-devel
░░ 
░░ A start job for unit local-fs-pre.target has finished successfully.
░░ 
░░ The job identifier is 30.
Jul 12 13:08:54 openeuler-riscv64 systemd-journald[195]: Time spent on flushing to /var/log/journal/7102c13a6be44f418d1f09210bcfbfd9 is 226.538ms for 330 entries.
Jul 12 13:08:54 openeuler-riscv64 systemd-journald[195]: System Journal (/var/log/journal/7102c13a6be44f418d1f09210bcfbfd9) is 16.0M, max 1.9G, 1.8G free.
░░ Subject: Disk space used by the journal
░░ Defined-By: systemd
░░ Support: https://lists.freedesktop.org/mailman/listinfo/systemd-devel
░░ 
░░ System Journal (/var/log/journal/7102c13a6be44f418d1f09210bcfbfd9) is currently using 16.0M.
░░ Maximum allowed usage is set to 1.9G.
░░ Leaving at least 974.0M free (of currently available 14.6G of disk space).
░░ Enforced usage limit is thus 1.9G, of which 1.8G are still available.
░░ 
░░ The limits controlling how much disk space is used by the journal may
░░ be configured with SystemMaxUse=, SystemKeepFree=, SystemMaxFileSize=,
░░ RuntimeMaxUse=, RuntimeKeepFree=, RuntimeMaxFileSize= settings in
░░ /etc/systemd/journald.conf. See journald.conf(5) for details.
Jul 12 13:08:54 openeuler-riscv64 systemd[1]: Starting Rule-based Manager for Device Events and Files...
░░ Subject: A start job for unit systemd-udevd.service has begun execution
░░ Defined-By: systemd
░░ Support: https://lists.freedesktop.org/mailman/listinfo/systemd-devel
░░ 
░░ A start job for unit systemd-udevd.service has begun execution.
░░ 
░░ The job identifier is 19.
Jul 12 13:08:54 openeuler-riscv64 systemd[1]: Finished Flush Journal to Persistent Storage.
░░ Subject: A start job for unit systemd-journal-flush.service has finished successfully
░░ Defined-By: systemd
░░ Support: https://lists.freedesktop.org/mailman/listinfo/systemd-devel
░░ 
░░ A start job for unit systemd-journal-flush.service has finished successfully.
░░ 
░░ The job identifier is 51.
Jul 12 13:08:54 openeuler-riscv64 systemd[1]: Started Rule-based Manager for Device Events and Files.
░░ Subject: A start job for unit systemd-udevd.service has finished successfully
░░ Defined-By: systemd
░░ Support: https://lists.freedesktop.org/mailman/listinfo/systemd-devel
░░ 
░░ A start job for unit systemd-udevd.service has finished successfully.
░░ 
░░ The job identifier is 19.
Jul 12 13:08:57 openeuler-riscv64 systemd[1]: Found device /dev/ttyS0.
░░ Subject: A start job for unit dev-ttyS0.device has finished successfully
░░ Defined-By: systemd
░░ Support: https://lists.freedesktop.org/mailman/listinfo/systemd-devel
░░ 
░░ A start job for unit dev-ttyS0.device has finished successfully.
░░ 
░░ The job identifier is 83.
